<?xml version="1.0" encoding="ISO-8859-1" ?>
<link_info>
   <banner>TI ARM Clang Linker Unix v2.1.3.LTS</banner>
   <copyright>Copyright (c) 1996-2018 Texas Instruments Incorporated</copyright>
   <link_time>0x6563375f</link_time>
   <link_errors>0x0</link_errors>
   <output_file>gpiointerrupt_CC3220S_LAUNCHXL_nortos_ticlang.out</output_file>
   <entry_point>
      <name>resetISR</name>
      <address>0x2000ee55</address>
   </entry_point>
   <input_file_list>
      <input_file id="fl-1">
         <path>./</path>
         <kind>object</kind>
         <file>gpiointerrupt.o</file>
         <name>gpiointerrupt.o</name>
      </input_file>
      <input_file id="fl-2">
         <path>./syscfg/</path>
         <kind>object</kind>
         <file>ti_drivers_config.o</file>
         <name>ti_drivers_config.o</name>
      </input_file>
      <input_file id="fl-3">
         <path>./</path>
         <kind>object</kind>
         <file>main_nortos.o</file>
         <name>main_nortos.o</name>
      </input_file>
      <input_file id="fl-13">
         <kind>object</kind>
         <file>&lt;internal&gt;</file>
         <name>&lt;internal&gt;</name>
      </input_file>
      <input_file id="fl-14">
         <path>/home/crono/ti/simplelink_cc32xx_sdk_7_10_00_13/source/ti/drivers/lib/ticlang/m4/</path>
         <kind>archive</kind>
         <file>drivers_cc32xx.a</file>
         <name>GPIO.c.obj</name>
      </input_file>
      <input_file id="fl-15">
         <path>/home/crono/ti/simplelink_cc32xx_sdk_7_10_00_13/source/ti/drivers/lib/ticlang/m4/</path>
         <kind>archive</kind>
         <file>drivers_cc32xx.a</file>
         <name>GPIOCC32XX.c.obj</name>
      </input_file>
      <input_file id="fl-16">
         <path>/home/crono/ti/simplelink_cc32xx_sdk_7_10_00_13/source/ti/drivers/lib/ticlang/m4/</path>
         <kind>archive</kind>
         <file>drivers_cc32xx.a</file>
         <name>PowerCC32XX.c.obj</name>
      </input_file>
      <input_file id="fl-17">
         <path>/home/crono/ti/simplelink_cc32xx_sdk_7_10_00_13/source/ti/drivers/lib/ticlang/m4/</path>
         <kind>archive</kind>
         <file>drivers_cc32xx.a</file>
         <name>PowerCC32XX_ticlang.asm.obj</name>
      </input_file>
      <input_file id="fl-18">
         <path>/home/crono/ti/simplelink_cc32xx_sdk_7_10_00_13/source/ti/drivers/lib/ticlang/m4/</path>
         <kind>archive</kind>
         <file>drivers_cc32xx.a</file>
         <name>Timer.c.obj</name>
      </input_file>
      <input_file id="fl-19">
         <path>/home/crono/ti/simplelink_cc32xx_sdk_7_10_00_13/source/ti/drivers/lib/ticlang/m4/</path>
         <kind>archive</kind>
         <file>drivers_cc32xx.a</file>
         <name>TimerCC32XX.c.obj</name>
      </input_file>
      <input_file id="fl-1a">
         <path>/home/crono/ti/simplelink_cc32xx_sdk_7_10_00_13/source/ti/drivers/lib/ticlang/m4/</path>
         <kind>archive</kind>
         <file>drivers_cc32xx.a</file>
         <name>List.c.obj</name>
      </input_file>
      <input_file id="fl-1b">
         <path>/home/crono/ti/simplelink_cc32xx_sdk_7_10_00_13/kernel/nortos/lib/ticlang/m4/</path>
         <kind>archive</kind>
         <file>nortos_cc32xx.a</file>
         <name>NoRTOS.c.obj</name>
      </input_file>
      <input_file id="fl-1c">
         <path>/home/crono/ti/simplelink_cc32xx_sdk_7_10_00_13/kernel/nortos/lib/ticlang/m4/</path>
         <kind>archive</kind>
         <file>nortos_cc32xx.a</file>
         <name>SemaphoreP_nortos.c.obj</name>
      </input_file>
      <input_file id="fl-1d">
         <path>/home/crono/ti/simplelink_cc32xx_sdk_7_10_00_13/kernel/nortos/lib/ticlang/m4/</path>
         <kind>archive</kind>
         <file>nortos_cc32xx.a</file>
         <name>ClockPSysTick_nortos.c.obj</name>
      </input_file>
      <input_file id="fl-1e">
         <path>/home/crono/ti/simplelink_cc32xx_sdk_7_10_00_13/kernel/nortos/lib/ticlang/m4/</path>
         <kind>archive</kind>
         <file>nortos_cc32xx.a</file>
         <name>HwiPCC32XX_nortos.c.obj</name>
      </input_file>
      <input_file id="fl-1f">
         <path>/home/crono/ti/simplelink_cc32xx_sdk_7_10_00_13/kernel/nortos/lib/ticlang/m4/</path>
         <kind>archive</kind>
         <file>nortos_cc32xx.a</file>
         <name>PowerCC32XX_nortos.c.obj</name>
      </input_file>
      <input_file id="fl-20">
         <path>/home/crono/ti/simplelink_cc32xx_sdk_7_10_00_13/kernel/nortos/lib/ticlang/m4/</path>
         <kind>archive</kind>
         <file>nortos_cc32xx.a</file>
         <name>startup_cc32xx_ticlang.c.obj</name>
      </input_file>
      <input_file id="fl-21">
         <path>/home/crono/ti/simplelink_cc32xx_sdk_7_10_00_13/kernel/nortos/lib/ticlang/m4/</path>
         <kind>archive</kind>
         <file>nortos_cc32xx.a</file>
         <name>SwiP_nortos.c.obj</name>
      </input_file>
      <input_file id="fl-22">
         <path>/home/crono/ti/simplelink_cc32xx_sdk_7_10_00_13/source/ti/devices/cc32xx/driverlib/ticlang/Release/</path>
         <kind>archive</kind>
         <file>driverlib.a</file>
         <name>cpu.obj</name>
      </input_file>
      <input_file id="fl-23">
         <path>/home/crono/ti/simplelink_cc32xx_sdk_7_10_00_13/source/ti/devices/cc32xx/driverlib/ticlang/Release/</path>
         <kind>archive</kind>
         <file>driverlib.a</file>
         <name>gpio.obj</name>
      </input_file>
      <input_file id="fl-24">
         <path>/home/crono/ti/simplelink_cc32xx_sdk_7_10_00_13/source/ti/devices/cc32xx/driverlib/ticlang/Release/</path>
         <kind>archive</kind>
         <file>driverlib.a</file>
         <name>hwspinlock.obj</name>
      </input_file>
      <input_file id="fl-25">
         <path>/home/crono/ti/simplelink_cc32xx_sdk_7_10_00_13/source/ti/devices/cc32xx/driverlib/ticlang/Release/</path>
         <kind>archive</kind>
         <file>driverlib.a</file>
         <name>interrupt.obj</name>
      </input_file>
      <input_file id="fl-26">
         <path>/home/crono/ti/simplelink_cc32xx_sdk_7_10_00_13/source/ti/devices/cc32xx/driverlib/ticlang/Release/</path>
         <kind>archive</kind>
         <file>driverlib.a</file>
         <name>pin.obj</name>
      </input_file>
      <input_file id="fl-27">
         <path>/home/crono/ti/simplelink_cc32xx_sdk_7_10_00_13/source/ti/devices/cc32xx/driverlib/ticlang/Release/</path>
         <kind>archive</kind>
         <file>driverlib.a</file>
         <name>prcm.obj</name>
      </input_file>
      <input_file id="fl-28">
         <path>/home/crono/ti/simplelink_cc32xx_sdk_7_10_00_13/source/ti/devices/cc32xx/driverlib/ticlang/Release/</path>
         <kind>archive</kind>
         <file>driverlib.a</file>
         <name>spi.obj</name>
      </input_file>
      <input_file id="fl-29">
         <path>/home/crono/ti/simplelink_cc32xx_sdk_7_10_00_13/source/ti/devices/cc32xx/driverlib/ticlang/Release/</path>
         <kind>archive</kind>
         <file>driverlib.a</file>
         <name>systick.obj</name>
      </input_file>
      <input_file id="fl-2a">
         <path>/home/crono/ti/simplelink_cc32xx_sdk_7_10_00_13/source/ti/devices/cc32xx/driverlib/ticlang/Release/</path>
         <kind>archive</kind>
         <file>driverlib.a</file>
         <name>timer.obj</name>
      </input_file>
      <input_file id="fl-2b">
         <path>/home/crono/ti/simplelink_cc32xx_sdk_7_10_00_13/source/ti/devices/cc32xx/driverlib/ticlang/Release/</path>
         <kind>archive</kind>
         <file>driverlib.a</file>
         <name>utils.obj</name>
      </input_file>
      <input_file id="fl-2c">
         <path>/home/crono/ti/simplelink_cc32xx_sdk_7_10_00_13/source/ti/devices/cc32xx/driverlib/ticlang/Release/</path>
         <kind>archive</kind>
         <file>driverlib.a</file>
         <name>flash.obj</name>
      </input_file>
      <input_file id="fl-38">
         <path>/opt/ccstudio/ccs/tools/compiler/ti-cgt-armllvm_2.1.3.LTS/lib/armv7em-ti-none-eabi/c/</path>
         <kind>archive</kind>
         <file>libc.a</file>
         <name>memory.c.obj</name>
      </input_file>
      <input_file id="fl-39">
         <path>/opt/ccstudio/ccs/tools/compiler/ti-cgt-armllvm_2.1.3.LTS/lib/armv7em-ti-none-eabi/c/</path>
         <kind>archive</kind>
         <file>libc.a</file>
         <name>copy_zero_init.c.obj</name>
      </input_file>
      <input_file id="fl-3a">
         <path>/opt/ccstudio/ccs/tools/compiler/ti-cgt-armllvm_2.1.3.LTS/lib/armv7em-ti-none-eabi/c/</path>
         <kind>archive</kind>
         <file>libc.a</file>
         <name>copy_decompress_none.c.obj</name>
      </input_file>
      <input_file id="fl-3b">
         <path>/opt/ccstudio/ccs/tools/compiler/ti-cgt-armllvm_2.1.3.LTS/lib/armv7em-ti-none-eabi/c/</path>
         <kind>archive</kind>
         <file>libc.a</file>
         <name>copy_decompress_lzss.c.obj</name>
      </input_file>
      <input_file id="fl-3c">
         <path>/opt/ccstudio/ccs/tools/compiler/ti-cgt-armllvm_2.1.3.LTS/lib/armv7em-ti-none-eabi/c/</path>
         <kind>archive</kind>
         <file>libc.a</file>
         <name>boot_cortex_m.c.obj</name>
      </input_file>
      <input_file id="fl-3d">
         <path>/opt/ccstudio/ccs/tools/compiler/ti-cgt-armllvm_2.1.3.LTS/lib/armv7em-ti-none-eabi/c/</path>
         <kind>archive</kind>
         <file>libc.a</file>
         <name>mathacl_init.c.obj</name>
      </input_file>
      <input_file id="fl-3e">
         <path>/opt/ccstudio/ccs/tools/compiler/ti-cgt-armllvm_2.1.3.LTS/lib/armv7em-ti-none-eabi/c/</path>
         <kind>archive</kind>
         <file>libc.a</file>
         <name>exit.c.obj</name>
      </input_file>
      <input_file id="fl-3f">
         <path>/opt/ccstudio/ccs/tools/compiler/ti-cgt-armllvm_2.1.3.LTS/lib/armv7em-ti-none-eabi/c/</path>
         <kind>archive</kind>
         <file>libc.a</file>
         <name>_lock.c.obj</name>
      </input_file>
      <input_file id="fl-40">
         <path>/opt/ccstudio/ccs/tools/compiler/ti-cgt-armllvm_2.1.3.LTS/lib/armv7em-ti-none-eabi/c/</path>
         <kind>archive</kind>
         <file>libc.a</file>
         <name>args_main.c.obj</name>
      </input_file>
      <input_file id="fl-41">
         <path>/opt/ccstudio/ccs/tools/compiler/ti-cgt-armllvm_2.1.3.LTS/lib/armv7em-ti-none-eabi/c/</path>
         <kind>archive</kind>
         <file>libc.a</file>
         <name>autoinit.c.obj</name>
      </input_file>
      <input_file id="fl-42">
         <path>/opt/ccstudio/ccs/tools/compiler/ti-cgt-armllvm_2.1.3.LTS/lib/armv7em-ti-none-eabi/c/</path>
         <kind>archive</kind>
         <file>libc.a</file>
         <name>pre_init.c.obj</name>
      </input_file>
      <input_file id="fl-43">
         <path>/opt/ccstudio/ccs/tools/compiler/ti-cgt-armllvm_2.1.3.LTS/lib/armv7em-ti-none-eabi/c/</path>
         <kind>archive</kind>
         <file>libc.a</file>
         <name>cpy_tbl.c.obj</name>
      </input_file>
      <input_file id="fl-7c">
         <path>/opt/ccstudio/ccs/tools/compiler/ti-cgt-armllvm_2.1.3.LTS/lib/clang/14.0.6/lib/armv7em-ti-none-eabi/</path>
         <kind>archive</kind>
         <file>libclang_rt.builtins.a</file>
         <name>aeabi_memcpy.S.obj</name>
      </input_file>
      <input_file id="fl-7d">
         <path>/opt/ccstudio/ccs/tools/compiler/ti-cgt-armllvm_2.1.3.LTS/lib/clang/14.0.6/lib/armv7em-ti-none-eabi/</path>
         <kind>archive</kind>
         <file>libclang_rt.builtins.a</file>
         <name>aeabi_memset.S.obj</name>
      </input_file>
      <input_file id="fl-7e">
         <path>/opt/ccstudio/ccs/tools/compiler/ti-cgt-armllvm_2.1.3.LTS/lib/clang/14.0.6/lib/armv7em-ti-none-eabi/</path>
         <kind>archive</kind>
         <file>libclang_rt.builtins.a</file>
         <name>aeabi_uldivmod.S.obj</name>
      </input_file>
      <input_file id="fl-7f">
         <path>/opt/ccstudio/ccs/tools/compiler/ti-cgt-armllvm_2.1.3.LTS/lib/clang/14.0.6/lib/armv7em-ti-none-eabi/</path>
         <kind>archive</kind>
         <file>libclang_rt.builtins.a</file>
         <name>udivmoddi4.S.obj</name>
      </input_file>
      <input_file id="fl-80">
         <path>/opt/ccstudio/ccs/tools/compiler/ti-cgt-armllvm_2.1.3.LTS/lib/clang/14.0.6/lib/armv7em-ti-none-eabi/</path>
         <kind>archive</kind>
         <file>libclang_rt.builtins.a</file>
         <name>aeabi_div0.c.obj</name>
      </input_file>
      <input_file id="fl-81">
         <path>/opt/ccstudio/ccs/tools/compiler/ti-cgt-armllvm_2.1.3.LTS/lib/armv7em-ti-none-eabi/c/</path>
         <kind>archive</kind>
         <file>libc.a</file>
         <name>memcpy_t2.S.obj</name>
      </input_file>
      <input_file id="fl-82">
         <path>/opt/ccstudio/ccs/tools/compiler/ti-cgt-armllvm_2.1.3.LTS/lib/armv7em-ti-none-eabi/c/</path>
         <kind>archive</kind>
         <file>libc.a</file>
         <name>memset_t2.S.obj</name>
      </input_file>
   </input_file_list>
   <object_component_list>
      <object_component id="oc-c8">
         <name>.text.PRCMCC3200MCUInit</name>
         <load_address>0x2000c040</load_address>
         <run_address>0x2000c040</run_address>
         <size>0x4b8</size>
         <input_file_ref idref="fl-27"/>
      </object_component>
      <object_component id="oc-1b7">
         <name>.text.Power_sleep</name>
         <load_address>0x2000c4f8</load_address>
         <run_address>0x2000c4f8</run_address>
         <size>0x3e4</size>
         <input_file_ref idref="fl-16"/>
      </object_component>
      <object_component id="oc-16a">
         <name>.text.PowerCC32XX_sleepPolicy</name>
         <load_address>0x2000c8dc</load_address>
         <run_address>0x2000c8dc</run_address>
         <size>0x150</size>
         <input_file_ref idref="fl-1f"/>
      </object_component>
      <object_component id="oc-13b">
         <name>.text.Timer_open</name>
         <load_address>0x2000ca2c</load_address>
         <run_address>0x2000ca2c</run_address>
         <size>0x148</size>
         <input_file_ref idref="fl-19"/>
      </object_component>
      <object_component id="oc-ea">
         <name>.text.GPIO_setConfig</name>
         <load_address>0x2000cb74</load_address>
         <run_address>0x2000cb74</run_address>
         <size>0x140</size>
         <input_file_ref idref="fl-15"/>
      </object_component>
      <object_component id="oc-ec">
         <name>.text.TickFct_SOS</name>
         <load_address>0x2000ccb4</load_address>
         <run_address>0x2000ccb4</run_address>
         <size>0x13c</size>
         <input_file_ref idref="fl-1"/>
      </object_component>
      <object_component id="oc-1dd">
         <name>.text.aligned_alloc</name>
         <load_address>0x2000cdf0</load_address>
         <run_address>0x2000cdf0</run_address>
         <size>0x120</size>
         <input_file_ref idref="fl-38"/>
      </object_component>
      <object_component id="oc-171">
         <name>.text.free</name>
         <load_address>0x2000cf10</load_address>
         <run_address>0x2000cf10</run_address>
         <size>0xf8</size>
         <input_file_ref idref="fl-38"/>
      </object_component>
      <object_component id="oc-226">
         <name>.text.IntDisable</name>
         <load_address>0x2000d008</load_address>
         <run_address>0x2000d008</run_address>
         <size>0xc8</size>
         <input_file_ref idref="fl-25"/>
      </object_component>
      <object_component id="oc-1e0">
         <name>.text.IntEnable</name>
         <load_address>0x2000d0d0</load_address>
         <run_address>0x2000d0d0</run_address>
         <size>0xc8</size>
         <input_file_ref idref="fl-25"/>
      </object_component>
      <object_component id="oc-1ea">
         <name>.text</name>
         <load_address>0x2000d198</load_address>
         <run_address>0x2000d198</run_address>
         <size>0xb0</size>
         <input_file_ref idref="fl-7f"/>
      </object_component>
      <object_component id="oc-19c">
         <name>.text.GPIOIntTypeSet</name>
         <load_address>0x2000d248</load_address>
         <run_address>0x2000d248</run_address>
         <size>0xac</size>
         <input_file_ref idref="fl-23"/>
      </object_component>
      <object_component id="oc-222">
         <name>.text.IntPendSet</name>
         <load_address>0x2000d2f4</load_address>
         <run_address>0x2000d2f4</run_address>
         <size>0xa4</size>
         <input_file_ref idref="fl-25"/>
      </object_component>
      <object_component id="oc-143">
         <name>.text.PinConfigSet</name>
         <load_address>0x2000d398</load_address>
         <run_address>0x2000d398</run_address>
         <size>0xa2</size>
         <input_file_ref idref="fl-26"/>
      </object_component>
      <object_component id="oc-d8">
         <name>.text.Board_initHook</name>
         <load_address>0x2000d43a</load_address>
         <run_address>0x2000d43a</run_address>
         <size>0x2</size>
         <input_file_ref idref="fl-2"/>
      </object_component>
      <object_component id="oc-11d">
         <name>.text.SemaphoreP_pend</name>
         <load_address>0x2000d43c</load_address>
         <run_address>0x2000d43c</run_address>
         <size>0x98</size>
         <input_file_ref idref="fl-1c"/>
      </object_component>
      <object_component id="oc-202">
         <name>.text.CPUwfi</name>
         <load_address>0x2000d4d4</load_address>
         <run_address>0x2000d4d4</run_address>
         <size>0xc</size>
         <input_file_ref idref="fl-22"/>
      </object_component>
      <object_component id="oc-1f7">
         <name>.text</name>
         <load_address>0x2000d4e0</load_address>
         <run_address>0x2000d4e0</run_address>
         <size>0x96</size>
         <input_file_ref idref="fl-17"/>
      </object_component>
      <object_component id="oc-165">
         <name>.text.PowerCC32XX_initPolicy</name>
         <load_address>0x2000d576</load_address>
         <run_address>0x2000d576</run_address>
         <size>0x2</size>
         <input_file_ref idref="fl-1f"/>
      </object_component>
      <object_component id="oc-d2">
         <name>.text.GPIO_init</name>
         <load_address>0x2000d578</load_address>
         <run_address>0x2000d578</run_address>
         <size>0x90</size>
         <input_file_ref idref="fl-15"/>
      </object_component>
      <object_component id="oc-fc">
         <name>.text.PRCMSysResetCauseGet</name>
         <load_address>0x2000d608</load_address>
         <run_address>0x2000d608</run_address>
         <size>0x8e</size>
         <input_file_ref idref="fl-27"/>
      </object_component>
      <object_component id="oc-1cd">
         <name>.text.SemaphoreP_destruct</name>
         <load_address>0x2000d696</load_address>
         <run_address>0x2000d696</run_address>
         <size>0x2</size>
         <input_file_ref idref="fl-1c"/>
      </object_component>
      <object_component id="oc-10e">
         <name>.text.PowerCC32XX_configureWakeup</name>
         <load_address>0x2000d698</load_address>
         <run_address>0x2000d698</run_address>
         <size>0x88</size>
         <input_file_ref idref="fl-16"/>
      </object_component>
      <object_component id="oc-cd">
         <name>.text.Power_init</name>
         <load_address>0x2000d720</load_address>
         <run_address>0x2000d720</run_address>
         <size>0x78</size>
         <input_file_ref idref="fl-16"/>
      </object_component>
      <object_component id="oc-19b">
         <name>.text.HwiP_construct</name>
         <load_address>0x2000d798</load_address>
         <run_address>0x2000d798</run_address>
         <size>0x74</size>
         <input_file_ref idref="fl-1e"/>
      </object_component>
      <object_component id="oc-162">
         <name>.text.PRCMHibernateWakeUpGPIOSelect</name>
         <load_address>0x2000d80c</load_address>
         <run_address>0x2000d80c</run_address>
         <size>0x74</size>
         <input_file_ref idref="fl-27"/>
      </object_component>
      <object_component id="oc-a6">
         <name>.text.mainThread</name>
         <load_address>0x2000d880</load_address>
         <run_address>0x2000d880</run_address>
         <size>0x70</size>
         <input_file_ref idref="fl-1"/>
      </object_component>
      <object_component id="oc-1f4">
         <name>.text.PinLockLevelSet</name>
         <load_address>0x2000d8f0</load_address>
         <run_address>0x2000d8f0</run_address>
         <size>0x6c</size>
         <input_file_ref idref="fl-26"/>
      </object_component>
      <object_component id="oc-144">
         <name>.text.Power_setDependency</name>
         <load_address>0x2000d95c</load_address>
         <run_address>0x2000d95c</run_address>
         <size>0x6c</size>
         <input_file_ref idref="fl-16"/>
      </object_component>
      <object_component id="oc-124">
         <name>.text.powerNotifyFxn</name>
         <load_address>0x2000d9c8</load_address>
         <run_address>0x2000d9c8</run_address>
         <size>0x6c</size>
         <input_file_ref idref="fl-15"/>
      </object_component>
      <object_component id="oc-20c">
         <name>.text.split</name>
         <load_address>0x2000da34</load_address>
         <run_address>0x2000da34</run_address>
         <size>0x6c</size>
         <input_file_ref idref="fl-38"/>
      </object_component>
      <object_component id="oc-104">
         <name>.text.PRCMPeripheralReset</name>
         <load_address>0x2000daa0</load_address>
         <run_address>0x2000daa0</run_address>
         <size>0x6a</size>
         <input_file_ref idref="fl-27"/>
      </object_component>
      <object_component id="oc-18">
         <name>.text:decompress:lzss</name>
         <load_address>0x2000db0a</load_address>
         <run_address>0x2000db0a</run_address>
         <size>0x6a</size>
         <input_file_ref idref="fl-3b"/>
      </object_component>
      <object_component id="oc-207">
         <name>.text.IntPendClear</name>
         <load_address>0x2000db74</load_address>
         <run_address>0x2000db74</run_address>
         <size>0x68</size>
         <input_file_ref idref="fl-25"/>
      </object_component>
      <object_component id="oc-14d">
         <name>.text.GPIO_write</name>
         <load_address>0x2000dbdc</load_address>
         <run_address>0x2000dbdc</run_address>
         <size>0x60</size>
         <input_file_ref idref="fl-15"/>
      </object_component>
      <object_component id="oc-21d">
         <name>.text.FlashDisable</name>
         <load_address>0x2000dc3c</load_address>
         <run_address>0x2000dc3c</run_address>
         <size>0x5c</size>
         <input_file_ref idref="fl-2c"/>
      </object_component>
      <object_component id="oc-164">
         <name>.text.PRCMHibernateWakeupSourceDisable</name>
         <load_address>0x2000dc98</load_address>
         <run_address>0x2000dc98</run_address>
         <size>0x5c</size>
         <input_file_ref idref="fl-27"/>
      </object_component>
      <object_component id="oc-18b">
         <name>.text.TimerCC32XX_allocateTimerResource</name>
         <load_address>0x2000dcf4</load_address>
         <run_address>0x2000dcf4</run_address>
         <size>0x5c</size>
         <input_file_ref idref="fl-19"/>
      </object_component>
      <object_component id="oc-103">
         <name>.text.PRCMPeripheralClkEnable</name>
         <load_address>0x2000dd50</load_address>
         <run_address>0x2000dd50</run_address>
         <size>0x5a</size>
         <input_file_ref idref="fl-27"/>
      </object_component>
      <object_component id="oc-134">
         <name>.text.Timer_init</name>
         <load_address>0x2000ddaa</load_address>
         <run_address>0x2000ddaa</run_address>
         <size>0x2</size>
         <input_file_ref idref="fl-18"/>
      </object_component>
      <object_component id="oc-1e8">
         <name>.text.ClockP_startup</name>
         <load_address>0x2000ddac</load_address>
         <run_address>0x2000ddac</run_address>
         <size>0x58</size>
         <input_file_ref idref="fl-1d"/>
      </object_component>
      <object_component id="oc-1df">
         <name>.text.IntPrioritySet</name>
         <load_address>0x2000de04</load_address>
         <run_address>0x2000de04</run_address>
         <size>0x58</size>
         <input_file_ref idref="fl-25"/>
      </object_component>
      <object_component id="oc-201">
         <name>.text.PRCMLPDSEnter</name>
         <load_address>0x2000de5c</load_address>
         <run_address>0x2000de5c</run_address>
         <size>0x56</size>
         <input_file_ref idref="fl-27"/>
      </object_component>
      <object_component id="oc-211">
         <name>.text.__aeabi_ldiv0</name>
         <load_address>0x2000deb2</load_address>
         <run_address>0x2000deb2</run_address>
         <size>0x2</size>
         <input_file_ref idref="fl-80"/>
      </object_component>
      <object_component id="oc-184">
         <name>.text.PowerCC32XX_setParkState</name>
         <load_address>0x2000deb4</load_address>
         <run_address>0x2000deb4</run_address>
         <size>0x54</size>
         <input_file_ref idref="fl-16"/>
      </object_component>
      <object_component id="oc-209">
         <name>.text.Power_releaseDependency</name>
         <load_address>0x2000df08</load_address>
         <run_address>0x2000df08</run_address>
         <size>0x54</size>
         <input_file_ref idref="fl-16"/>
      </object_component>
      <object_component id="oc-14c">
         <name>.text.GPIO_hwiIntFxn</name>
         <load_address>0x2000df5c</load_address>
         <run_address>0x2000df5c</run_address>
         <size>0x50</size>
         <input_file_ref idref="fl-15"/>
      </object_component>
      <object_component id="oc-163">
         <name>.text.PRCMHibernateWakeupSourceEnable</name>
         <load_address>0x2000dfac</load_address>
         <run_address>0x2000dfac</run_address>
         <size>0x50</size>
         <input_file_ref idref="fl-27"/>
      </object_component>
      <object_component id="oc-1c0">
         <name>.text.SemaphoreP_construct</name>
         <load_address>0x2000dffc</load_address>
         <run_address>0x2000dffc</run_address>
         <size>0x50</size>
         <input_file_ref idref="fl-1c"/>
      </object_component>
      <object_component id="oc-149">
         <name>.text.GPIO_setInterruptConfig</name>
         <load_address>0x2000e04c</load_address>
         <run_address>0x2000e04c</run_address>
         <size>0x4c</size>
         <input_file_ref idref="fl-15"/>
      </object_component>
      <object_component id="oc-21b">
         <name>.text.PRCMLPDSRestoreInfoSet</name>
         <load_address>0x2000e098</load_address>
         <run_address>0x2000e098</run_address>
         <size>0x4c</size>
         <input_file_ref idref="fl-27"/>
      </object_component>
      <object_component id="oc-190">
         <name>.text.initHw</name>
         <load_address>0x2000e0e4</load_address>
         <run_address>0x2000e0e4</run_address>
         <size>0x4c</size>
         <input_file_ref idref="fl-19"/>
      </object_component>
      <object_component id="oc-18f">
         <name>.text.getPrescaler</name>
         <load_address>0x2000e130</load_address>
         <run_address>0x2000e130</run_address>
         <size>0x4a</size>
         <input_file_ref idref="fl-19"/>
      </object_component>
      <object_component id="oc-150">
         <name>.text._nop</name>
         <load_address>0x2000e17a</load_address>
         <run_address>0x2000e17a</run_address>
         <size>0x2</size>
         <input_file_ref idref="fl-3f"/>
      </object_component>
      <object_component id="oc-4f">
         <name>.text.ClockP_sysTickHandler</name>
         <load_address>0x2000e17c</load_address>
         <run_address>0x2000e17c</run_address>
         <size>0x48</size>
         <input_file_ref idref="fl-1d"/>
      </object_component>
      <object_component id="oc-1fb">
         <name>.text.PRCMIntEnable</name>
         <load_address>0x2000e1c4</load_address>
         <run_address>0x2000e1c4</run_address>
         <size>0x48</size>
         <input_file_ref idref="fl-27"/>
      </object_component>
      <object_component id="oc-199">
         <name>.text.PRCMPeripheralStatusGet</name>
         <load_address>0x2000e20c</load_address>
         <run_address>0x2000e20c</run_address>
         <size>0x48</size>
         <input_file_ref idref="fl-27"/>
      </object_component>
      <object_component id="oc-218">
         <name>.text.PinConfigGet</name>
         <load_address>0x2000e254</load_address>
         <run_address>0x2000e254</run_address>
         <size>0x48</size>
         <input_file_ref idref="fl-26"/>
      </object_component>
      <object_component id="oc-200">
         <name>.text.PRCMLPDSEnterKeepDebugIf</name>
         <load_address>0x2000e29c</load_address>
         <run_address>0x2000e29c</run_address>
         <size>0x46</size>
         <input_file_ref idref="fl-27"/>
      </object_component>
      <object_component id="oc-147">
         <name>.text.GPIODirModeSet</name>
         <load_address>0x2000e2e2</load_address>
         <run_address>0x2000e2e2</run_address>
         <size>0x44</size>
         <input_file_ref idref="fl-23"/>
      </object_component>
      <object_component id="oc-4e">
         <name>.text.busFaultHandler</name>
         <load_address>0x2000e326</load_address>
         <run_address>0x2000e326</run_address>
         <size>0x2</size>
         <input_file_ref idref="fl-20"/>
      </object_component>
      <object_component id="oc-19d">
         <name>.text.GPIO_disableInt</name>
         <load_address>0x2000e328</load_address>
         <run_address>0x2000e328</run_address>
         <size>0x44</size>
         <input_file_ref idref="fl-15"/>
      </object_component>
      <object_component id="oc-e8">
         <name>.text.GPIO_enableInt</name>
         <load_address>0x2000e36c</load_address>
         <run_address>0x2000e36c</run_address>
         <size>0x44</size>
         <input_file_ref idref="fl-15"/>
      </object_component>
      <object_component id="oc-224">
         <name>.text.Power_releaseConstraint</name>
         <load_address>0x2000e3b0</load_address>
         <run_address>0x2000e3b0</run_address>
         <size>0x44</size>
         <input_file_ref idref="fl-16"/>
      </object_component>
      <object_component id="oc-141">
         <name>.text.Timer_start</name>
         <load_address>0x2000e3f4</load_address>
         <run_address>0x2000e3f4</run_address>
         <size>0x44</size>
         <input_file_ref idref="fl-18"/>
      </object_component>
      <object_component id="oc-73">
         <name>.text.addToList</name>
         <load_address>0x2000e438</load_address>
         <run_address>0x2000e438</run_address>
         <size>0x44</size>
         <input_file_ref idref="fl-1d"/>
      </object_component>
      <object_component id="oc-10b">
         <name>.text.PinModeSet</name>
         <load_address>0x2000e47c</load_address>
         <run_address>0x2000e47c</run_address>
         <size>0x42</size>
         <input_file_ref idref="fl-26"/>
      </object_component>
      <object_component id="oc-1d6">
         <name>.text.TimerControlStall</name>
         <load_address>0x2000e4be</load_address>
         <run_address>0x2000e4be</run_address>
         <size>0x42</size>
         <input_file_ref idref="fl-2a"/>
      </object_component>
      <object_component id="oc-18e">
         <name>.text.Timer_close</name>
         <load_address>0x2000e500</load_address>
         <run_address>0x2000e500</run_address>
         <size>0x42</size>
         <input_file_ref idref="fl-19"/>
      </object_component>
      <object_component id="oc-1ac">
         <name>.text.getCountsRTC</name>
         <load_address>0x2000e542</load_address>
         <run_address>0x2000e542</run_address>
         <size>0x42</size>
         <input_file_ref idref="fl-1f"/>
      </object_component>
      <object_component id="oc-11f">
         <name>.text.SemaphoreP_post</name>
         <load_address>0x2000e584</load_address>
         <run_address>0x2000e584</run_address>
         <size>0x40</size>
         <input_file_ref idref="fl-1c"/>
      </object_component>
      <object_component id="oc-1c9">
         <name>.text.Timer_stop</name>
         <load_address>0x2000e5c4</load_address>
         <run_address>0x2000e5c4</run_address>
         <size>0x40</size>
         <input_file_ref idref="fl-18"/>
      </object_component>
      <object_component id="oc-21a">
         <name>.text.PinDirModeSet</name>
         <load_address>0x2000e604</load_address>
         <run_address>0x2000e604</run_address>
         <size>0x3e</size>
         <input_file_ref idref="fl-26"/>
      </object_component>
      <object_component id="oc-178">
         <name>.text.clkFxn</name>
         <load_address>0x2000e642</load_address>
         <run_address>0x2000e642</run_address>
         <size>0x2</size>
         <input_file_ref idref="fl-1c"/>
      </object_component>
      <object_component id="oc-1c4">
         <name>.text.ClockP_stop</name>
         <load_address>0x2000e644</load_address>
         <run_address>0x2000e644</run_address>
         <size>0x3c</size>
         <input_file_ref idref="fl-1d"/>
      </object_component>
      <object_component id="oc-e9">
         <name>.text.initTimer</name>
         <load_address>0x2000e680</load_address>
         <run_address>0x2000e680</run_address>
         <size>0x3c</size>
         <input_file_ref idref="fl-1"/>
      </object_component>
      <object_component id="oc-198">
         <name>.text.TimerSupport_timerEnable</name>
         <load_address>0x2000e6bc</load_address>
         <run_address>0x2000e6bc</run_address>
         <size>0x3a</size>
         <input_file_ref idref="fl-19"/>
      </object_component>
      <object_component id="oc-4d">
         <name>.text.defaultHandler</name>
         <load_address>0x2000e6f6</load_address>
         <run_address>0x2000e6f6</run_address>
         <size>0x2</size>
         <input_file_ref idref="fl-20"/>
      </object_component>
      <object_component id="oc-177">
         <name>.text.ClockP_destruct</name>
         <load_address>0x2000e6f8</load_address>
         <run_address>0x2000e6f8</run_address>
         <size>0x38</size>
         <input_file_ref idref="fl-1d"/>
      </object_component>
      <object_component id="oc-1db">
         <name>.text.Power_setConstraint</name>
         <load_address>0x2000e730</load_address>
         <run_address>0x2000e730</run_address>
         <size>0x38</size>
         <input_file_ref idref="fl-16"/>
      </object_component>
      <object_component id="oc-1bd">
         <name>.text.SwiP_restore</name>
         <load_address>0x2000e768</load_address>
         <run_address>0x2000e768</run_address>
         <size>0x38</size>
         <input_file_ref idref="fl-21"/>
      </object_component>
      <object_component id="oc-b5">
         <name>.text:__TI_auto_init_nobinit_nopinit</name>
         <load_address>0x2000e7a0</load_address>
         <run_address>0x2000e7a0</run_address>
         <size>0x38</size>
         <input_file_ref idref="fl-41"/>
      </object_component>
      <object_component id="oc-1f6">
         <name>.text.PinLock</name>
         <load_address>0x2000e7d8</load_address>
         <run_address>0x2000e7d8</run_address>
         <size>0x36</size>
         <input_file_ref idref="fl-26"/>
      </object_component>
      <object_component id="oc-195">
         <name>.text.TimerCC32XX_hwiIntFunction</name>
         <load_address>0x2000e80e</load_address>
         <run_address>0x2000e80e</run_address>
         <size>0x36</size>
         <input_file_ref idref="fl-19"/>
      </object_component>
      <object_component id="oc-174">
         <name>.text.ClockP_start</name>
         <load_address>0x2000e844</load_address>
         <run_address>0x2000e844</run_address>
         <size>0x34</size>
         <input_file_ref idref="fl-1d"/>
      </object_component>
      <object_component id="oc-219">
         <name>.text.PinDirModeGet</name>
         <load_address>0x2000e878</load_address>
         <run_address>0x2000e878</run_address>
         <size>0x34</size>
         <input_file_ref idref="fl-26"/>
      </object_component>
      <object_component id="oc-106">
         <name>.text.PinModeGet</name>
         <load_address>0x2000e8ac</load_address>
         <run_address>0x2000e8ac</run_address>
         <size>0x34</size>
         <input_file_ref idref="fl-26"/>
      </object_component>
      <object_component id="oc-1f3">
         <name>.text.PowerCC32XX_parkPin</name>
         <load_address>0x2000e8e0</load_address>
         <run_address>0x2000e8e0</run_address>
         <size>0x34</size>
         <input_file_ref idref="fl-16"/>
      </object_component>
      <object_component id="oc-1ce">
         <name>.text.TimerCC32XX_freeTimerResource</name>
         <load_address>0x2000e914</load_address>
         <run_address>0x2000e914</run_address>
         <size>0x34</size>
         <input_file_ref idref="fl-19"/>
      </object_component>
      <object_component id="oc-46">
         <name>.text.initVectors</name>
         <load_address>0x2000e948</load_address>
         <run_address>0x2000e948</run_address>
         <size>0x34</size>
         <input_file_ref idref="fl-20"/>
      </object_component>
      <object_component id="oc-1a9">
         <name>.text.ClockP_getTicksUntilInterrupt</name>
         <load_address>0x2000e97c</load_address>
         <run_address>0x2000e97c</run_address>
         <size>0x30</size>
         <input_file_ref idref="fl-1d"/>
      </object_component>
      <object_component id="oc-1b6">
         <name>.text.PRCMLPDSIntervalSet</name>
         <load_address>0x2000e9ac</load_address>
         <run_address>0x2000e9ac</run_address>
         <size>0x30</size>
         <input_file_ref idref="fl-27"/>
      </object_component>
      <object_component id="oc-1e9">
         <name>.text.PRCMSlowClkCtrFastGet</name>
         <load_address>0x2000e9dc</load_address>
         <run_address>0x2000e9dc</run_address>
         <size>0x30</size>
         <input_file_ref idref="fl-27"/>
      </object_component>
      <object_component id="oc-1d5">
         <name>.text.TimerLoadSet</name>
         <load_address>0x2000ea0c</load_address>
         <run_address>0x2000ea0c</run_address>
         <size>0x30</size>
         <input_file_ref idref="fl-2a"/>
      </object_component>
      <object_component id="oc-1d4">
         <name>.text.TimerPrescaleSet</name>
         <load_address>0x2000ea3c</load_address>
         <run_address>0x2000ea3c</run_address>
         <size>0x30</size>
         <input_file_ref idref="fl-2a"/>
      </object_component>
      <object_component id="oc-1f1">
         <name>.text.notify</name>
         <load_address>0x2000ea6c</load_address>
         <run_address>0x2000ea6c</run_address>
         <size>0x30</size>
         <input_file_ref idref="fl-16"/>
      </object_component>
      <object_component id="oc-19f">
         <name>.text.GPIOIntStatus</name>
         <load_address>0x2000ea9c</load_address>
         <run_address>0x2000ea9c</run_address>
         <size>0x2e</size>
         <input_file_ref idref="fl-23"/>
      </object_component>
      <object_component id="oc-146">
         <name>.text.HwiP_create</name>
         <load_address>0x2000eaca</load_address>
         <run_address>0x2000eaca</run_address>
         <size>0x2a</size>
         <input_file_ref idref="fl-1e"/>
      </object_component>
      <object_component id="oc-161">
         <name>.text.PRCMLPDSWakeUpGPIOSelect</name>
         <load_address>0x2000eaf4</load_address>
         <run_address>0x2000eaf4</run_address>
         <size>0x2a</size>
         <input_file_ref idref="fl-27"/>
      </object_component>
      <object_component id="oc-105">
         <name>.text.PRCMPeripheralClkDisable</name>
         <load_address>0x2000eb1e</load_address>
         <run_address>0x2000eb1e</run_address>
         <size>0x2a</size>
         <input_file_ref idref="fl-27"/>
      </object_component>
      <object_component id="oc-206">
         <name>.text.List_remove</name>
         <load_address>0x2000eb48</load_address>
         <run_address>0x2000eb48</run_address>
         <size>0x28</size>
         <input_file_ref idref="fl-1a"/>
      </object_component>
      <object_component id="oc-1f2">
         <name>.text.PRCMSRAMRetentionEnable</name>
         <load_address>0x2000eb70</load_address>
         <run_address>0x2000eb70</run_address>
         <size>0x28</size>
         <input_file_ref idref="fl-27"/>
      </object_component>
      <object_component id="oc-205">
         <name>.text.TimerSupport_timerDisable</name>
         <load_address>0x2000eb98</load_address>
         <run_address>0x2000eb98</run_address>
         <size>0x28</size>
         <input_file_ref idref="fl-19"/>
      </object_component>
      <object_component id="oc-1c3">
         <name>.text.free_list_insert</name>
         <load_address>0x2000ebc0</load_address>
         <run_address>0x2000ebc0</run_address>
         <size>0x28</size>
         <input_file_ref idref="fl-38"/>
      </object_component>
      <object_component id="oc-227">
         <name>.text.IntUnregister</name>
         <load_address>0x2000ebe8</load_address>
         <run_address>0x2000ebe8</run_address>
         <size>0x24</size>
         <input_file_ref idref="fl-25"/>
      </object_component>
      <object_component id="oc-179">
         <name>.text.List_put</name>
         <load_address>0x2000ec0c</load_address>
         <run_address>0x2000ec0c</run_address>
         <size>0x24</size>
         <input_file_ref idref="fl-1a"/>
      </object_component>
      <object_component id="oc-15f">
         <name>.text.PRCMLPDSWakeupSourceEnable</name>
         <load_address>0x2000ec30</load_address>
         <run_address>0x2000ec30</run_address>
         <size>0x24</size>
         <input_file_ref idref="fl-27"/>
      </object_component>
      <object_component id="oc-1fd">
         <name>.text.PowerCC32XX_restoreParkedPin</name>
         <load_address>0x2000ec54</load_address>
         <run_address>0x2000ec54</run_address>
         <size>0x24</size>
         <input_file_ref idref="fl-16"/>
      </object_component>
      <object_component id="oc-11e">
         <name>.text.Power_registerNotify</name>
         <load_address>0x2000ec78</load_address>
         <run_address>0x2000ec78</run_address>
         <size>0x24</size>
         <input_file_ref idref="fl-16"/>
      </object_component>
      <object_component id="oc-142">
         <name>.text.timerCallback</name>
         <load_address>0x2000ec9c</load_address>
         <run_address>0x2000ec9c</run_address>
         <size>0x24</size>
         <input_file_ref idref="fl-1"/>
      </object_component>
      <object_component id="oc-6c">
         <name>.text:_c_int00_noargs</name>
         <load_address>0x2000ecc0</load_address>
         <run_address>0x2000ecc0</run_address>
         <size>0x24</size>
         <input_file_ref idref="fl-3c"/>
      </object_component>
      <object_component id="oc-148">
         <name>.text.GPIOPinWrite</name>
         <load_address>0x2000ece4</load_address>
         <run_address>0x2000ece4</run_address>
         <size>0x22</size>
         <input_file_ref idref="fl-23"/>
      </object_component>
      <object_component id="oc-1fc">
         <name>.text.PinUnlock</name>
         <load_address>0x2000ed06</load_address>
         <run_address>0x2000ed06</run_address>
         <size>0x22</size>
         <input_file_ref idref="fl-26"/>
      </object_component>
      <object_component id="oc-1de">
         <name>.text.IntRegister</name>
         <load_address>0x2000ed28</load_address>
         <run_address>0x2000ed28</run_address>
         <size>0x20</size>
         <input_file_ref idref="fl-25"/>
      </object_component>
      <object_component id="oc-1ca">
         <name>.text.Power_unregisterNotify</name>
         <load_address>0x2000ed48</load_address>
         <run_address>0x2000ed48</run_address>
         <size>0x20</size>
         <input_file_ref idref="fl-16"/>
      </object_component>
      <object_component id="oc-18c">
         <name>.text.SemaphoreP_constructBinary</name>
         <load_address>0x2000ed68</load_address>
         <run_address>0x2000ed68</run_address>
         <size>0x20</size>
         <input_file_ref idref="fl-1c"/>
      </object_component>
      <object_component id="oc-114">
         <name>.text.SemaphoreP_createBinary</name>
         <load_address>0x2000ed88</load_address>
         <run_address>0x2000ed88</run_address>
         <size>0x20</size>
         <input_file_ref idref="fl-1c"/>
      </object_component>
      <object_component id="oc-1cf">
         <name>.text.TimerDisable</name>
         <load_address>0x2000eda8</load_address>
         <run_address>0x2000eda8</run_address>
         <size>0x20</size>
         <input_file_ref idref="fl-2a"/>
      </object_component>
      <object_component id="oc-e3">
         <name>.text.GPIO_setCallback</name>
         <load_address>0x2000edc8</load_address>
         <run_address>0x2000edc8</run_address>
         <size>0x1c</size>
         <input_file_ref idref="fl-14"/>
      </object_component>
      <object_component id="oc-1e3">
         <name>.text.HwiP_dispatch</name>
         <load_address>0x2000ede4</load_address>
         <run_address>0x2000ede4</run_address>
         <size>0x1c</size>
         <input_file_ref idref="fl-1e"/>
      </object_component>
      <object_component id="oc-1a2">
         <name>.text.SwiP_disable</name>
         <load_address>0x2000ee00</load_address>
         <run_address>0x2000ee00</run_address>
         <size>0x1c</size>
         <input_file_ref idref="fl-21"/>
      </object_component>
      <object_component id="oc-1c2">
         <name>.text.free_list_remove</name>
         <load_address>0x2000ee1c</load_address>
         <run_address>0x2000ee1c</run_address>
         <size>0x1c</size>
         <input_file_ref idref="fl-38"/>
      </object_component>
      <object_component id="oc-1c7">
         <name>.text.getPowerMgrId</name>
         <load_address>0x2000ee38</load_address>
         <run_address>0x2000ee38</run_address>
         <size>0x1c</size>
         <input_file_ref idref="fl-19"/>
      </object_component>
      <object_component id="oc-21">
         <name>.text.resetISR</name>
         <load_address>0x2000ee54</load_address>
         <run_address>0x2000ee54</run_address>
         <size>0x1c</size>
         <input_file_ref idref="fl-20"/>
      </object_component>
      <object_component id="oc-1e4">
         <name>.text.GPIOIntDisable</name>
         <load_address>0x2000ee70</load_address>
         <run_address>0x2000ee70</run_address>
         <size>0x1a</size>
         <input_file_ref idref="fl-23"/>
      </object_component>
      <object_component id="oc-102">
         <name>.text.PRCMHIBRegRead</name>
         <load_address>0x2000ee8a</load_address>
         <run_address>0x2000ee8a</run_address>
         <size>0x1a</size>
         <input_file_ref idref="fl-27"/>
      </object_component>
      <object_component id="oc-101">
         <name>.text.PRCMHIBRegWrite</name>
         <load_address>0x2000eea4</load_address>
         <run_address>0x2000eea4</run_address>
         <size>0x1a</size>
         <input_file_ref idref="fl-27"/>
      </object_component>
      <object_component id="oc-160">
         <name>.text.PRCMLPDSWakeupSourceDisable</name>
         <load_address>0x2000eebe</load_address>
         <run_address>0x2000eebe</run_address>
         <size>0x1a</size>
         <input_file_ref idref="fl-27"/>
      </object_component>
      <object_component id="oc-1f5">
         <name>.text.PinToPadGet</name>
         <load_address>0x2000eed8</load_address>
         <run_address>0x2000eed8</run_address>
         <size>0x1a</size>
         <input_file_ref idref="fl-26"/>
      </object_component>
      <object_component id="oc-1dc">
         <name>.text.TimerEnable</name>
         <load_address>0x2000eef2</load_address>
         <run_address>0x2000eef2</run_address>
         <size>0x1a</size>
         <input_file_ref idref="fl-2a"/>
      </object_component>
      <object_component id="oc-12e">
         <name>.text.GPIOIntEnable</name>
         <load_address>0x2000ef0c</load_address>
         <run_address>0x2000ef0c</run_address>
         <size>0x18</size>
         <input_file_ref idref="fl-23"/>
      </object_component>
      <object_component id="oc-16d">
         <name>.text.SemaphoreP_create</name>
         <load_address>0x2000ef24</load_address>
         <run_address>0x2000ef24</run_address>
         <size>0x18</size>
         <input_file_ref idref="fl-1c"/>
      </object_component>
      <object_component id="oc-9c">
         <name>.text.Board_init</name>
         <load_address>0x2000ef3c</load_address>
         <run_address>0x2000ef3c</run_address>
         <size>0x16</size>
         <input_file_ref idref="fl-2"/>
      </object_component>
      <object_component id="oc-1b9">
         <name>.text.SysTickPeriodSet</name>
         <load_address>0x2000ef52</load_address>
         <run_address>0x2000ef52</run_address>
         <size>0x16</size>
         <input_file_ref idref="fl-29"/>
      </object_component>
      <object_component id="oc-223">
         <name>.text.TimerIntDisable</name>
         <load_address>0x2000ef68</load_address>
         <run_address>0x2000ef68</run_address>
         <size>0x16</size>
         <input_file_ref idref="fl-2a"/>
      </object_component>
      <object_component id="oc-62">
         <name>.text.CPUcpsid</name>
         <load_address>0x2000ef7e</load_address>
         <run_address>0x2000ef7e</run_address>
         <size>0x14</size>
         <input_file_ref idref="fl-22"/>
      </object_component>
      <object_component id="oc-185">
         <name>.text.CPUcpsie</name>
         <load_address>0x2000ef92</load_address>
         <run_address>0x2000ef92</run_address>
         <size>0x14</size>
         <input_file_ref idref="fl-22"/>
      </object_component>
      <object_component id="oc-208">
         <name>.text.HwiP_destruct</name>
         <load_address>0x2000efa6</load_address>
         <run_address>0x2000efa6</run_address>
         <size>0x14</size>
         <input_file_ref idref="fl-1e"/>
      </object_component>
      <object_component id="oc-69">
         <name>.text.IntVTableBaseSet</name>
         <load_address>0x2000efba</load_address>
         <run_address>0x2000efba</run_address>
         <size>0x14</size>
         <input_file_ref idref="fl-25"/>
      </object_component>
      <object_component id="oc-4c">
         <name>.text.faultISR</name>
         <load_address>0x2000efce</load_address>
         <run_address>0x2000efce</run_address>
         <size>0x2</size>
         <input_file_ref idref="fl-20"/>
      </object_component>
      <object_component id="oc-180">
         <name>.text.Power_disablePolicy</name>
         <load_address>0x2000efd0</load_address>
         <run_address>0x2000efd0</run_address>
         <size>0x14</size>
         <input_file_ref idref="fl-16"/>
      </object_component>
      <object_component id="oc-1aa">
         <name>.text.Power_getTransitionLatency</name>
         <load_address>0x2000efe4</load_address>
         <run_address>0x2000efe4</run_address>
         <size>0x14</size>
         <input_file_ref idref="fl-16"/>
      </object_component>
      <object_component id="oc-1c1">
         <name>.text.Power_idleFunc</name>
         <load_address>0x2000eff8</load_address>
         <run_address>0x2000eff8</run_address>
         <size>0x14</size>
         <input_file_ref idref="fl-16"/>
      </object_component>
      <object_component id="oc-1da">
         <name>.text.TimerIntEnable</name>
         <load_address>0x2000f00c</load_address>
         <run_address>0x2000f00c</run_address>
         <size>0x14</size>
         <input_file_ref idref="fl-2a"/>
      </object_component>
      <object_component id="oc-1ad">
         <name>.text</name>
         <load_address>0x2000f020</load_address>
         <run_address>0x2000f020</run_address>
         <size>0x14</size>
         <input_file_ref idref="fl-7e"/>
      </object_component>
      <object_component id="oc-173">
         <name>.text.ClockP_add</name>
         <load_address>0x2000f034</load_address>
         <run_address>0x2000f034</run_address>
         <size>0x12</size>
         <input_file_ref idref="fl-1d"/>
      </object_component>
      <object_component id="oc-19e">
         <name>.text.GPIOIntClear</name>
         <load_address>0x2000f046</load_address>
         <run_address>0x2000f046</run_address>
         <size>0x12</size>
         <input_file_ref idref="fl-23"/>
      </object_component>
      <object_component id="oc-145">
         <name>.text.HwiP_Params_init</name>
         <load_address>0x2000f058</load_address>
         <run_address>0x2000f058</run_address>
         <size>0x12</size>
         <input_file_ref idref="fl-1e"/>
      </object_component>
      <object_component id="oc-1cc">
         <name>.text.HwiP_delete</name>
         <load_address>0x2000f06a</load_address>
         <run_address>0x2000f06a</run_address>
         <size>0x12</size>
         <input_file_ref idref="fl-1e"/>
      </object_component>
      <object_component id="oc-1ba">
         <name>.text.SysTickEnable</name>
         <load_address>0x2000f07c</load_address>
         <run_address>0x2000f07c</run_address>
         <size>0x12</size>
         <input_file_ref idref="fl-29"/>
      </object_component>
      <object_component id="oc-1b1">
         <name>.text.SysTickIntDisable</name>
         <load_address>0x2000f08e</load_address>
         <run_address>0x2000f08e</run_address>
         <size>0x12</size>
         <input_file_ref idref="fl-29"/>
      </object_component>
      <object_component id="oc-1bb">
         <name>.text.SysTickIntEnable</name>
         <load_address>0x2000f0a0</load_address>
         <run_address>0x2000f0a0</run_address>
         <size>0x12</size>
         <input_file_ref idref="fl-29"/>
      </object_component>
      <object_component id="oc-77">
         <name>.text:TI_memcpy_small</name>
         <load_address>0x2000f0b2</load_address>
         <run_address>0x2000f0b2</run_address>
         <size>0x12</size>
         <input_file_ref idref="fl-81"/>
      </object_component>
      <object_component id="oc-3a">
         <name>.text:decompress:ZI:__TI_zero_init_nomemset</name>
         <load_address>0x2000f0c4</load_address>
         <run_address>0x2000f0c4</run_address>
         <size>0x12</size>
         <input_file_ref idref="fl-39"/>
      </object_component>
      <object_component id="oc-4b">
         <name>.text.nmiISR</name>
         <load_address>0x2000f0d6</load_address>
         <run_address>0x2000f0d6</run_address>
         <size>0x2</size>
         <input_file_ref idref="fl-20"/>
      </object_component>
      <object_component id="oc-18d">
         <name>.text.ClockP_getCpuFreq</name>
         <load_address>0x2000f0d8</load_address>
         <run_address>0x2000f0d8</run_address>
         <size>0x10</size>
         <input_file_ref idref="fl-1d"/>
      </object_component>
      <object_component id="oc-1ab">
         <name>.text.ClockP_getSystemTicks</name>
         <load_address>0x2000f0e8</load_address>
         <run_address>0x2000f0e8</run_address>
         <size>0x10</size>
         <input_file_ref idref="fl-1d"/>
      </object_component>
      <object_component id="oc-1b8">
         <name>.text.ClockP_setTicks</name>
         <load_address>0x2000f0f8</load_address>
         <run_address>0x2000f0f8</run_address>
         <size>0x10</size>
         <input_file_ref idref="fl-1d"/>
      </object_component>
      <object_component id="oc-17f">
         <name>.text.HwiP_inISR</name>
         <load_address>0x2000f108</load_address>
         <run_address>0x2000f108</run_address>
         <size>0x10</size>
         <input_file_ref idref="fl-1e"/>
      </object_component>
      <object_component id="oc-176">
         <name>.text.Power_enablePolicy</name>
         <load_address>0x2000f118</load_address>
         <run_address>0x2000f118</run_address>
         <size>0x10</size>
         <input_file_ref idref="fl-16"/>
      </object_component>
      <object_component id="oc-1d9">
         <name>.text.TimerIntClear</name>
         <load_address>0x2000f128</load_address>
         <run_address>0x2000f128</run_address>
         <size>0x10</size>
         <input_file_ref idref="fl-2a"/>
      </object_component>
      <object_component id="oc-139">
         <name>.text.Timer_Params_init</name>
         <load_address>0x2000f138</load_address>
         <run_address>0x2000f138</run_address>
         <size>0x10</size>
         <input_file_ref idref="fl-18"/>
      </object_component>
      <object_component id="oc-85">
         <name>.text.main</name>
         <load_address>0x2000f148</load_address>
         <run_address>0x2000f148</run_address>
         <size>0x10</size>
         <input_file_ref idref="fl-3"/>
      </object_component>
      <object_component id="oc-1c">
         <name>.text:decompress:none</name>
         <load_address>0x2000f158</load_address>
         <run_address>0x2000f158</run_address>
         <size>0xe</size>
         <input_file_ref idref="fl-3a"/>
      </object_component>
      <object_component id="oc-1fe">
         <name>.text.PRCMLPDSWakeupCauseGet</name>
         <load_address>0x2000f166</load_address>
         <run_address>0x2000f166</run_address>
         <size>0xc</size>
         <input_file_ref idref="fl-27"/>
      </object_component>
      <object_component id="oc-1a8">
         <name>.text.Power_getConstraintMask</name>
         <load_address>0x2000f174</load_address>
         <run_address>0x2000f174</run_address>
         <size>0xc</size>
         <input_file_ref idref="fl-16"/>
      </object_component>
      <object_component id="oc-ed">
         <name>.text.handleGpioButton</name>
         <load_address>0x2000f180</load_address>
         <run_address>0x2000f180</run_address>
         <size>0xc</size>
         <input_file_ref idref="fl-1"/>
      </object_component>
      <object_component id="oc-194">
         <name>.text.postNotifyFxn</name>
         <load_address>0x2000f18c</load_address>
         <run_address>0x2000f18c</run_address>
         <size>0xc</size>
         <input_file_ref idref="fl-19"/>
      </object_component>
      <object_component id="oc-175">
         <name>.text.ClockP_isActive</name>
         <load_address>0x2000f198</load_address>
         <run_address>0x2000f198</run_address>
         <size>0xa</size>
         <input_file_ref idref="fl-1d"/>
      </object_component>
      <object_component id="oc-41">
         <name>.text.IntMasterDisable</name>
         <load_address>0x2000f1a2</load_address>
         <run_address>0x2000f1a2</run_address>
         <size>0xa</size>
         <input_file_ref idref="fl-25"/>
      </object_component>
      <object_component id="oc-127">
         <name>.text.IntMasterEnable</name>
         <load_address>0x2000f1ac</load_address>
         <run_address>0x2000f1ac</run_address>
         <size>0xa</size>
         <input_file_ref idref="fl-25"/>
      </object_component>
      <object_component id="oc-11a">
         <name>.text.HwiP_disable</name>
         <load_address>0x2000f1b6</load_address>
         <run_address>0x2000f1b6</run_address>
         <size>0x8</size>
         <input_file_ref idref="fl-1e"/>
      </object_component>
      <object_component id="oc-11b">
         <name>.text.HwiP_restore</name>
         <load_address>0x2000f1be</load_address>
         <run_address>0x2000f1be</run_address>
         <size>0x8</size>
         <input_file_ref idref="fl-1e"/>
      </object_component>
      <object_component id="oc-1bc">
         <name>.text.PRCMSleepEnter</name>
         <load_address>0x2000f1c6</load_address>
         <run_address>0x2000f1c6</run_address>
         <size>0x8</size>
         <input_file_ref idref="fl-27"/>
      </object_component>
      <object_component id="oc-fd">
         <name>.text.UtilsDelay</name>
         <load_address>0x2000f1ce</load_address>
         <run_address>0x2000f1ce</run_address>
         <size>0x8</size>
         <input_file_ref idref="fl-2b"/>
      </object_component>
      <object_component id="oc-19a">
         <name>.text.malloc</name>
         <load_address>0x2000f1d6</load_address>
         <run_address>0x2000f1d6</run_address>
         <size>0x8</size>
         <input_file_ref idref="fl-38"/>
      </object_component>
      <object_component id="oc-1be">
         <name>.text.ClockP_doTick</name>
         <load_address>0x2000f1de</load_address>
         <run_address>0x2000f1de</run_address>
         <size>0x4</size>
         <input_file_ref idref="fl-1d"/>
      </object_component>
      <object_component id="oc-1cb">
         <name>.text.HwiP_clearInterrupt</name>
         <load_address>0x2000f1e2</load_address>
         <run_address>0x2000f1e2</run_address>
         <size>0x4</size>
         <input_file_ref idref="fl-1e"/>
      </object_component>
      <object_component id="oc-db">
         <name>.text.HwiP_enable</name>
         <load_address>0x2000f1e6</load_address>
         <run_address>0x2000f1e6</run_address>
         <size>0x4</size>
         <input_file_ref idref="fl-1e"/>
      </object_component>
      <object_component id="oc-203">
         <name>.text.HwiP_post</name>
         <load_address>0x2000f1ea</load_address>
         <run_address>0x2000f1ea</run_address>
         <size>0x4</size>
         <input_file_ref idref="fl-1e"/>
      </object_component>
      <object_component id="oc-22e">
         <name>.text.IntDefaultHandler</name>
         <load_address>0x2000f1ee</load_address>
         <run_address>0x2000f1ee</run_address>
         <size>0x4</size>
         <input_file_ref idref="fl-25"/>
      </object_component>
      <object_component id="oc-a1">
         <name>.text.NoRTOS_start</name>
         <load_address>0x2000f1f2</load_address>
         <run_address>0x2000f1f2</run_address>
         <size>0x4</size>
         <input_file_ref idref="fl-1b"/>
      </object_component>
      <object_component id="oc-11c">
         <name>.text.SemaphoreP_delete</name>
         <load_address>0x2000f1f6</load_address>
         <run_address>0x2000f1f6</run_address>
         <size>0x4</size>
         <input_file_ref idref="fl-1c"/>
      </object_component>
      <object_component id="oc-81">
         <name>.text._system_pre_init</name>
         <load_address>0x2000f1fa</load_address>
         <run_address>0x2000f1fa</run_address>
         <size>0x4</size>
         <input_file_ref idref="fl-42"/>
      </object_component>
      <object_component id="oc-ae">
         <name>.text:abort</name>
         <load_address>0x2000f1fe</load_address>
         <run_address>0x2000f1fe</run_address>
         <size>0x4</size>
         <input_file_ref idref="fl-3e"/>
      </object_component>
      <object_component id="oc-33">
         <name>.text</name>
         <load_address>0x2000f204</load_address>
         <run_address>0x2000f204</run_address>
         <size>0x4</size>
         <input_file_ref idref="fl-7c"/>
      </object_component>
      <object_component id="oc-15c">
         <name>.rodata.g_ulPinToPadMap</name>
         <load_address>0x2000f890</load_address>
         <run_address>0x2000f890</run_address>
         <size>0x100</size>
         <input_file_ref idref="fl-26"/>
      </object_component>
      <object_component id="oc-20e">
         <name>.rodata.g_pulRegs</name>
         <load_address>0x2000f990</load_address>
         <run_address>0x2000f990</run_address>
         <size>0xd4</size>
         <input_file_ref idref="fl-25"/>
      </object_component>
      <object_component id="oc-15b">
         <name>.rodata.PRCM_PeriphRegsList</name>
         <load_address>0x2000fa64</load_address>
         <run_address>0x2000fa64</run_address>
         <size>0xa8</size>
         <input_file_ref idref="fl-27"/>
      </object_component>
      <object_component id="oc-111">
         <name>.rodata.PowerCC32XX_config</name>
         <load_address>0x2000fb0c</load_address>
         <run_address>0x2000fb0c</run_address>
         <size>0x44</size>
         <input_file_ref idref="fl-2"/>
      </object_component>
      <object_component id="oc-133">
         <name>.rodata.portConfigs</name>
         <load_address>0x2000fb50</load_address>
         <run_address>0x2000fb50</run_address>
         <size>0x28</size>
         <input_file_ref idref="fl-15"/>
      </object_component>
      <object_component id="oc-14a">
         <name>.rodata.pinTable</name>
         <load_address>0x2000fb78</load_address>
         <run_address>0x2000fb78</run_address>
         <size>0x21</size>
         <input_file_ref idref="fl-15"/>
      </object_component>
      <object_component id="oc-123">
         <name>.rodata.GPIO_pinUpperBound</name>
         <load_address>0x2000fb99</load_address>
         <run_address>0x2000fb99</run_address>
         <size>0x1</size>
         <input_file_ref idref="fl-2"/>
      </object_component>
      <object_component id="oc-191">
         <name>.rodata.Timer_count</name>
         <load_address>0x2000fb9a</load_address>
         <run_address>0x2000fb9a</run_address>
         <size>0x1</size>
         <input_file_ref idref="fl-2"/>
      </object_component>
      <object_component id="oc-22d">
         <name>.rodata.g_pulDisRegs</name>
         <load_address>0x2000fb9c</load_address>
         <run_address>0x2000fb9c</run_address>
         <size>0x18</size>
         <input_file_ref idref="fl-25"/>
      </object_component>
      <object_component id="oc-20f">
         <name>.rodata.g_pulEnRegs</name>
         <load_address>0x2000fbb4</load_address>
         <run_address>0x2000fbb4</run_address>
         <size>0x18</size>
         <input_file_ref idref="fl-25"/>
      </object_component>
      <object_component id="oc-22c">
         <name>.rodata.g_pulPendRegs</name>
         <load_address>0x2000fbcc</load_address>
         <run_address>0x2000fbcc</run_address>
         <size>0x18</size>
         <input_file_ref idref="fl-25"/>
      </object_component>
      <object_component id="oc-225">
         <name>.rodata.g_pulUnpendRegs</name>
         <load_address>0x2000fbe4</load_address>
         <run_address>0x2000fbe4</run_address>
         <size>0x18</size>
         <input_file_ref idref="fl-25"/>
      </object_component>
      <object_component id="oc-122">
         <name>.rodata.GPIO_config</name>
         <load_address>0x2000fbfc</load_address>
         <run_address>0x2000fbfc</run_address>
         <size>0x10</size>
         <input_file_ref idref="fl-2"/>
      </object_component>
      <object_component id="oc-1d8">
         <name>.rodata.timerCC32XXHWAttrs</name>
         <load_address>0x2000fc0c</load_address>
         <run_address>0x2000fc0c</run_address>
         <size>0x10</size>
         <input_file_ref idref="fl-2"/>
      </object_component>
      <object_component id="oc-18a">
         <name>.rodata.defaultParams</name>
         <load_address>0x2000fc1c</load_address>
         <run_address>0x2000fc1c</run_address>
         <size>0xc</size>
         <input_file_ref idref="fl-18"/>
      </object_component>
      <object_component id="oc-193">
         <name>.rodata.defaultParams</name>
         <load_address>0x2000fc28</load_address>
         <run_address>0x2000fc28</run_address>
         <size>0xc</size>
         <input_file_ref idref="fl-19"/>
      </object_component>
      <object_component id="oc-192">
         <name>.rodata.Timer_config</name>
         <load_address>0x2000fc34</load_address>
         <run_address>0x2000fc34</run_address>
         <size>0x8</size>
         <input_file_ref idref="fl-2"/>
      </object_component>
      <object_component id="oc-266">
         <name>.cinit..data.load</name>
         <load_address>0x2000ff24</load_address>
         <run_address>0x2000ff24</run_address>
         <size>0xd2</size>
      </object_component>
      <object_component id="oc-264">
         <name>__TI_handler_table</name>
         <load_address>0x2000fff8</load_address>
         <run_address>0x2000fff8</run_address>
         <size>0xc</size>
      </object_component>
      <object_component id="oc-267">
         <name>.cinit..bss.load</name>
         <load_address>0x20010004</load_address>
         <run_address>0x20010004</run_address>
         <size>0x8</size>
      </object_component>
      <object_component id="oc-265">
         <name>__TI_cinit_table</name>
         <load_address>0x2001000c</load_address>
         <run_address>0x2001000c</run_address>
         <size>0x10</size>
      </object_component>
      <object_component id="oc-14e">
         <name>.data..L_MergedGlobals</name>
         <load_address>0x2000f887</load_address>
         <run_address>0x2000f887</run_address>
         <size>0x2</size>
         <input_file_ref idref="fl-1"/>
      </object_component>
      <object_component id="oc-14f">
         <name>.data..L_MergedGlobals.1</name>
         <load_address>0x2000f884</load_address>
         <run_address>0x2000f884</run_address>
         <size>0x3</size>
         <input_file_ref idref="fl-1"/>
      </object_component>
      <object_component id="oc-181">
         <name>.data.gpioPinConfigs</name>
         <load_address>0x2000f778</load_address>
         <run_address>0x2000f778</run_address>
         <size>0x84</size>
         <input_file_ref idref="fl-2"/>
      </object_component>
      <object_component id="oc-16c">
         <name>.data.parkInfo</name>
         <load_address>0x2000f680</load_address>
         <run_address>0x2000f680</run_address>
         <size>0xf8</size>
         <input_file_ref idref="fl-2"/>
      </object_component>
      <object_component id="oc-121">
         <name>.data.initCalled</name>
         <load_address>0x2000f889</load_address>
         <run_address>0x2000f889</run_address>
         <size>0x1</size>
         <input_file_ref idref="fl-15"/>
      </object_component>
      <object_component id="oc-14b">
         <name>.data.portHwiCreatedBitMask</name>
         <load_address>0x2000f88a</load_address>
         <run_address>0x2000f88a</run_address>
         <size>0x1</size>
         <input_file_ref idref="fl-15"/>
      </object_component>
      <object_component id="oc-120">
         <name>.data..L_MergedGlobals</name>
         <load_address>0x2000f848</load_address>
         <run_address>0x2000f848</run_address>
         <size>0x18</size>
         <input_file_ref idref="fl-15"/>
      </object_component>
      <object_component id="oc-110">
         <name>.data.PowerCC32XX_module</name>
         <load_address>0x2000f514</load_address>
         <run_address>0x2000f514</run_address>
         <size>0x16c</size>
         <input_file_ref idref="fl-16"/>
      </object_component>
      <object_component id="oc-16e">
         <name>.data..L_MergedGlobals</name>
         <load_address>0x2000f860</load_address>
         <run_address>0x2000f860</run_address>
         <size>0x10</size>
         <input_file_ref idref="fl-1c"/>
      </object_component>
      <object_component id="oc-1bf">
         <name>.data..L_MergedGlobals</name>
         <load_address>0x2000f870</load_address>
         <run_address>0x2000f870</run_address>
         <size>0x8</size>
         <input_file_ref idref="fl-1d"/>
      </object_component>
      <object_component id="oc-1e1">
         <name>.data.HwiP_swiPIntNum</name>
         <load_address>0x2000f878</load_address>
         <run_address>0x2000f878</run_address>
         <size>0x4</size>
         <input_file_ref idref="fl-1e"/>
      </object_component>
      <object_component id="oc-1e2">
         <name>.data.HwiP_dispatchTable</name>
         <load_address>0x2000f208</load_address>
         <run_address>0x2000f208</run_address>
         <size>0x30c</size>
         <input_file_ref idref="fl-1e"/>
      </object_component>
      <object_component id="oc-1e5">
         <name>.data..L_MergedGlobals</name>
         <load_address>0x2000f7fc</load_address>
         <run_address>0x2000f7fc</run_address>
         <size>0x4c</size>
         <input_file_ref idref="fl-21"/>
      </object_component>
      <object_component id="oc-20d">
         <name>.data.memory_is_initialized</name>
         <load_address>0x2000f88c</load_address>
         <run_address>0x2000f88c</run_address>
         <size>0x1</size>
         <input_file_ref idref="fl-38"/>
      </object_component>
      <object_component id="oc-f2">
         <name>.data._lock</name>
         <load_address>0x2000f87c</load_address>
         <run_address>0x2000f87c</run_address>
         <size>0x4</size>
         <input_file_ref idref="fl-3f"/>
      </object_component>
      <object_component id="oc-f5">
         <name>.data._unlock</name>
         <load_address>0x2000f880</load_address>
         <run_address>0x2000f880</run_address>
         <size>0x4</size>
         <input_file_ref idref="fl-3f"/>
      </object_component>
      <object_component id="oc-1c8">
         <name>.bss.timerState.0</name>
         <uninitialized>true</uninitialized>
         <run_address>0x2000ff20</run_address>
         <size>0x4</size>
         <input_file_ref idref="fl-19"/>
      </object_component>
      <object_component id="oc-210">
         <name>.bss.sysTickPeriod</name>
         <uninitialized>true</uninitialized>
         <run_address>0x2000ff18</run_address>
         <size>0x4</size>
         <input_file_ref idref="fl-1d"/>
      </object_component>
      <object_component id="oc-204">
         <name>.bss.sys_free</name>
         <uninitialized>true</uninitialized>
         <run_address>0x2000ff1c</run_address>
         <size>0x4</size>
         <input_file_ref idref="fl-38"/>
      </object_component>
      <object_component id="oc-eb">
         <name>.common:tasks</name>
         <uninitialized>true</uninitialized>
         <run_address>0x2000ff08</run_address>
         <size>0x10</size>
      </object_component>
      <object_component id="oc-182">
         <name>.common:gpioCallbackFunctions</name>
         <uninitialized>true</uninitialized>
         <run_address>0x2000fd6c</run_address>
         <size>0x84</size>
      </object_component>
      <object_component id="oc-183">
         <name>.common:gpioUserArgs</name>
         <uninitialized>true</uninitialized>
         <run_address>0x2000fdf0</run_address>
         <size>0x84</size>
      </object_component>
      <object_component id="oc-1d7">
         <name>.common:timerCC32XXObjects</name>
         <uninitialized>true</uninitialized>
         <run_address>0x2000fe74</run_address>
         <size>0x84</size>
      </object_component>
      <object_component id="oc-1ff">
         <name>.common:PowerCC32XX_contextSave</name>
         <uninitialized>true</uninitialized>
         <run_address>0x2000fc40</run_address>
         <size>0x12c</size>
      </object_component>
      <object_component id="oc-74">
         <name>.common:ClockP_ctrl</name>
         <uninitialized>true</uninitialized>
         <run_address>0x2000fef8</run_address>
         <size>0x10</size>
      </object_component>
      <object_component id="oc-28">
         <name>.sysmem</name>
         <uninitialized>true</uninitialized>
         <run_address>0x20004040</run_address>
         <size>0x10</size>
         <input_file_ref idref="fl-38"/>
      </object_component>
      <object_component id="oc-26a">
         <name>.sysmem</name>
         <uninitialized>true</uninitialized>
         <run_address>0x20004040</run_address>
         <size>0x0</size>
      </object_component>
      <object_component id="oc-16">
         <name>.stack</name>
         <uninitialized>true</uninitialized>
         <run_address>0x20003000</run_address>
         <size>0x4</size>
         <input_file_ref idref="fl-3c"/>
      </object_component>
      <object_component id="oc-269">
         <name>.stack</name>
         <uninitialized>true</uninitialized>
         <run_address>0x20003000</run_address>
         <size>0x0</size>
      </object_component>
      <object_component id="oc-26">
         <name>.resetVecs</name>
         <load_address>0x20004000</load_address>
         <run_address>0x20004000</run_address>
         <size>0x40</size>
         <input_file_ref idref="fl-20"/>
      </object_component>
      <object_component id="oc-27">
         <name>.ramVecs</name>
         <uninitialized>true</uninitialized>
         <run_address>0x20000000</run_address>
         <size>0x30c</size>
         <input_file_ref idref="fl-20"/>
      </object_component>
      <object_component id="oc-a7">
         <name>.debug_loc</name>
         <load_address>0x0</load_address>
         <run_address>0x0</run_address>
         <size>0x16b</size>
         <input_file_ref idref="fl-1"/>
      </object_component>
      <object_component id="oc-12d">
         <name>.debug_loc</name>
         <load_address>0x16b</load_address>
         <run_address>0x16b</run_address>
         <size>0x50</size>
         <input_file_ref idref="fl-14"/>
      </object_component>
      <object_component id="oc-d3">
         <name>.debug_loc</name>
         <load_address>0x1bb</load_address>
         <run_address>0x1bb</run_address>
         <size>0x68e</size>
         <input_file_ref idref="fl-15"/>
      </object_component>
      <object_component id="oc-10f">
         <name>.debug_loc</name>
         <load_address>0x849</load_address>
         <run_address>0x849</run_address>
         <size>0xc99</size>
         <input_file_ref idref="fl-16"/>
      </object_component>
      <object_component id="oc-13a">
         <name>.debug_loc</name>
         <load_address>0x14e2</load_address>
         <run_address>0x14e2</run_address>
         <size>0x1cc</size>
         <input_file_ref idref="fl-18"/>
      </object_component>
      <object_component id="oc-13c">
         <name>.debug_loc</name>
         <load_address>0x16ae</load_address>
         <run_address>0x16ae</run_address>
         <size>0x648</size>
         <input_file_ref idref="fl-19"/>
      </object_component>
      <object_component id="oc-17a">
         <name>.debug_loc</name>
         <load_address>0x1cf6</load_address>
         <run_address>0x1cf6</run_address>
         <size>0x2ee</size>
         <input_file_ref idref="fl-1a"/>
      </object_component>
      <object_component id="oc-e2">
         <name>.debug_loc</name>
         <load_address>0x1fe4</load_address>
         <run_address>0x1fe4</run_address>
         <size>0x33</size>
         <input_file_ref idref="fl-1b"/>
      </object_component>
      <object_component id="oc-115">
         <name>.debug_loc</name>
         <load_address>0x2017</load_address>
         <run_address>0x2017</run_address>
         <size>0x326</size>
         <input_file_ref idref="fl-1c"/>
      </object_component>
      <object_component id="oc-50">
         <name>.debug_loc</name>
         <load_address>0x233d</load_address>
         <run_address>0x233d</run_address>
         <size>0x626</size>
         <input_file_ref idref="fl-1d"/>
      </object_component>
      <object_component id="oc-12a">
         <name>.debug_loc</name>
         <load_address>0x2963</load_address>
         <run_address>0x2963</run_address>
         <size>0x389</size>
         <input_file_ref idref="fl-1e"/>
      </object_component>
      <object_component id="oc-16b">
         <name>.debug_loc</name>
         <load_address>0x2cec</load_address>
         <run_address>0x2cec</run_address>
         <size>0x321</size>
         <input_file_ref idref="fl-1f"/>
      </object_component>
      <object_component id="oc-47">
         <name>.debug_loc</name>
         <load_address>0x300d</load_address>
         <run_address>0x300d</run_address>
         <size>0x1b</size>
         <input_file_ref idref="fl-20"/>
      </object_component>
      <object_component id="oc-1a3">
         <name>.debug_loc</name>
         <load_address>0x3028</load_address>
[...]
         <object_component_ref idref="oc-1c4"/>
      </symbol>
      <symbol id="sm-1c7">
         <name>ClockP_destruct</name>
         <value>0x2000e6f9</value>
         <object_component_ref idref="oc-177"/>
      </symbol>
      <symbol id="sm-1c8">
         <name>ClockP_doTick</name>
         <value>0x2000f1df</value>
         <object_component_ref idref="oc-1be"/>
      </symbol>
      <symbol id="sm-1c9">
         <name>ClockP_getCpuFreq</name>
         <value>0x2000f0d9</value>
         <object_component_ref idref="oc-18d"/>
      </symbol>
      <symbol id="sm-1ca">
         <name>ClockP_getSystemTicks</name>
         <value>0x2000f0e9</value>
         <object_component_ref idref="oc-1ab"/>
      </symbol>
      <symbol id="sm-1cb">
         <name>ClockP_getTicksUntilInterrupt</name>
         <value>0x2000e97d</value>
         <object_component_ref idref="oc-1a9"/>
      </symbol>
      <symbol id="sm-1cc">
         <name>ClockP_isActive</name>
         <value>0x2000f199</value>
         <object_component_ref idref="oc-175"/>
      </symbol>
      <symbol id="sm-1cd">
         <name>ClockP_setTicks</name>
         <value>0x2000f0f9</value>
         <object_component_ref idref="oc-1b8"/>
      </symbol>
      <symbol id="sm-1ce">
         <name>ClockP_tickPeriod</name>
         <value>0x2000f874</value>
         <object_component_ref idref="oc-1bf"/>
      </symbol>
      <symbol id="sm-1f3">
         <name>HwiP_enable</name>
         <value>0x2000f1e7</value>
         <object_component_ref idref="oc-db"/>
      </symbol>
      <symbol id="sm-1f4">
         <name>HwiP_disable</name>
         <value>0x2000f1b7</value>
         <object_component_ref idref="oc-11a"/>
      </symbol>
      <symbol id="sm-1f5">
         <name>HwiP_restore</name>
         <value>0x2000f1bf</value>
         <object_component_ref idref="oc-11b"/>
      </symbol>
      <symbol id="sm-1f6">
         <name>HwiP_clearInterrupt</name>
         <value>0x2000f1e3</value>
         <object_component_ref idref="oc-1cb"/>
      </symbol>
      <symbol id="sm-1f7">
         <name>HwiP_destruct</name>
         <value>0x2000efa7</value>
         <object_component_ref idref="oc-208"/>
      </symbol>
      <symbol id="sm-1f8">
         <name>HwiP_delete</name>
         <value>0x2000f06b</value>
         <object_component_ref idref="oc-1cc"/>
      </symbol>
      <symbol id="sm-1f9">
         <name>HwiP_dispatch</name>
         <value>0x2000ede5</value>
         <object_component_ref idref="oc-1e3"/>
      </symbol>
      <symbol id="sm-1fa">
         <name>HwiP_construct</name>
         <value>0x2000d799</value>
         <object_component_ref idref="oc-19b"/>
      </symbol>
      <symbol id="sm-1fb">
         <name>HwiP_swiPIntNum</name>
         <value>0x2000f878</value>
         <object_component_ref idref="oc-1e1"/>
      </symbol>
      <symbol id="sm-1fc">
         <name>HwiP_Params_init</name>
         <value>0x2000f059</value>
         <object_component_ref idref="oc-145"/>
      </symbol>
      <symbol id="sm-1fd">
         <name>HwiP_create</name>
         <value>0x2000eacb</value>
         <object_component_ref idref="oc-146"/>
      </symbol>
      <symbol id="sm-1fe">
         <name>HwiP_post</name>
         <value>0x2000f1eb</value>
         <object_component_ref idref="oc-203"/>
      </symbol>
      <symbol id="sm-1ff">
         <name>HwiP_inISR</name>
         <value>0x2000f109</value>
         <object_component_ref idref="oc-17f"/>
      </symbol>
      <symbol id="sm-20f">
         <name>PowerCC32XX_initPolicy</name>
         <value>0x2000d577</value>
         <object_component_ref idref="oc-165"/>
      </symbol>
      <symbol id="sm-210">
         <name>PowerCC32XX_sleepPolicy</name>
         <value>0x2000c8dd</value>
         <object_component_ref idref="oc-16a"/>
      </symbol>
      <symbol id="sm-22d">
         <name>resetISR</name>
         <value>0x2000ee55</value>
         <object_component_ref idref="oc-21"/>
      </symbol>
      <symbol id="sm-22e">
         <name>initVectors</name>
         <value>0x2000e949</value>
         <object_component_ref idref="oc-46"/>
      </symbol>
      <symbol id="sm-243">
         <name>SwiP_disable</name>
         <value>0x2000ee01</value>
         <object_component_ref idref="oc-1a2"/>
      </symbol>
      <symbol id="sm-244">
         <name>SwiP_restore</name>
         <value>0x2000e769</value>
         <object_component_ref idref="oc-1bd"/>
      </symbol>
      <symbol id="sm-25b">
         <name>CPUcpsid</name>
         <value>0x2000ef7f</value>
         <object_component_ref idref="oc-62"/>
      </symbol>
      <symbol id="sm-25c">
         <name>CPUcpsie</name>
         <value>0x2000ef93</value>
         <object_component_ref idref="oc-185"/>
      </symbol>
      <symbol id="sm-25d">
         <name>CPUwfi</name>
         <value>0x2000d4d5</value>
         <object_component_ref idref="oc-202"/>
      </symbol>
      <symbol id="sm-296">
         <name>GPIODirModeSet</name>
         <value>0x2000e2e3</value>
         <object_component_ref idref="oc-147"/>
      </symbol>
      <symbol id="sm-297">
         <name>GPIOIntClear</name>
         <value>0x2000f047</value>
         <object_component_ref idref="oc-19e"/>
      </symbol>
      <symbol id="sm-298">
         <name>GPIOIntDisable</name>
         <value>0x2000ee71</value>
         <object_component_ref idref="oc-1e4"/>
      </symbol>
      <symbol id="sm-299">
         <name>GPIOIntEnable</name>
         <value>0x2000ef0d</value>
         <object_component_ref idref="oc-12e"/>
      </symbol>
      <symbol id="sm-29a">
         <name>GPIOIntStatus</name>
         <value>0x2000ea9d</value>
         <object_component_ref idref="oc-19f"/>
      </symbol>
      <symbol id="sm-29b">
         <name>GPIOIntTypeSet</name>
         <value>0x2000d249</value>
         <object_component_ref idref="oc-19c"/>
      </symbol>
      <symbol id="sm-29c">
         <name>GPIOPinWrite</name>
         <value>0x2000ece5</value>
         <object_component_ref idref="oc-148"/>
      </symbol>
      <symbol id="sm-2ec">
         <name>IntDisable</name>
         <value>0x2000d009</value>
         <object_component_ref idref="oc-226"/>
      </symbol>
      <symbol id="sm-2ed">
         <name>IntEnable</name>
         <value>0x2000d0d1</value>
         <object_component_ref idref="oc-1e0"/>
      </symbol>
      <symbol id="sm-2ee">
         <name>IntMasterDisable</name>
         <value>0x2000f1a3</value>
         <object_component_ref idref="oc-41"/>
      </symbol>
      <symbol id="sm-2ef">
         <name>IntMasterEnable</name>
         <value>0x2000f1ad</value>
         <object_component_ref idref="oc-127"/>
      </symbol>
      <symbol id="sm-2f0">
         <name>IntPendClear</name>
         <value>0x2000db75</value>
         <object_component_ref idref="oc-207"/>
      </symbol>
      <symbol id="sm-2f1">
         <name>IntPendSet</name>
         <value>0x2000d2f5</value>
         <object_component_ref idref="oc-222"/>
      </symbol>
      <symbol id="sm-2f2">
         <name>IntPrioritySet</name>
         <value>0x2000de05</value>
         <object_component_ref idref="oc-1df"/>
      </symbol>
      <symbol id="sm-2f3">
         <name>IntRegister</name>
         <value>0x2000ed29</value>
         <object_component_ref idref="oc-1de"/>
      </symbol>
      <symbol id="sm-2f4">
         <name>IntUnregister</name>
         <value>0x2000ebe9</value>
         <object_component_ref idref="oc-227"/>
      </symbol>
      <symbol id="sm-2f5">
         <name>IntVTableBaseSet</name>
         <value>0x2000efbb</value>
         <object_component_ref idref="oc-69"/>
      </symbol>
      <symbol id="sm-33b">
         <name>PinConfigGet</name>
         <value>0x2000e255</value>
         <object_component_ref idref="oc-218"/>
      </symbol>
      <symbol id="sm-33c">
         <name>PinConfigSet</name>
         <value>0x2000d399</value>
         <object_component_ref idref="oc-143"/>
      </symbol>
      <symbol id="sm-33d">
         <name>PinDirModeGet</name>
         <value>0x2000e879</value>
         <object_component_ref idref="oc-219"/>
      </symbol>
      <symbol id="sm-33e">
         <name>PinDirModeSet</name>
         <value>0x2000e605</value>
         <object_component_ref idref="oc-21a"/>
      </symbol>
      <symbol id="sm-33f">
         <name>PinLock</name>
         <value>0x2000e7d9</value>
         <object_component_ref idref="oc-1f6"/>
      </symbol>
      <symbol id="sm-340">
         <name>PinLockLevelSet</name>
         <value>0x2000d8f1</value>
         <object_component_ref idref="oc-1f4"/>
      </symbol>
      <symbol id="sm-341">
         <name>PinModeGet</name>
         <value>0x2000e8ad</value>
         <object_component_ref idref="oc-106"/>
      </symbol>
      <symbol id="sm-342">
         <name>PinModeSet</name>
         <value>0x2000e47d</value>
         <object_component_ref idref="oc-10b"/>
      </symbol>
      <symbol id="sm-343">
         <name>PinToPadGet</name>
         <value>0x2000eed9</value>
         <object_component_ref idref="oc-1f5"/>
      </symbol>
      <symbol id="sm-344">
         <name>PinUnlock</name>
         <value>0x2000ed07</value>
         <object_component_ref idref="oc-1fc"/>
      </symbol>
      <symbol id="sm-3f6">
         <name>PRCMCC3200MCUInit</name>
         <value>0x2000c041</value>
         <object_component_ref idref="oc-c8"/>
      </symbol>
      <symbol id="sm-3f7">
         <name>PRCMHIBRegRead</name>
         <value>0x2000ee8b</value>
         <object_component_ref idref="oc-102"/>
      </symbol>
      <symbol id="sm-3f8">
         <name>PRCMHIBRegWrite</name>
         <value>0x2000eea5</value>
         <object_component_ref idref="oc-101"/>
      </symbol>
      <symbol id="sm-3f9">
         <name>PRCMHibernateWakeUpGPIOSelect</name>
         <value>0x2000d80d</value>
         <object_component_ref idref="oc-162"/>
      </symbol>
      <symbol id="sm-3fa">
         <name>PRCMHibernateWakeupSourceDisable</name>
         <value>0x2000dc99</value>
         <object_component_ref idref="oc-164"/>
      </symbol>
      <symbol id="sm-3fb">
         <name>PRCMHibernateWakeupSourceEnable</name>
         <value>0x2000dfad</value>
         <object_component_ref idref="oc-163"/>
      </symbol>
      <symbol id="sm-3fc">
         <name>PRCMIntEnable</name>
         <value>0x2000e1c5</value>
         <object_component_ref idref="oc-1fb"/>
      </symbol>
      <symbol id="sm-3fd">
         <name>PRCMLPDSEnter</name>
         <value>0x2000de5d</value>
         <object_component_ref idref="oc-201"/>
      </symbol>
      <symbol id="sm-3fe">
         <name>PRCMLPDSEnterKeepDebugIf</name>
         <value>0x2000e29d</value>
         <object_component_ref idref="oc-200"/>
      </symbol>
      <symbol id="sm-3ff">
         <name>PRCMLPDSIntervalSet</name>
         <value>0x2000e9ad</value>
         <object_component_ref idref="oc-1b6"/>
      </symbol>
      <symbol id="sm-400">
         <name>PRCMLPDSRestoreInfoSet</name>
         <value>0x2000e099</value>
         <object_component_ref idref="oc-21b"/>
      </symbol>
      <symbol id="sm-401">
         <name>PRCMLPDSWakeUpGPIOSelect</name>
         <value>0x2000eaf5</value>
         <object_component_ref idref="oc-161"/>
      </symbol>
      <symbol id="sm-402">
         <name>PRCMLPDSWakeupCauseGet</name>
         <value>0x2000f167</value>
         <object_component_ref idref="oc-1fe"/>
      </symbol>
      <symbol id="sm-403">
         <name>PRCMLPDSWakeupSourceDisable</name>
         <value>0x2000eebf</value>
         <object_component_ref idref="oc-160"/>
      </symbol>
      <symbol id="sm-404">
         <name>PRCMLPDSWakeupSourceEnable</name>
         <value>0x2000ec31</value>
         <object_component_ref idref="oc-15f"/>
      </symbol>
      <symbol id="sm-405">
         <name>PRCMPeripheralClkDisable</name>
         <value>0x2000eb1f</value>
         <object_component_ref idref="oc-105"/>
      </symbol>
      <symbol id="sm-406">
         <name>PRCMPeripheralClkEnable</name>
         <value>0x2000dd51</value>
         <object_component_ref idref="oc-103"/>
      </symbol>
      <symbol id="sm-407">
         <name>PRCMPeripheralReset</name>
         <value>0x2000daa1</value>
         <object_component_ref idref="oc-104"/>
      </symbol>
      <symbol id="sm-408">
         <name>PRCMPeripheralStatusGet</name>
         <value>0x2000e20d</value>
         <object_component_ref idref="oc-199"/>
      </symbol>
      <symbol id="sm-409">
         <name>PRCMSRAMRetentionEnable</name>
         <value>0x2000eb71</value>
         <object_component_ref idref="oc-1f2"/>
      </symbol>
      <symbol id="sm-40a">
         <name>PRCMSleepEnter</name>
         <value>0x2000f1c7</value>
         <object_component_ref idref="oc-1bc"/>
      </symbol>
      <symbol id="sm-40b">
         <name>PRCMSlowClkCtrFastGet</name>
         <value>0x2000e9dd</value>
         <object_component_ref idref="oc-1e9"/>
      </symbol>
      <symbol id="sm-40c">
         <name>PRCMSysResetCauseGet</name>
         <value>0x2000d609</value>
         <object_component_ref idref="oc-fc"/>
      </symbol>
      <symbol id="sm-42a">
         <name>SysTickEnable</name>
         <value>0x2000f07d</value>
         <object_component_ref idref="oc-1ba"/>
      </symbol>
      <symbol id="sm-42b">
         <name>SysTickIntDisable</name>
         <value>0x2000f08f</value>
         <object_component_ref idref="oc-1b1"/>
      </symbol>
      <symbol id="sm-42c">
         <name>SysTickIntEnable</name>
         <value>0x2000f0a1</value>
         <object_component_ref idref="oc-1bb"/>
      </symbol>
      <symbol id="sm-42d">
         <name>SysTickPeriodSet</name>
         <value>0x2000ef53</value>
         <object_component_ref idref="oc-1b9"/>
      </symbol>
      <symbol id="sm-46c">
         <name>TimerControlStall</name>
         <value>0x2000e4bf</value>
         <object_component_ref idref="oc-1d6"/>
      </symbol>
      <symbol id="sm-46d">
         <name>TimerDisable</name>
         <value>0x2000eda9</value>
         <object_component_ref idref="oc-1cf"/>
      </symbol>
      <symbol id="sm-46e">
         <name>TimerEnable</name>
         <value>0x2000eef3</value>
         <object_component_ref idref="oc-1dc"/>
      </symbol>
      <symbol id="sm-46f">
         <name>TimerIntClear</name>
         <value>0x2000f129</value>
         <object_component_ref idref="oc-1d9"/>
      </symbol>
      <symbol id="sm-470">
         <name>TimerIntDisable</name>
         <value>0x2000ef69</value>
         <object_component_ref idref="oc-223"/>
      </symbol>
      <symbol id="sm-471">
         <name>TimerIntEnable</name>
         <value>0x2000f00d</value>
         <object_component_ref idref="oc-1da"/>
      </symbol>
      <symbol id="sm-472">
         <name>TimerLoadSet</name>
         <value>0x2000ea0d</value>
         <object_component_ref idref="oc-1d5"/>
      </symbol>
      <symbol id="sm-473">
         <name>TimerPrescaleSet</name>
         <value>0x2000ea3d</value>
         <object_component_ref idref="oc-1d4"/>
      </symbol>
      <symbol id="sm-47e">
         <name>UtilsDelay</name>
         <value>0x2000f1cf</value>
         <object_component_ref idref="oc-fd"/>
      </symbol>
      <symbol id="sm-4ab">
         <name>FlashDisable</name>
         <value>0x2000dc3d</value>
         <object_component_ref idref="oc-21d"/>
      </symbol>
      <symbol id="sm-4cb">
         <name>malloc</name>
         <value>0x2000f1d7</value>
         <object_component_ref idref="oc-19a"/>
      </symbol>
      <symbol id="sm-4cc">
         <name>aligned_alloc</name>
         <value>0x2000cdf1</value>
         <object_component_ref idref="oc-1dd"/>
      </symbol>
      <symbol id="sm-4cd">
         <name>free</name>
         <value>0x2000cf11</value>
         <object_component_ref idref="oc-171"/>
      </symbol>
      <symbol id="sm-4ce">
         <name>_sys_memory</name>
         <value>0x20004040</value>
         <object_component_ref idref="oc-28"/>
      </symbol>
      <symbol id="sm-4cf">
         <name>memalign</name>
         <value>0x2000cdf1</value>
         <object_component_ref idref="oc-1dd"/>
      </symbol>
      <symbol id="sm-4d9">
         <name>__TI_zero_init_nomemset</name>
         <value>0x2000f0c5</value>
         <object_component_ref idref="oc-3a"/>
      </symbol>
      <symbol id="sm-4e2">
         <name>__TI_decompress_none</name>
         <value>0x2000f159</value>
         <object_component_ref idref="oc-1c"/>
      </symbol>
      <symbol id="sm-4ec">
         <name>__TI_decompress_lzss</name>
         <value>0x2000db0b</value>
         <object_component_ref idref="oc-18"/>
      </symbol>
      <symbol id="sm-4f7">
         <name>_c_int00_noargs</name>
         <value>0x2000ecc1</value>
         <object_component_ref idref="oc-6c"/>
      </symbol>
      <symbol id="sm-4f8">
         <name>__stack</name>
         <value>0x20003000</value>
         <object_component_ref idref="oc-16"/>
      </symbol>
      <symbol id="sm-503">
         <name>abort</name>
         <value>0x2000f1ff</value>
         <object_component_ref idref="oc-ae"/>
      </symbol>
      <symbol id="sm-504">
         <name>C$$EXIT</name>
         <value>0x2000f1fe</value>
         <object_component_ref idref="oc-ae"/>
      </symbol>
      <symbol id="sm-50d">
         <name>_nop</name>
         <value>0x2000e17b</value>
         <object_component_ref idref="oc-150"/>
      </symbol>
      <symbol id="sm-50e">
         <name>_lock</name>
         <value>0x2000f87c</value>
         <object_component_ref idref="oc-f2"/>
      </symbol>
      <symbol id="sm-50f">
         <name>_unlock</name>
         <value>0x2000f880</value>
         <object_component_ref idref="oc-f5"/>
      </symbol>
      <symbol id="sm-51b">
         <name>__TI_auto_init_nobinit_nopinit</name>
         <value>0x2000e7a1</value>
         <object_component_ref idref="oc-b5"/>
      </symbol>
      <symbol id="sm-523">
         <name>_system_pre_init</name>
         <value>0x2000f1fb</value>
         <object_component_ref idref="oc-81"/>
      </symbol>
      <symbol id="sm-52a">
         <name>__aeabi_memcpy</name>
         <value>0x2000f205</value>
         <object_component_ref idref="oc-33"/>
      </symbol>
      <symbol id="sm-52b">
         <name>__aeabi_memcpy4</name>
         <value>0x2000f205</value>
         <object_component_ref idref="oc-33"/>
      </symbol>
      <symbol id="sm-52c">
         <name>__aeabi_memcpy8</name>
         <value>0x2000f205</value>
         <object_component_ref idref="oc-33"/>
      </symbol>
      <symbol id="sm-532">
         <name>__aeabi_uldivmod</name>
         <value>0x2000f021</value>
         <object_component_ref idref="oc-1ad"/>
      </symbol>
      <symbol id="sm-538">
         <name>__udivmoddi4</name>
         <value>0x2000d199</value>
         <object_component_ref idref="oc-1ea"/>
      </symbol>
      <symbol id="sm-542">
         <name>__aeabi_ldiv0</name>
         <value>0x2000deb3</value>
         <object_component_ref idref="oc-211"/>
      </symbol>
      <symbol id="sm-54a">
         <name>TI_memcpy_small</name>
         <value>0x2000f0b3</value>
         <object_component_ref idref="oc-77"/>
      </symbol>
      <symbol id="sm-54b">
         <name>__TI_static_base__</name>
         <value>0x2000ff24</value>
      </symbol>
      <symbol id="sm-54e">
         <name>ITM_flush</name>
         <value>0x0</value>
      </symbol>
      <symbol id="sm-54f">
         <name>ITM_restore</name>
         <value>0x0</value>
      </symbol>
      <symbol id="sm-550">
         <name>__mpu_init</name>
         <value>0x0</value>
      </symbol>
      <symbol id="sm-551">
         <name>_system_post_cinit</name>
         <value>0x0</value>
      </symbol>
   </symbol_table>
   <title>Link successful</title>
</link_info>
