******************************************************************************
            TI ARM Clang Linker Unix v2.1.3                    
******************************************************************************
>> Linked Sun Nov 26 07:17:35 2023

OUTPUT FILE NAME:   <gpiointerrupt_CC3220S_LAUNCHXL_nortos_ticlang.out>
ENTRY POINT SYMBOL: "resetISR"  address: 2000ee55


MEMORY CONFIGURATION

         name            origin    length      used     unused   attr    fill
----------------------  --------  ---------  --------  --------  ----  --------
  SRAM2                 20000000   00004000  0000130c  00002cf4  RW X
  SRAM                  20004000   0003c000  0000c015  0002ffeb  RW X
  LOG_DATA              90000000   00040000  00000000  00040000  R   
  LOG_PTR               94000008   00040000  00000000  00040000  R   


SEGMENT ALLOCATION MAP

run origin  load origin   length   init length attrs members
----------  ----------- ---------- ----------- ----- -------
20003000    20003000    00001000   00000000    rw-
  20003000    20003000    00001000   00000000    rw- .stack
20004000    20004000    00000040   00000040    r--
  20004000    20004000    00000040   00000040    r-- .resetVecs
20004040    20004040    00008000   00000000    rw-
  20004040    20004040    00008000   00000000    rw- .sysmem
2000c040    2000c040    000031c8   000031c8    r-x
  2000c040    2000c040    000031c8   000031c8    r-x .text
2000f208    2000f208    00000685   00000000    rw-
  2000f208    2000f208    00000685   00000000    rw- .data
2000f890    2000f890    000003ac   000003ac    r--
  2000f890    2000f890    000003ac   000003ac    r-- .rodata
2000fc40    2000fc40    000002e4   00000000    rw-
  2000fc40    2000fc40    000002e4   00000000    rw- .bss
2000ff24    2000ff24    000000f8   000000f8    r--
  2000ff24    2000ff24    000000f8   000000f8    r-- .cinit


SECTION ALLOCATION MAP

 output                                  attributes/
section   page    origin      length       input sections
--------  ----  ----------  ----------   ----------------
.text      0    2000c040    000031c8     
                  2000c040    000004b8     driverlib.a : prcm.obj (.text.PRCMCC3200MCUInit)
                  2000c4f8    000003e4     drivers_cc32xx.a : PowerCC32XX.c.obj (.text.Power_sleep)
                  2000c8dc    00000150     nortos_cc32xx.a : PowerCC32XX_nortos.c.obj (.text.PowerCC32XX_sleepPolicy)
                  2000ca2c    00000148     drivers_cc32xx.a : TimerCC32XX.c.obj (.text.Timer_open)
                  2000cb74    00000140                      : GPIOCC32XX.c.obj (.text.GPIO_setConfig)
                  2000ccb4    0000013c     gpiointerrupt.o (.text.TickFct_SOS)
                  2000cdf0    00000120     libc.a : memory.c.obj (.text.aligned_alloc)
                  2000cf10    000000f8            : memory.c.obj (.text.free)
                  2000d008    000000c8     driverlib.a : interrupt.obj (.text.IntDisable)
                  2000d0d0    000000c8                 : interrupt.obj (.text.IntEnable)
                  2000d198    000000b0     libclang_rt.builtins.a : udivmoddi4.S.obj (.text)
                  2000d248    000000ac     driverlib.a : gpio.obj (.text.GPIOIntTypeSet)
                  2000d2f4    000000a4                 : interrupt.obj (.text.IntPendSet)
                  2000d398    000000a2                 : pin.obj (.text.PinConfigSet)
                  2000d43a    00000002     ti_drivers_config.o (.text.Board_initHook)
                  2000d43c    00000098     nortos_cc32xx.a : SemaphoreP_nortos.c.obj (.text.SemaphoreP_pend)
                  2000d4d4    0000000c     driverlib.a : cpu.obj (.text.CPUwfi)
                  2000d4e0    00000096     drivers_cc32xx.a : PowerCC32XX_ticlang.asm.obj (.text)
                  2000d576    00000002     nortos_cc32xx.a : PowerCC32XX_nortos.c.obj (.text.PowerCC32XX_initPolicy)
                  2000d578    00000090     drivers_cc32xx.a : GPIOCC32XX.c.obj (.text.GPIO_init)
                  2000d608    0000008e     driverlib.a : prcm.obj (.text.PRCMSysResetCauseGet)
                  2000d696    00000002     nortos_cc32xx.a : SemaphoreP_nortos.c.obj (.text.SemaphoreP_destruct)
                  2000d698    00000088     drivers_cc32xx.a : PowerCC32XX.c.obj (.text.PowerCC32XX_configureWakeup)
                  2000d720    00000078                      : PowerCC32XX.c.obj (.text.Power_init)
                  2000d798    00000074     nortos_cc32xx.a : HwiPCC32XX_nortos.c.obj (.text.HwiP_construct)
                  2000d80c    00000074     driverlib.a : prcm.obj (.text.PRCMHibernateWakeUpGPIOSelect)
                  2000d880    00000070     gpiointerrupt.o (.text.mainThread)
                  2000d8f0    0000006c     driverlib.a : pin.obj (.text.PinLockLevelSet)
                  2000d95c    0000006c     drivers_cc32xx.a : PowerCC32XX.c.obj (.text.Power_setDependency)
                  2000d9c8    0000006c                      : GPIOCC32XX.c.obj (.text.powerNotifyFxn)
                  2000da34    0000006c     libc.a : memory.c.obj (.text.split)
                  2000daa0    0000006a     driverlib.a : prcm.obj (.text.PRCMPeripheralReset)
                  2000db0a    0000006a     libc.a : copy_decompress_lzss.c.obj (.text:decompress:lzss)
                  2000db74    00000068     driverlib.a : interrupt.obj (.text.IntPendClear)
                  2000dbdc    00000060     drivers_cc32xx.a : GPIOCC32XX.c.obj (.text.GPIO_write)
                  2000dc3c    0000005c     driverlib.a : flash.obj (.text.FlashDisable)
                  2000dc98    0000005c                 : prcm.obj (.text.PRCMHibernateWakeupSourceDisable)
                  2000dcf4    0000005c     drivers_cc32xx.a : TimerCC32XX.c.obj (.text.TimerCC32XX_allocateTimerResource)
                  2000dd50    0000005a     driverlib.a : prcm.obj (.text.PRCMPeripheralClkEnable)
                  2000ddaa    00000002     drivers_cc32xx.a : Timer.c.obj (.text.Timer_init)
                  2000ddac    00000058     nortos_cc32xx.a : ClockPSysTick_nortos.c.obj (.text.ClockP_startup)
                  2000de04    00000058     driverlib.a : interrupt.obj (.text.IntPrioritySet)
                  2000de5c    00000056                 : prcm.obj (.text.PRCMLPDSEnter)
                  2000deb2    00000002     libclang_rt.builtins.a : aeabi_div0.c.obj (.text.__aeabi_ldiv0)
                  2000deb4    00000054     drivers_cc32xx.a : PowerCC32XX.c.obj (.text.PowerCC32XX_setParkState)
                  2000df08    00000054                      : PowerCC32XX.c.obj (.text.Power_releaseDependency)
                  2000df5c    00000050                      : GPIOCC32XX.c.obj (.text.GPIO_hwiIntFxn)
                  2000dfac    00000050     driverlib.a : prcm.obj (.text.PRCMHibernateWakeupSourceEnable)
                  2000dffc    00000050     nortos_cc32xx.a : SemaphoreP_nortos.c.obj (.text.SemaphoreP_construct)
                  2000e04c    0000004c     drivers_cc32xx.a : GPIOCC32XX.c.obj (.text.GPIO_setInterruptConfig)
                  2000e098    0000004c     driverlib.a : prcm.obj (.text.PRCMLPDSRestoreInfoSet)
                  2000e0e4    0000004c     drivers_cc32xx.a : TimerCC32XX.c.obj (.text.initHw)
                  2000e130    0000004a                      : TimerCC32XX.c.obj (.text.getPrescaler)
                  2000e17a    00000002     libc.a : _lock.c.obj (.text._nop)
                  2000e17c    00000048     nortos_cc32xx.a : ClockPSysTick_nortos.c.obj (.text.ClockP_sysTickHandler)
                  2000e1c4    00000048     driverlib.a : prcm.obj (.text.PRCMIntEnable)
                  2000e20c    00000048                 : prcm.obj (.text.PRCMPeripheralStatusGet)
                  2000e254    00000048                 : pin.obj (.text.PinConfigGet)
                  2000e29c    00000046                 : prcm.obj (.text.PRCMLPDSEnterKeepDebugIf)
                  2000e2e2    00000044                 : gpio.obj (.text.GPIODirModeSet)
                  2000e326    00000002     nortos_cc32xx.a : startup_cc32xx_ticlang.c.obj (.text.busFaultHandler)
                  2000e328    00000044     drivers_cc32xx.a : GPIOCC32XX.c.obj (.text.GPIO_disableInt)
                  2000e36c    00000044                      : GPIOCC32XX.c.obj (.text.GPIO_enableInt)
                  2000e3b0    00000044                      : PowerCC32XX.c.obj (.text.Power_releaseConstraint)
                  2000e3f4    00000044                      : Timer.c.obj (.text.Timer_start)
                  2000e438    00000044     nortos_cc32xx.a : ClockPSysTick_nortos.c.obj (.text.addToList)
                  2000e47c    00000042     driverlib.a : pin.obj (.text.PinModeSet)
                  2000e4be    00000042                 : timer.obj (.text.TimerControlStall)
                  2000e500    00000042     drivers_cc32xx.a : TimerCC32XX.c.obj (.text.Timer_close)
                  2000e542    00000042     nortos_cc32xx.a : PowerCC32XX_nortos.c.obj (.text.getCountsRTC)
                  2000e584    00000040                     : SemaphoreP_nortos.c.obj (.text.SemaphoreP_post)
                  2000e5c4    00000040     drivers_cc32xx.a : Timer.c.obj (.text.Timer_stop)
                  2000e604    0000003e     driverlib.a : pin.obj (.text.PinDirModeSet)
                  2000e642    00000002     nortos_cc32xx.a : SemaphoreP_nortos.c.obj (.text.clkFxn)
                  2000e644    0000003c                     : ClockPSysTick_nortos.c.obj (.text.ClockP_stop)
                  2000e680    0000003c     gpiointerrupt.o (.text.initTimer)
                  2000e6bc    0000003a     drivers_cc32xx.a : TimerCC32XX.c.obj (.text.TimerSupport_timerEnable)
                  2000e6f6    00000002     nortos_cc32xx.a : startup_cc32xx_ticlang.c.obj (.text.defaultHandler)
                  2000e6f8    00000038                     : ClockPSysTick_nortos.c.obj (.text.ClockP_destruct)
                  2000e730    00000038     drivers_cc32xx.a : PowerCC32XX.c.obj (.text.Power_setConstraint)
                  2000e768    00000038     nortos_cc32xx.a : SwiP_nortos.c.obj (.text.SwiP_restore)
                  2000e7a0    00000038     libc.a : autoinit.c.obj (.text:__TI_auto_init_nobinit_nopinit)
                  2000e7d8    00000036     driverlib.a : pin.obj (.text.PinLock)
                  2000e80e    00000036     drivers_cc32xx.a : TimerCC32XX.c.obj (.text.TimerCC32XX_hwiIntFunction)
                  2000e844    00000034     nortos_cc32xx.a : ClockPSysTick_nortos.c.obj (.text.ClockP_start)
                  2000e878    00000034     driverlib.a : pin.obj (.text.PinDirModeGet)
                  2000e8ac    00000034                 : pin.obj (.text.PinModeGet)
                  2000e8e0    00000034     drivers_cc32xx.a : PowerCC32XX.c.obj (.text.PowerCC32XX_parkPin)
                  2000e914    00000034                      : TimerCC32XX.c.obj (.text.TimerCC32XX_freeTimerResource)
                  2000e948    00000034     nortos_cc32xx.a : startup_cc32xx_ticlang.c.obj (.text.initVectors)
                  2000e97c    00000030                     : ClockPSysTick_nortos.c.obj (.text.ClockP_getTicksUntilInterrupt)
                  2000e9ac    00000030     driverlib.a : prcm.obj (.text.PRCMLPDSIntervalSet)
                  2000e9dc    00000030                 : prcm.obj (.text.PRCMSlowClkCtrFastGet)
                  2000ea0c    00000030                 : timer.obj (.text.TimerLoadSet)
                  2000ea3c    00000030                 : timer.obj (.text.TimerPrescaleSet)
                  2000ea6c    00000030     drivers_cc32xx.a : PowerCC32XX.c.obj (.text.notify)
                  2000ea9c    0000002e     driverlib.a : gpio.obj (.text.GPIOIntStatus)
                  2000eaca    0000002a     nortos_cc32xx.a : HwiPCC32XX_nortos.c.obj (.text.HwiP_create)
                  2000eaf4    0000002a     driverlib.a : prcm.obj (.text.PRCMLPDSWakeUpGPIOSelect)
                  2000eb1e    0000002a                 : prcm.obj (.text.PRCMPeripheralClkDisable)
                  2000eb48    00000028     drivers_cc32xx.a : List.c.obj (.text.List_remove)
                  2000eb70    00000028     driverlib.a : prcm.obj (.text.PRCMSRAMRetentionEnable)
                  2000eb98    00000028     drivers_cc32xx.a : TimerCC32XX.c.obj (.text.TimerSupport_timerDisable)
                  2000ebc0    00000028     libc.a : memory.c.obj (.text.free_list_insert)
                  2000ebe8    00000024     driverlib.a : interrupt.obj (.text.IntUnregister)
                  2000ec0c    00000024     drivers_cc32xx.a : List.c.obj (.text.List_put)
                  2000ec30    00000024     driverlib.a : prcm.obj (.text.PRCMLPDSWakeupSourceEnable)
                  2000ec54    00000024     drivers_cc32xx.a : PowerCC32XX.c.obj (.text.PowerCC32XX_restoreParkedPin)
                  2000ec78    00000024                      : PowerCC32XX.c.obj (.text.Power_registerNotify)
                  2000ec9c    00000024     gpiointerrupt.o (.text.timerCallback)
                  2000ecc0    00000024     libc.a : boot_cortex_m.c.obj (.text:_c_int00_noargs)
                  2000ece4    00000022     driverlib.a : gpio.obj (.text.GPIOPinWrite)
                  2000ed06    00000022                 : pin.obj (.text.PinUnlock)
                  2000ed28    00000020                 : interrupt.obj (.text.IntRegister)
                  2000ed48    00000020     drivers_cc32xx.a : PowerCC32XX.c.obj (.text.Power_unregisterNotify)
                  2000ed68    00000020     nortos_cc32xx.a : SemaphoreP_nortos.c.obj (.text.SemaphoreP_constructBinary)
                  2000ed88    00000020                     : SemaphoreP_nortos.c.obj (.text.SemaphoreP_createBinary)
                  2000eda8    00000020     driverlib.a : timer.obj (.text.TimerDisable)
                  2000edc8    0000001c     drivers_cc32xx.a : GPIO.c.obj (.text.GPIO_setCallback)
                  2000ede4    0000001c     nortos_cc32xx.a : HwiPCC32XX_nortos.c.obj (.text.HwiP_dispatch)
                  2000ee00    0000001c                     : SwiP_nortos.c.obj (.text.SwiP_disable)
                  2000ee1c    0000001c     libc.a : memory.c.obj (.text.free_list_remove)
                  2000ee38    0000001c     drivers_cc32xx.a : TimerCC32XX.c.obj (.text.getPowerMgrId)
                  2000ee54    0000001c     nortos_cc32xx.a : startup_cc32xx_ticlang.c.obj (.text.resetISR)
                  2000ee70    0000001a     driverlib.a : gpio.obj (.text.GPIOIntDisable)
                  2000ee8a    0000001a                 : prcm.obj (.text.PRCMHIBRegRead)
                  2000eea4    0000001a                 : prcm.obj (.text.PRCMHIBRegWrite)
                  2000eebe    0000001a                 : prcm.obj (.text.PRCMLPDSWakeupSourceDisable)
                  2000eed8    0000001a                 : pin.obj (.text.PinToPadGet)
                  2000eef2    0000001a                 : timer.obj (.text.TimerEnable)
                  2000ef0c    00000018                 : gpio.obj (.text.GPIOIntEnable)
                  2000ef24    00000018     nortos_cc32xx.a : SemaphoreP_nortos.c.obj (.text.SemaphoreP_create)
                  2000ef3c    00000016     ti_drivers_config.o (.text.Board_init)
                  2000ef52    00000016     driverlib.a : systick.obj (.text.SysTickPeriodSet)
                  2000ef68    00000016                 : timer.obj (.text.TimerIntDisable)
                  2000ef7e    00000014                 : cpu.obj (.text.CPUcpsid)
                  2000ef92    00000014                 : cpu.obj (.text.CPUcpsie)
                  2000efa6    00000014     nortos_cc32xx.a : HwiPCC32XX_nortos.c.obj (.text.HwiP_destruct)
                  2000efba    00000014     driverlib.a : interrupt.obj (.text.IntVTableBaseSet)
                  2000efce    00000002     nortos_cc32xx.a : startup_cc32xx_ticlang.c.obj (.text.faultISR)
                  2000efd0    00000014     drivers_cc32xx.a : PowerCC32XX.c.obj (.text.Power_disablePolicy)
                  2000efe4    00000014                      : PowerCC32XX.c.obj (.text.Power_getTransitionLatency)
                  2000eff8    00000014                      : PowerCC32XX.c.obj (.text.Power_idleFunc)
                  2000f00c    00000014     driverlib.a : timer.obj (.text.TimerIntEnable)
                  2000f020    00000014     libclang_rt.builtins.a : aeabi_uldivmod.S.obj (.text)
                  2000f034    00000012     nortos_cc32xx.a : ClockPSysTick_nortos.c.obj (.text.ClockP_add)
                  2000f046    00000012     driverlib.a : gpio.obj (.text.GPIOIntClear)
                  2000f058    00000012     nortos_cc32xx.a : HwiPCC32XX_nortos.c.obj (.text.HwiP_Params_init)
                  2000f06a    00000012                     : HwiPCC32XX_nortos.c.obj (.text.HwiP_delete)
                  2000f07c    00000012     driverlib.a : systick.obj (.text.SysTickEnable)
                  2000f08e    00000012                 : systick.obj (.text.SysTickIntDisable)
                  2000f0a0    00000012                 : systick.obj (.text.SysTickIntEnable)
                  2000f0b2    00000012     libc.a : memcpy_t2.S.obj (.text:TI_memcpy_small)
                  2000f0c4    00000012            : copy_zero_init.c.obj (.text:decompress:ZI:__TI_zero_init_nomemset)
                  2000f0d6    00000002     nortos_cc32xx.a : startup_cc32xx_ticlang.c.obj (.text.nmiISR)
                  2000f0d8    00000010                     : ClockPSysTick_nortos.c.obj (.text.ClockP_getCpuFreq)
                  2000f0e8    00000010                     : ClockPSysTick_nortos.c.obj (.text.ClockP_getSystemTicks)
                  2000f0f8    00000010                     : ClockPSysTick_nortos.c.obj (.text.ClockP_setTicks)
                  2000f108    00000010                     : HwiPCC32XX_nortos.c.obj (.text.HwiP_inISR)
                  2000f118    00000010     drivers_cc32xx.a : PowerCC32XX.c.obj (.text.Power_enablePolicy)
                  2000f128    00000010     driverlib.a : timer.obj (.text.TimerIntClear)
                  2000f138    00000010     drivers_cc32xx.a : Timer.c.obj (.text.Timer_Params_init)
                  2000f148    00000010     main_nortos.o (.text.main)
                  2000f158    0000000e     libc.a : copy_decompress_none.c.obj (.text:decompress:none)
                  2000f166    0000000c     driverlib.a : prcm.obj (.text.PRCMLPDSWakeupCauseGet)
                  2000f172    00000002     --HOLE-- [fill = 0]
                  2000f174    0000000c     drivers_cc32xx.a : PowerCC32XX.c.obj (.text.Power_getConstraintMask)
                  2000f180    0000000c     gpiointerrupt.o (.text.handleGpioButton)
                  2000f18c    0000000c     drivers_cc32xx.a : TimerCC32XX.c.obj (.text.postNotifyFxn)
                  2000f198    0000000a     nortos_cc32xx.a : ClockPSysTick_nortos.c.obj (.text.ClockP_isActive)
                  2000f1a2    0000000a     driverlib.a : interrupt.obj (.text.IntMasterDisable)
                  2000f1ac    0000000a                 : interrupt.obj (.text.IntMasterEnable)
                  2000f1b6    00000008     nortos_cc32xx.a : HwiPCC32XX_nortos.c.obj (.text.HwiP_disable)
                  2000f1be    00000008                     : HwiPCC32XX_nortos.c.obj (.text.HwiP_restore)
                  2000f1c6    00000008     driverlib.a : prcm.obj (.text.PRCMSleepEnter)
                  2000f1ce    00000008                 : utils.obj (.text.UtilsDelay)
                  2000f1d6    00000008     libc.a : memory.c.obj (.text.malloc)
                  2000f1de    00000004     nortos_cc32xx.a : ClockPSysTick_nortos.c.obj (.text.ClockP_doTick)
                  2000f1e2    00000004                     : HwiPCC32XX_nortos.c.obj (.text.HwiP_clearInterrupt)
                  2000f1e6    00000004                     : HwiPCC32XX_nortos.c.obj (.text.HwiP_enable)
                  2000f1ea    00000004                     : HwiPCC32XX_nortos.c.obj (.text.HwiP_post)
                  2000f1ee    00000004     driverlib.a : interrupt.obj (.text.IntDefaultHandler)
                  2000f1f2    00000004     nortos_cc32xx.a : NoRTOS.c.obj (.text.NoRTOS_start)
                  2000f1f6    00000004                     : SemaphoreP_nortos.c.obj (.text.SemaphoreP_delete)
                  2000f1fa    00000004     libc.a : pre_init.c.obj (.text._system_pre_init)
                  2000f1fe    00000004            : exit.c.obj (.text:abort)
                  2000f202    00000002     --HOLE-- [fill = 0]
                  2000f204    00000004     libclang_rt.builtins.a : aeabi_memcpy.S.obj (.text)

.ramVecs   0    20000000    0000030c     NOLOAD SECTION
                  20000000    0000030c     nortos_cc32xx.a : startup_cc32xx_ticlang.c.obj (.ramVecs)

.stack     0    20003000    00001000     UNINITIALIZED
                  20003000    00000004     libc.a : boot_cortex_m.c.obj (.stack)
                  20003004    00000ffc     --HOLE--

.resetVecs 
*          0    20004000    00000040     
                  20004000    00000040     nortos_cc32xx.a : startup_cc32xx_ticlang.c.obj (.resetVecs)

.sysmem    0    20004040    00008000     UNINITIALIZED
                  20004040    00000010     libc.a : memory.c.obj (.sysmem)
                  20004050    00007ff0     --HOLE--

.rodata    0    2000f890    000003ac     
                  2000f890    00000100     driverlib.a : pin.obj (.rodata.g_ulPinToPadMap)
                  2000f990    000000d4                 : interrupt.obj (.rodata.g_pulRegs)
                  2000fa64    000000a8                 : prcm.obj (.rodata.PRCM_PeriphRegsList)
                  2000fb0c    00000044     ti_drivers_config.o (.rodata.PowerCC32XX_config)
                  2000fb50    00000028     drivers_cc32xx.a : GPIOCC32XX.c.obj (.rodata.portConfigs)
                  2000fb78    00000021                      : GPIOCC32XX.c.obj (.rodata.pinTable)
                  2000fb99    00000001     ti_drivers_config.o (.rodata.GPIO_pinUpperBound)
                  2000fb9a    00000001     ti_drivers_config.o (.rodata.Timer_count)
                  2000fb9b    00000001     --HOLE-- [fill = 0]
                  2000fb9c    00000018     driverlib.a : interrupt.obj (.rodata.g_pulDisRegs)
                  2000fbb4    00000018                 : interrupt.obj (.rodata.g_pulEnRegs)
                  2000fbcc    00000018                 : interrupt.obj (.rodata.g_pulPendRegs)
                  2000fbe4    00000018                 : interrupt.obj (.rodata.g_pulUnpendRegs)
                  2000fbfc    00000010     ti_drivers_config.o (.rodata.GPIO_config)
                  2000fc0c    00000010     ti_drivers_config.o (.rodata.timerCC32XXHWAttrs)
                  2000fc1c    0000000c     drivers_cc32xx.a : Timer.c.obj (.rodata.defaultParams)
                  2000fc28    0000000c                      : TimerCC32XX.c.obj (.rodata.defaultParams)
                  2000fc34    00000008     ti_drivers_config.o (.rodata.Timer_config)

.cinit     0    2000ff24    000000f8     
                  2000ff24    000000d2     (.cinit..data.load) [load image, compression = lzss]
                  2000fff6    00000002     --HOLE-- [fill = 0]
                  2000fff8    0000000c     (__TI_handler_table)
                  20010004    00000008     (.cinit..bss.load) [load image, compression = zero_init]
                  2001000c    00000010     (__TI_cinit_table)

.init_array 
*          0    20004000    00000000     UNINITIALIZED

.data      0    2000f208    00000685     UNINITIALIZED
                  2000f208    0000030c     nortos_cc32xx.a : HwiPCC32XX_nortos.c.obj (.data.HwiP_dispatchTable)
                  2000f514    0000016c     drivers_cc32xx.a : PowerCC32XX.c.obj (.data.PowerCC32XX_module)
                  2000f680    000000f8     ti_drivers_config.o (.data.parkInfo)
                  2000f778    00000084     ti_drivers_config.o (.data.gpioPinConfigs)
                  2000f7fc    0000004c     nortos_cc32xx.a : SwiP_nortos.c.obj (.data..L_MergedGlobals)
                  2000f848    00000018     drivers_cc32xx.a : GPIOCC32XX.c.obj (.data..L_MergedGlobals)
                  2000f860    00000010     nortos_cc32xx.a : SemaphoreP_nortos.c.obj (.data..L_MergedGlobals)
                  2000f870    00000008                     : ClockPSysTick_nortos.c.obj (.data..L_MergedGlobals)
                  2000f878    00000004                     : HwiPCC32XX_nortos.c.obj (.data.HwiP_swiPIntNum)
                  2000f87c    00000004     libc.a : _lock.c.obj (.data._lock)
                  2000f880    00000004            : _lock.c.obj (.data._unlock)
                  2000f884    00000003     gpiointerrupt.o (.data..L_MergedGlobals.1)
                  2000f887    00000002     gpiointerrupt.o (.data..L_MergedGlobals)
                  2000f889    00000001     drivers_cc32xx.a : GPIOCC32XX.c.obj (.data.initCalled)
                  2000f88a    00000001                      : GPIOCC32XX.c.obj (.data.portHwiCreatedBitMask)
                  2000f88b    00000001     --HOLE--
                  2000f88c    00000001     libc.a : memory.c.obj (.data.memory_is_initialized)

.bss       0    2000fc40    000002e4     UNINITIALIZED
                  2000fc40    0000012c     (.common:PowerCC32XX_contextSave)
                  2000fd6c    00000084     (.common:gpioCallbackFunctions)
                  2000fdf0    00000084     (.common:gpioUserArgs)
                  2000fe74    00000084     (.common:timerCC32XXObjects)
                  2000fef8    00000010     (.common:ClockP_ctrl)
                  2000ff08    00000010     (.common:tasks)
                  2000ff18    00000004     nortos_cc32xx.a : ClockPSysTick_nortos.c.obj (.bss.sysTickPeriod)
                  2000ff1c    00000004     libc.a : memory.c.obj (.bss.sys_free)
                  2000ff20    00000004     drivers_cc32xx.a : TimerCC32XX.c.obj (.bss.timerState.0)

.log_data 
*          0    90000000    00000000     COPY SECTION

.log_ptr   0    94000008    00000000     COPY SECTION

__llvm_prf_cnts 
*          0    20004000    00000000     UNINITIALIZED

__llvm_prf_bits 
*          0    20004000    00000000     UNINITIALIZED

MODULE SUMMARY

       Module                         code    ro data   rw data
       ------                         ----    -------   -------
    ./
       gpiointerrupt.o                536     0         21     
       main_nortos.o                  16      0         0      
    +--+------------------------------+-------+---------+---------+
       Total:                         552     0         21     
                                                               
    ./syscfg/
       ti_drivers_config.o            24      110       776    
    +--+------------------------------+-------+---------+---------+
       Total:                         24      110       776    
                                                               
    /home/crono/ti/simplelink_cc32xx_sdk_7_10_00_13/kernel/nortos/lib/ticlang/m4/nortos_cc32xx.a
       HwiPCC32XX_nortos.c.obj        286     0         784    
       startup_cc32xx_ticlang.c.obj   88      64        780    
       ClockPSysTick_nortos.c.obj     524     0         28     
       SemaphoreP_nortos.c.obj        392     0         16     
       PowerCC32XX_nortos.c.obj       404     0         0      
       SwiP_nortos.c.obj              84      0         76     
       NoRTOS.c.obj                   4       0         0      
    +--+------------------------------+-------+---------+---------+
       Total:                         1782    64        1684   
                                                               
    /home/crono/ti/simplelink_cc32xx_sdk_7_10_00_13/source/ti/devices/cc32xx/driverlib/ticlang/Release/driverlib.a
       prcm.obj                       2564    168       0      
       interrupt.obj                  868     308       0      
       pin.obj                        688     256       0      
       gpio.obj                       388     0         0      
       timer.obj                      278     0         0      
       flash.obj                      92      0         0      
       systick.obj                    76      0         0      
       cpu.obj                        52      0         0      
       utils.obj                      8       0         0      
    +--+------------------------------+-------+---------+---------+
       Total:                         5014    732       0      
                                                               
    /home/crono/ti/simplelink_cc32xx_sdk_7_10_00_13/source/ti/drivers/lib/ticlang/m4/drivers_cc32xx.a
       PowerCC32XX.c.obj              1944    0         664    
       GPIOCC32XX.c.obj               960     73        26     
       TimerCC32XX.c.obj              880     12        4      
       Timer.c.obj                    150     12        0      
       PowerCC32XX_ticlang.asm.obj    150     0         0      
       List.c.obj                     76      0         0      
       GPIO.c.obj                     28      0         0      
    +--+------------------------------+-------+---------+---------+
       Total:                         4188    97        694    
                                                               
    /opt/ccstudio/ccs/tools/compiler/ti-cgt-armllvm_2.1.3.LTS/lib/armv7em-ti-none-eabi/c/libc.a
       memory.c.obj                   720     0         5      
       copy_decompress_lzss.c.obj     106     0         0      
       autoinit.c.obj                 56      0         0      
       boot_cortex_m.c.obj            36      0         0      
       copy_zero_init.c.obj           18      0         0      
       memcpy_t2.S.obj                18      0         0      
       copy_decompress_none.c.obj     14      0         0      
       _lock.c.obj                    2       0         8      
       exit.c.obj                     4       0         0      
       pre_init.c.obj                 4       0         0      
    +--+------------------------------+-------+---------+---------+
       Total:                         978     0         13     
                                                               
    /opt/ccstudio/ccs/tools/compiler/ti-cgt-armllvm_2.1.3.LTS/lib/clang/14.0.6/lib/armv7em-ti-none-eabi/libclang_rt.builtins.a
       udivmoddi4.S.obj               176     0         0      
       aeabi_uldivmod.S.obj           20      0         0      
       aeabi_memcpy.S.obj             4       0         0      
       aeabi_div0.c.obj               2       0         0      
    +--+------------------------------+-------+---------+---------+
       Total:                         202     0         0      
                                                               
       Heap:                          0       0         32768  
       Stack:                         0       0         4096   
       Linker Generated:              0       246       0      
    +--+------------------------------+-------+---------+---------+
       Grand Total:                   12740   1249      40052  


LINKER GENERATED COPY TABLES

__TI_cinit_table @ 2001000c records: 2, size/record: 8, table size: 16
	.data: load addr=2000ff24, load size=000000d2 bytes, run addr=2000f208, run size=00000685 bytes, compression=lzss
	.bss: load addr=20010004, load size=00000008 bytes, run addr=2000fc40, run size=000002e4 bytes, compression=zero_init


LINKER GENERATED HANDLER TABLE

__TI_handler_table @ 2000fff8 records: 3, size/record: 4, table size: 12
	index: 0, handler: __TI_decompress_lzss
	index: 1, handler: __TI_decompress_none
	index: 2, handler: __TI_zero_init


GLOBAL SYMBOLS: SORTED ALPHABETICALLY BY Name 

address   name                             
-------   ----                             
2000ef3d  Board_init                       
2000d43b  Board_initHook                   
2000f1fe  C$$EXIT                          
2000ef7f  CPUcpsid                         
2000ef93  CPUcpsie                         
2000d4d5  CPUwfi                           
2000f035  ClockP_add                       
2000fef8  ClockP_ctrl                      
2000e6f9  ClockP_destruct                  
2000f1df  ClockP_doTick                    
2000f0d9  ClockP_getCpuFreq                
2000f0e9  ClockP_getSystemTicks            
2000e97d  ClockP_getTicksUntilInterrupt    
2000f199  ClockP_isActive                  
2000f0f9  ClockP_setTicks                  
2000e845  ClockP_start                     
2000ddad  ClockP_startup                   
2000e645  ClockP_stop                      
2000e17d  ClockP_sysTickHandler            
2000f874  ClockP_tickPeriod                
2000dc3d  FlashDisable                     
2000e2e3  GPIODirModeSet                   
2000f047  GPIOIntClear                     
2000ee71  GPIOIntDisable                   
2000ef0d  GPIOIntEnable                    
2000ea9d  GPIOIntStatus                    
2000d249  GPIOIntTypeSet                   
2000ece5  GPIOPinWrite                     
2000fbfc  GPIO_config                      
2000e329  GPIO_disableInt                  
2000e36d  GPIO_enableInt                   
2000df5d  GPIO_hwiIntFxn                   
2000d579  GPIO_init                        
2000fb99  GPIO_pinUpperBound               
2000edc9  GPIO_setCallback                 
2000cb75  GPIO_setConfig                   
2000e04d  GPIO_setInterruptConfig          
2000dbdd  GPIO_write                       
2000f059  HwiP_Params_init                 
2000f1e3  HwiP_clearInterrupt              
2000d799  HwiP_construct                   
2000eacb  HwiP_create                      
2000f06b  HwiP_delete                      
2000efa7  HwiP_destruct                    
2000f1b7  HwiP_disable                     
2000ede5  HwiP_dispatch                    
2000f1e7  HwiP_enable                      
2000f109  HwiP_inISR                       
2000f1eb  HwiP_post                        
2000f1bf  HwiP_restore                     
2000f878  HwiP_swiPIntNum                  
UNDEFED   ITM_flush                        
UNDEFED   ITM_restore                      
2000d009  IntDisable                       
2000d0d1  IntEnable                        
2000f1a3  IntMasterDisable                 
2000f1ad  IntMasterEnable                  
2000db75  IntPendClear                     
2000d2f5  IntPendSet                       
2000de05  IntPrioritySet                   
2000ed29  IntRegister                      
2000ebe9  IntUnregister                    
2000efbb  IntVTableBaseSet                 
2000ec0d  List_put                         
2000eb49  List_remove                      
2000f1f3  NoRTOS_start                     
2000c041  PRCMCC3200MCUInit                
2000ee8b  PRCMHIBRegRead                   
2000eea5  PRCMHIBRegWrite                  
2000d80d  PRCMHibernateWakeUpGPIOSelect    
2000dc99  PRCMHibernateWakeupSourceDisable 
2000dfad  PRCMHibernateWakeupSourceEnable  
2000e1c5  PRCMIntEnable                    
2000de5d  PRCMLPDSEnter                    
2000e29d  PRCMLPDSEnterKeepDebugIf         
2000e9ad  PRCMLPDSIntervalSet              
2000e099  PRCMLPDSRestoreInfoSet           
2000eaf5  PRCMLPDSWakeUpGPIOSelect         
2000f167  PRCMLPDSWakeupCauseGet           
2000eebf  PRCMLPDSWakeupSourceDisable      
2000ec31  PRCMLPDSWakeupSourceEnable       
2000eb1f  PRCMPeripheralClkDisable         
2000dd51  PRCMPeripheralClkEnable          
2000daa1  PRCMPeripheralReset              
2000e20d  PRCMPeripheralStatusGet          
2000eb71  PRCMSRAMRetentionEnable          
2000f1c7  PRCMSleepEnter                   
2000e9dd  PRCMSlowClkCtrFastGet            
2000d609  PRCMSysResetCauseGet             
2000e255  PinConfigGet                     
2000d399  PinConfigSet                     
2000e879  PinDirModeGet                    
2000e605  PinDirModeSet                    
2000e7d9  PinLock                          
2000d8f1  PinLockLevelSet                  
2000e8ad  PinModeGet                       
2000e47d  PinModeSet                       
2000eed9  PinToPadGet                      
2000ed07  PinUnlock                        
2000fb0c  PowerCC32XX_config               
2000d699  PowerCC32XX_configureWakeup      
2000fc40  PowerCC32XX_contextSave          
2000d4e1  PowerCC32XX_enterLPDS            
2000d577  PowerCC32XX_initPolicy           
2000f514  PowerCC32XX_module               
2000e8e1  PowerCC32XX_parkPin              
2000ec55  PowerCC32XX_restoreParkedPin     
2000d525  PowerCC32XX_resumeLPDS           
2000deb5  PowerCC32XX_setParkState         
2000c8dd  PowerCC32XX_sleepPolicy          
2000efd1  Power_disablePolicy              
2000f119  Power_enablePolicy               
2000f175  Power_getConstraintMask          
2000efe5  Power_getTransitionLatency       
2000eff9  Power_idleFunc                   
2000d721  Power_init                       
2000ec79  Power_registerNotify             
2000e3b1  Power_releaseConstraint          
2000df09  Power_releaseDependency          
2000e731  Power_setConstraint              
2000d95d  Power_setDependency              
2000c4f9  Power_sleep                      
2000ed49  Power_unregisterNotify           
2000dffd  SemaphoreP_construct             
2000ed69  SemaphoreP_constructBinary       
2000ef25  SemaphoreP_create                
2000ed89  SemaphoreP_createBinary          
2000f868  SemaphoreP_defaultParams         
2000f1f7  SemaphoreP_delete                
2000d697  SemaphoreP_destruct              
2000d43d  SemaphoreP_pend                  
2000e585  SemaphoreP_post                  
2000ee01  SwiP_disable                     
2000e769  SwiP_restore                     
2000f07d  SysTickEnable                    
2000f08f  SysTickIntDisable                
2000f0a1  SysTickIntEnable                 
2000ef53  SysTickPeriodSet                 
2000f0b3  TI_memcpy_small                  
2000ccb5  TickFct_SOS                      
2000dcf5  TimerCC32XX_allocateTimerResource
2000e915  TimerCC32XX_freeTimerResource    
2000e4bf  TimerControlStall                
2000eda9  TimerDisable                     
2000eef3  TimerEnable                      
2000f129  TimerIntClear                    
2000ef69  TimerIntDisable                  
2000f00d  TimerIntEnable                   
2000ea0d  TimerLoadSet                     
2000ea3d  TimerPrescaleSet                 
2000eb99  TimerSupport_timerDisable        
2000e6bd  TimerSupport_timerEnable         
2000f139  Timer_Params_init                
2000e501  Timer_close                      
2000fc34  Timer_config                     
2000fb9a  Timer_count                      
2000ddab  Timer_init                       
2000ca2d  Timer_open                       
2000e3f5  Timer_start                      
2000e5c5  Timer_stop                       
2000f1cf  UtilsDelay                       
20004000  __STACK_END                      
00001000  __STACK_SIZE                     
00008000  __SYSMEM_SIZE                    
2001000c  __TI_CINIT_Base                  
2001001c  __TI_CINIT_Limit                 
2001001c  __TI_CINIT_Warm                  
2000fff8  __TI_Handler_Table_Base          
20010004  __TI_Handler_Table_Limit         
2000e7a1  __TI_auto_init_nobinit_nopinit   
2000db0b  __TI_decompress_lzss             
2000f159  __TI_decompress_none             
ffffffff  __TI_pprof_out_hndl              
ffffffff  __TI_prof_data_size              
ffffffff  __TI_prof_data_start             
2000ff24  __TI_static_base__               
2000f0c5  __TI_zero_init_nomemset          
2000deb3  __aeabi_ldiv0                    
2000f205  __aeabi_memcpy                   
2000f205  __aeabi_memcpy4                  
2000f205  __aeabi_memcpy8                  
2000f021  __aeabi_uldivmod                 
ffffffff  __binit__                        
UNDEFED   __mpu_init                       
20003000  __stack                          
20004000  __start___llvm_prf_bits          
20004000  __start___llvm_prf_cnts          
20004000  __stop___llvm_prf_bits           
20004000  __stop___llvm_prf_cnts           
2000d199  __udivmoddi4                     
2000ecc1  _c_int00_noargs                  
2000f87c  _lock                            
2000e17b  _nop                             
20004040  _sys_memory                      
UNDEFED   _system_post_cinit               
2000f1fb  _system_pre_init                 
2000f880  _unlock                          
2000f1ff  abort                            
2000cdf1  aligned_alloc                    
ffffffff  binit                            
2000e643  clkFxn                           
2000cf11  free                             
2000fd6c  gpioCallbackFunctions            
2000f778  gpioPinConfigs                   
2000fdf0  gpioUserArgs                     
2000f181  handleGpioButton                 
2000e681  initTimer                        
2000e949  initVectors                      
2000f149  main                             
2000d881  mainThread                       
2000f1d7  malloc                           
2000cdf1  memalign                         
2000f888  messageSos                       
2000f680  parkInfo                         
2000ee55  resetISR                         
2000f887  switchMessage                    
2000ff08  tasks                            
2000fc0c  timerCC32XXHWAttrs               
2000fe74  timerCC32XXObjects               
2000ec9d  timerCallback                    


GLOBAL SYMBOLS: SORTED BY Symbol Address 

address   name                             
-------   ----                             
00001000  __STACK_SIZE                     
00008000  __SYSMEM_SIZE                    
20003000  __stack                          
20004000  __STACK_END                      
20004000  __start___llvm_prf_bits          
20004000  __start___llvm_prf_cnts          
20004000  __stop___llvm_prf_bits           
20004000  __stop___llvm_prf_cnts           
20004040  _sys_memory                      
2000c041  PRCMCC3200MCUInit                
2000c4f9  Power_sleep                      
2000c8dd  PowerCC32XX_sleepPolicy          
2000ca2d  Timer_open                       
2000cb75  GPIO_setConfig                   
2000ccb5  TickFct_SOS                      
2000cdf1  aligned_alloc                    
2000cdf1  memalign                         
2000cf11  free                             
2000d009  IntDisable                       
2000d0d1  IntEnable                        
2000d199  __udivmoddi4                     
2000d249  GPIOIntTypeSet                   
2000d2f5  IntPendSet                       
2000d399  PinConfigSet                     
2000d43b  Board_initHook                   
2000d43d  SemaphoreP_pend                  
2000d4d5  CPUwfi                           
2000d4e1  PowerCC32XX_enterLPDS            
2000d525  PowerCC32XX_resumeLPDS           
2000d577  PowerCC32XX_initPolicy           
2000d579  GPIO_init                        
2000d609  PRCMSysResetCauseGet             
2000d697  SemaphoreP_destruct              
2000d699  PowerCC32XX_configureWakeup      
2000d721  Power_init                       
2000d799  HwiP_construct                   
2000d80d  PRCMHibernateWakeUpGPIOSelect    
2000d881  mainThread                       
2000d8f1  PinLockLevelSet                  
2000d95d  Power_setDependency              
2000daa1  PRCMPeripheralReset              
2000db0b  __TI_decompress_lzss             
2000db75  IntPendClear                     
2000dbdd  GPIO_write                       
2000dc3d  FlashDisable                     
2000dc99  PRCMHibernateWakeupSourceDisable 
2000dcf5  TimerCC32XX_allocateTimerResource
2000dd51  PRCMPeripheralClkEnable          
2000ddab  Timer_init                       
2000ddad  ClockP_startup                   
2000de05  IntPrioritySet                   
2000de5d  PRCMLPDSEnter                    
2000deb3  __aeabi_ldiv0                    
2000deb5  PowerCC32XX_setParkState         
2000df09  Power_releaseDependency          
2000df5d  GPIO_hwiIntFxn                   
2000dfad  PRCMHibernateWakeupSourceEnable  
2000dffd  SemaphoreP_construct             
2000e04d  GPIO_setInterruptConfig          
2000e099  PRCMLPDSRestoreInfoSet           
2000e17b  _nop                             
2000e17d  ClockP_sysTickHandler            
2000e1c5  PRCMIntEnable                    
2000e20d  PRCMPeripheralStatusGet          
2000e255  PinConfigGet                     
2000e29d  PRCMLPDSEnterKeepDebugIf         
2000e2e3  GPIODirModeSet                   
2000e329  GPIO_disableInt                  
2000e36d  GPIO_enableInt                   
2000e3b1  Power_releaseConstraint          
2000e3f5  Timer_start                      
2000e47d  PinModeSet                       
2000e4bf  TimerControlStall                
2000e501  Timer_close                      
2000e585  SemaphoreP_post                  
2000e5c5  Timer_stop                       
2000e605  PinDirModeSet                    
2000e643  clkFxn                           
2000e645  ClockP_stop                      
2000e681  initTimer                        
2000e6bd  TimerSupport_timerEnable         
2000e6f9  ClockP_destruct                  
2000e731  Power_setConstraint              
2000e769  SwiP_restore                     
2000e7a1  __TI_auto_init_nobinit_nopinit   
2000e7d9  PinLock                          
2000e845  ClockP_start                     
2000e879  PinDirModeGet                    
2000e8ad  PinModeGet                       
2000e8e1  PowerCC32XX_parkPin              
2000e915  TimerCC32XX_freeTimerResource    
2000e949  initVectors                      
2000e97d  ClockP_getTicksUntilInterrupt    
2000e9ad  PRCMLPDSIntervalSet              
2000e9dd  PRCMSlowClkCtrFastGet            
2000ea0d  TimerLoadSet                     
2000ea3d  TimerPrescaleSet                 
2000ea9d  GPIOIntStatus                    
2000eacb  HwiP_create                      
2000eaf5  PRCMLPDSWakeUpGPIOSelect         
2000eb1f  PRCMPeripheralClkDisable         
2000eb49  List_remove                      
2000eb71  PRCMSRAMRetentionEnable          
2000eb99  TimerSupport_timerDisable        
2000ebe9  IntUnregister                    
2000ec0d  List_put                         
2000ec31  PRCMLPDSWakeupSourceEnable       
2000ec55  PowerCC32XX_restoreParkedPin     
2000ec79  Power_registerNotify             
2000ec9d  timerCallback                    
2000ecc1  _c_int00_noargs                  
2000ece5  GPIOPinWrite                     
2000ed07  PinUnlock                        
2000ed29  IntRegister                      
2000ed49  Power_unregisterNotify           
2000ed69  SemaphoreP_constructBinary       
2000ed89  SemaphoreP_createBinary          
2000eda9  TimerDisable                     
2000edc9  GPIO_setCallback                 
2000ede5  HwiP_dispatch                    
2000ee01  SwiP_disable                     
2000ee55  resetISR                         
2000ee71  GPIOIntDisable                   
2000ee8b  PRCMHIBRegRead                   
2000eea5  PRCMHIBRegWrite                  
2000eebf  PRCMLPDSWakeupSourceDisable      
2000eed9  PinToPadGet                      
2000eef3  TimerEnable                      
2000ef0d  GPIOIntEnable                    
2000ef25  SemaphoreP_create                
2000ef3d  Board_init                       
2000ef53  SysTickPeriodSet                 
2000ef69  TimerIntDisable                  
2000ef7f  CPUcpsid                         
2000ef93  CPUcpsie                         
2000efa7  HwiP_destruct                    
2000efbb  IntVTableBaseSet                 
2000efd1  Power_disablePolicy              
2000efe5  Power_getTransitionLatency       
2000eff9  Power_idleFunc                   
2000f00d  TimerIntEnable                   
2000f021  __aeabi_uldivmod                 
2000f035  ClockP_add                       
2000f047  GPIOIntClear                     
2000f059  HwiP_Params_init                 
2000f06b  HwiP_delete                      
2000f07d  SysTickEnable                    
2000f08f  SysTickIntDisable                
2000f0a1  SysTickIntEnable                 
2000f0b3  TI_memcpy_small                  
2000f0c5  __TI_zero_init_nomemset          
2000f0d9  ClockP_getCpuFreq                
2000f0e9  ClockP_getSystemTicks            
2000f0f9  ClockP_setTicks                  
2000f109  HwiP_inISR                       
2000f119  Power_enablePolicy               
2000f129  TimerIntClear                    
2000f139  Timer_Params_init                
2000f149  main                             
2000f159  __TI_decompress_none             
2000f167  PRCMLPDSWakeupCauseGet           
2000f175  Power_getConstraintMask          
2000f181  handleGpioButton                 
2000f199  ClockP_isActive                  
2000f1a3  IntMasterDisable                 
2000f1ad  IntMasterEnable                  
2000f1b7  HwiP_disable                     
2000f1bf  HwiP_restore                     
2000f1c7  PRCMSleepEnter                   
2000f1cf  UtilsDelay                       
2000f1d7  malloc                           
2000f1df  ClockP_doTick                    
2000f1e3  HwiP_clearInterrupt              
2000f1e7  HwiP_enable                      
2000f1eb  HwiP_post                        
2000f1f3  NoRTOS_start                     
2000f1f7  SemaphoreP_delete                
2000f1fb  _system_pre_init                 
2000f1fe  C$$EXIT                          
2000f1ff  abort                            
2000f205  __aeabi_memcpy                   
2000f205  __aeabi_memcpy4                  
2000f205  __aeabi_memcpy8                  
2000f514  PowerCC32XX_module               
2000f680  parkInfo                         
2000f778  gpioPinConfigs                   
2000f868  SemaphoreP_defaultParams         
2000f874  ClockP_tickPeriod                
2000f878  HwiP_swiPIntNum                  
2000f87c  _lock                            
2000f880  _unlock                          
2000f887  switchMessage                    
2000f888  messageSos                       
2000fb0c  PowerCC32XX_config               
2000fb99  GPIO_pinUpperBound               
2000fb9a  Timer_count                      
2000fbfc  GPIO_config                      
2000fc0c  timerCC32XXHWAttrs               
2000fc34  Timer_config                     
2000fc40  PowerCC32XX_contextSave          
2000fd6c  gpioCallbackFunctions            
2000fdf0  gpioUserArgs                     
2000fe74  timerCC32XXObjects               
2000fef8  ClockP_ctrl                      
2000ff08  tasks                            
2000ff24  __TI_static_base__               
2000fff8  __TI_Handler_Table_Base          
20010004  __TI_Handler_Table_Limit         
2001000c  __TI_CINIT_Base                  
2001001c  __TI_CINIT_Limit                 
2001001c  __TI_CINIT_Warm                  
ffffffff  __TI_pprof_out_hndl              
ffffffff  __TI_prof_data_size              
ffffffff  __TI_prof_data_start             
ffffffff  __binit__                        
ffffffff  binit                            
UNDEFED   ITM_flush                        
UNDEFED   ITM_restore                      
UNDEFED   __mpu_init                       
UNDEFED   _system_post_cinit               

[220 symbols]
