<?xml version="1.0" encoding="ISO-8859-1" ?>
<link_info>
   <banner>TI ARM Clang Linker Unix v2.1.3.LTS</banner>
   <copyright>Copyright (c) 1996-2018 Texas Instruments Incorporated</copyright>
   <link_time>0x65739cf7</link_time>
   <link_errors>0x0</link_errors>
   <output_file>gpiointerrupt_CC3220S_LAUNCHXL_nortos_ticlang.out</output_file>
   <entry_point>
      <name>resetISR</name>
      <address>0x200113e9</address>
   </entry_point>
   <input_file_list>
      <input_file id="fl-1">
         <path>./</path>
         <kind>object</kind>
         <file>gpiointerrupt.o</file>
         <name>gpiointerrupt.o</name>
      </input_file>
      <input_file id="fl-2">
         <path>./syscfg/</path>
         <kind>object</kind>
         <file>ti_drivers_config.o</file>
         <name>ti_drivers_config.o</name>
      </input_file>
      <input_file id="fl-3">
         <path>./</path>
         <kind>object</kind>
         <file>main_nortos.o</file>
         <name>main_nortos.o</name>
      </input_file>
      <input_file id="fl-13">
         <kind>object</kind>
         <file>&lt;internal&gt;</file>
         <name>&lt;internal&gt;</name>
      </input_file>
      <input_file id="fl-14">
         <path>/home/crono/ti/simplelink_cc32xx_sdk_7_10_00_13/source/ti/drivers/lib/ticlang/m4/</path>
         <kind>archive</kind>
         <file>drivers_cc32xx.a</file>
         <name>GPIO.c.obj</name>
      </input_file>
      <input_file id="fl-15">
         <path>/home/crono/ti/simplelink_cc32xx_sdk_7_10_00_13/source/ti/drivers/lib/ticlang/m4/</path>
         <kind>archive</kind>
         <file>drivers_cc32xx.a</file>
         <name>GPIOCC32XX.c.obj</name>
      </input_file>
      <input_file id="fl-16">
         <path>/home/crono/ti/simplelink_cc32xx_sdk_7_10_00_13/source/ti/drivers/lib/ticlang/m4/</path>
         <kind>archive</kind>
         <file>drivers_cc32xx.a</file>
         <name>I2C.c.obj</name>
      </input_file>
      <input_file id="fl-17">
         <path>/home/crono/ti/simplelink_cc32xx_sdk_7_10_00_13/source/ti/drivers/lib/ticlang/m4/</path>
         <kind>archive</kind>
         <file>drivers_cc32xx.a</file>
         <name>I2CCC32XX.c.obj</name>
      </input_file>
      <input_file id="fl-18">
         <path>/home/crono/ti/simplelink_cc32xx_sdk_7_10_00_13/source/ti/drivers/lib/ticlang/m4/</path>
         <kind>archive</kind>
         <file>drivers_cc32xx.a</file>
         <name>PowerCC32XX.c.obj</name>
      </input_file>
      <input_file id="fl-19">
         <path>/home/crono/ti/simplelink_cc32xx_sdk_7_10_00_13/source/ti/drivers/lib/ticlang/m4/</path>
         <kind>archive</kind>
         <file>drivers_cc32xx.a</file>
         <name>PowerCC32XX_ticlang.asm.obj</name>
      </input_file>
      <input_file id="fl-1a">
         <path>/home/crono/ti/simplelink_cc32xx_sdk_7_10_00_13/source/ti/drivers/lib/ticlang/m4/</path>
         <kind>archive</kind>
         <file>drivers_cc32xx.a</file>
         <name>Timer.c.obj</name>
      </input_file>
      <input_file id="fl-1b">
         <path>/home/crono/ti/simplelink_cc32xx_sdk_7_10_00_13/source/ti/drivers/lib/ticlang/m4/</path>
         <kind>archive</kind>
         <file>drivers_cc32xx.a</file>
         <name>TimerCC32XX.c.obj</name>
      </input_file>
      <input_file id="fl-1c">
         <path>/home/crono/ti/simplelink_cc32xx_sdk_7_10_00_13/source/ti/drivers/lib/ticlang/m4/</path>
         <kind>archive</kind>
         <file>drivers_cc32xx.a</file>
         <name>UART2.c.obj</name>
      </input_file>
      <input_file id="fl-1d">
         <path>/home/crono/ti/simplelink_cc32xx_sdk_7_10_00_13/source/ti/drivers/lib/ticlang/m4/</path>
         <kind>archive</kind>
         <file>drivers_cc32xx.a</file>
         <name>UART2CC32XX.c.obj</name>
      </input_file>
      <input_file id="fl-1e">
         <path>/home/crono/ti/simplelink_cc32xx_sdk_7_10_00_13/source/ti/drivers/lib/ticlang/m4/</path>
         <kind>archive</kind>
         <file>drivers_cc32xx.a</file>
         <name>List.c.obj</name>
      </input_file>
      <input_file id="fl-1f">
         <path>/home/crono/ti/simplelink_cc32xx_sdk_7_10_00_13/source/ti/drivers/lib/ticlang/m4/</path>
         <kind>archive</kind>
         <file>drivers_cc32xx.a</file>
         <name>RingBuf.c.obj</name>
      </input_file>
      <input_file id="fl-20">
         <path>/home/crono/ti/simplelink_cc32xx_sdk_7_10_00_13/source/ti/drivers/lib/ticlang/m4/</path>
         <kind>archive</kind>
         <file>drivers_cc32xx.a</file>
         <name>UDMACC32XX.c.obj</name>
      </input_file>
      <input_file id="fl-21">
         <path>/home/crono/ti/simplelink_cc32xx_sdk_7_10_00_13/kernel/nortos/lib/ticlang/m4/</path>
         <kind>archive</kind>
         <file>nortos_cc32xx.a</file>
         <name>NoRTOS.c.obj</name>
      </input_file>
      <input_file id="fl-22">
         <path>/home/crono/ti/simplelink_cc32xx_sdk_7_10_00_13/kernel/nortos/lib/ticlang/m4/</path>
         <kind>archive</kind>
         <file>nortos_cc32xx.a</file>
         <name>SemaphoreP_nortos.c.obj</name>
      </input_file>
      <input_file id="fl-23">
         <path>/home/crono/ti/simplelink_cc32xx_sdk_7_10_00_13/kernel/nortos/lib/ticlang/m4/</path>
         <kind>archive</kind>
         <file>nortos_cc32xx.a</file>
         <name>ClockPSysTick_nortos.c.obj</name>
      </input_file>
      <input_file id="fl-24">
         <path>/home/crono/ti/simplelink_cc32xx_sdk_7_10_00_13/kernel/nortos/lib/ticlang/m4/</path>
         <kind>archive</kind>
         <file>nortos_cc32xx.a</file>
         <name>HwiPCC32XX_nortos.c.obj</name>
      </input_file>
      <input_file id="fl-25">
         <path>/home/crono/ti/simplelink_cc32xx_sdk_7_10_00_13/kernel/nortos/lib/ticlang/m4/</path>
         <kind>archive</kind>
         <file>nortos_cc32xx.a</file>
         <name>PowerCC32XX_nortos.c.obj</name>
      </input_file>
      <input_file id="fl-26">
         <path>/home/crono/ti/simplelink_cc32xx_sdk_7_10_00_13/kernel/nortos/lib/ticlang/m4/</path>
         <kind>archive</kind>
         <file>nortos_cc32xx.a</file>
         <name>startup_cc32xx_ticlang.c.obj</name>
      </input_file>
      <input_file id="fl-27">
         <path>/home/crono/ti/simplelink_cc32xx_sdk_7_10_00_13/kernel/nortos/lib/ticlang/m4/</path>
         <kind>archive</kind>
         <file>nortos_cc32xx.a</file>
         <name>SwiP_nortos.c.obj</name>
      </input_file>
      <input_file id="fl-28">
         <path>/home/crono/ti/simplelink_cc32xx_sdk_7_10_00_13/source/ti/devices/cc32xx/driverlib/ticlang/Release/</path>
         <kind>archive</kind>
         <file>driverlib.a</file>
         <name>cpu.obj</name>
      </input_file>
      <input_file id="fl-29">
         <path>/home/crono/ti/simplelink_cc32xx_sdk_7_10_00_13/source/ti/devices/cc32xx/driverlib/ticlang/Release/</path>
         <kind>archive</kind>
         <file>driverlib.a</file>
         <name>gpio.obj</name>
      </input_file>
      <input_file id="fl-2a">
         <path>/home/crono/ti/simplelink_cc32xx_sdk_7_10_00_13/source/ti/devices/cc32xx/driverlib/ticlang/Release/</path>
         <kind>archive</kind>
         <file>driverlib.a</file>
         <name>hwspinlock.obj</name>
      </input_file>
      <input_file id="fl-2b">
         <path>/home/crono/ti/simplelink_cc32xx_sdk_7_10_00_13/source/ti/devices/cc32xx/driverlib/ticlang/Release/</path>
         <kind>archive</kind>
         <file>driverlib.a</file>
         <name>i2c.obj</name>
      </input_file>
      <input_file id="fl-2c">
         <path>/home/crono/ti/simplelink_cc32xx_sdk_7_10_00_13/source/ti/devices/cc32xx/driverlib/ticlang/Release/</path>
         <kind>archive</kind>
         <file>driverlib.a</file>
         <name>interrupt.obj</name>
      </input_file>
      <input_file id="fl-2d">
         <path>/home/crono/ti/simplelink_cc32xx_sdk_7_10_00_13/source/ti/devices/cc32xx/driverlib/ticlang/Release/</path>
         <kind>archive</kind>
         <file>driverlib.a</file>
         <name>pin.obj</name>
      </input_file>
      <input_file id="fl-2e">
         <path>/home/crono/ti/simplelink_cc32xx_sdk_7_10_00_13/source/ti/devices/cc32xx/driverlib/ticlang/Release/</path>
         <kind>archive</kind>
         <file>driverlib.a</file>
         <name>prcm.obj</name>
      </input_file>
      <input_file id="fl-2f">
         <path>/home/crono/ti/simplelink_cc32xx_sdk_7_10_00_13/source/ti/devices/cc32xx/driverlib/ticlang/Release/</path>
         <kind>archive</kind>
         <file>driverlib.a</file>
         <name>spi.obj</name>
      </input_file>
      <input_file id="fl-30">
         <path>/home/crono/ti/simplelink_cc32xx_sdk_7_10_00_13/source/ti/devices/cc32xx/driverlib/ticlang/Release/</path>
         <kind>archive</kind>
         <file>driverlib.a</file>
         <name>systick.obj</name>
      </input_file>
      <input_file id="fl-31">
         <path>/home/crono/ti/simplelink_cc32xx_sdk_7_10_00_13/source/ti/devices/cc32xx/driverlib/ticlang/Release/</path>
         <kind>archive</kind>
         <file>driverlib.a</file>
         <name>timer.obj</name>
      </input_file>
      <input_file id="fl-32">
         <path>/home/crono/ti/simplelink_cc32xx_sdk_7_10_00_13/source/ti/devices/cc32xx/driverlib/ticlang/Release/</path>
         <kind>archive</kind>
         <file>driverlib.a</file>
         <name>uart.obj</name>
      </input_file>
      <input_file id="fl-33">
         <path>/home/crono/ti/simplelink_cc32xx_sdk_7_10_00_13/source/ti/devices/cc32xx/driverlib/ticlang/Release/</path>
         <kind>archive</kind>
         <file>driverlib.a</file>
         <name>udma.obj</name>
      </input_file>
      <input_file id="fl-34">
         <path>/home/crono/ti/simplelink_cc32xx_sdk_7_10_00_13/source/ti/devices/cc32xx/driverlib/ticlang/Release/</path>
         <kind>archive</kind>
         <file>driverlib.a</file>
         <name>utils.obj</name>
      </input_file>
      <input_file id="fl-35">
         <path>/home/crono/ti/simplelink_cc32xx_sdk_7_10_00_13/source/ti/devices/cc32xx/driverlib/ticlang/Release/</path>
         <kind>archive</kind>
         <file>driverlib.a</file>
         <name>flash.obj</name>
      </input_file>
      <input_file id="fl-41">
         <path>/opt/ccstudio/ccs/tools/compiler/ti-cgt-armllvm_2.1.3.LTS/lib/armv7em-ti-none-eabi/c/</path>
         <kind>archive</kind>
         <file>libc.a</file>
         <name>snprintf.c.obj</name>
      </input_file>
      <input_file id="fl-42">
         <path>/opt/ccstudio/ccs/tools/compiler/ti-cgt-armllvm_2.1.3.LTS/lib/armv7em-ti-none-eabi/c/</path>
         <kind>archive</kind>
         <file>libc.a</file>
         <name>memory.c.obj</name>
      </input_file>
      <input_file id="fl-43">
         <path>/opt/ccstudio/ccs/tools/compiler/ti-cgt-armllvm_2.1.3.LTS/lib/armv7em-ti-none-eabi/c/</path>
         <kind>archive</kind>
         <file>libc.a</file>
         <name>copy_zero_init.c.obj</name>
      </input_file>
      <input_file id="fl-44">
         <path>/opt/ccstudio/ccs/tools/compiler/ti-cgt-armllvm_2.1.3.LTS/lib/armv7em-ti-none-eabi/c/</path>
         <kind>archive</kind>
         <file>libc.a</file>
         <name>copy_decompress_none.c.obj</name>
      </input_file>
      <input_file id="fl-45">
         <path>/opt/ccstudio/ccs/tools/compiler/ti-cgt-armllvm_2.1.3.LTS/lib/armv7em-ti-none-eabi/c/</path>
         <kind>archive</kind>
         <file>libc.a</file>
         <name>copy_decompress_lzss.c.obj</name>
      </input_file>
      <input_file id="fl-46">
         <path>/opt/ccstudio/ccs/tools/compiler/ti-cgt-armllvm_2.1.3.LTS/lib/armv7em-ti-none-eabi/c/</path>
         <kind>archive</kind>
         <file>libc.a</file>
         <name>boot_cortex_m.c.obj</name>
      </input_file>
      <input_file id="fl-47">
         <path>/opt/ccstudio/ccs/tools/compiler/ti-cgt-armllvm_2.1.3.LTS/lib/armv7em-ti-none-eabi/c/</path>
         <kind>archive</kind>
         <file>libc.a</file>
         <name>mathacl_init.c.obj</name>
      </input_file>
      <input_file id="fl-48">
         <path>/opt/ccstudio/ccs/tools/compiler/ti-cgt-armllvm_2.1.3.LTS/lib/armv7em-ti-none-eabi/c/</path>
         <kind>archive</kind>
         <file>libc.a</file>
         <name>_printfi.c.obj</name>
      </input_file>
      <input_file id="fl-49">
         <path>/opt/ccstudio/ccs/tools/compiler/ti-cgt-armllvm_2.1.3.LTS/lib/armv7em-ti-none-eabi/c/</path>
         <kind>archive</kind>
         <file>libc.a</file>
         <name>s_frexp.c.obj</name>
      </input_file>
      <input_file id="fl-4a">
         <path>/opt/ccstudio/ccs/tools/compiler/ti-cgt-armllvm_2.1.3.LTS/lib/armv7em-ti-none-eabi/c/</path>
         <kind>archive</kind>
         <file>libc.a</file>
         <name>s_scalbn.c.obj</name>
      </input_file>
      <input_file id="fl-4b">
         <path>/opt/ccstudio/ccs/tools/compiler/ti-cgt-armllvm_2.1.3.LTS/lib/armv7em-ti-none-eabi/c/</path>
         <kind>archive</kind>
         <file>libc.a</file>
         <name>aeabi_portable.c.obj</name>
      </input_file>
      <input_file id="fl-4c">
         <path>/opt/ccstudio/ccs/tools/compiler/ti-cgt-armllvm_2.1.3.LTS/lib/armv7em-ti-none-eabi/c/</path>
         <kind>archive</kind>
         <file>libc.a</file>
         <name>exit.c.obj</name>
      </input_file>
      <input_file id="fl-4d">
         <path>/opt/ccstudio/ccs/tools/compiler/ti-cgt-armllvm_2.1.3.LTS/lib/armv7em-ti-none-eabi/c/</path>
         <kind>archive</kind>
         <file>libc.a</file>
         <name>_lock.c.obj</name>
      </input_file>
      <input_file id="fl-4e">
         <path>/opt/ccstudio/ccs/tools/compiler/ti-cgt-armllvm_2.1.3.LTS/lib/armv7em-ti-none-eabi/c/</path>
         <kind>archive</kind>
         <file>libc.a</file>
         <name>_ltoa.c.obj</name>
      </input_file>
      <input_file id="fl-4f">
         <path>/opt/ccstudio/ccs/tools/compiler/ti-cgt-armllvm_2.1.3.LTS/lib/armv7em-ti-none-eabi/c/</path>
         <kind>archive</kind>
         <file>libc.a</file>
         <name>args_main.c.obj</name>
      </input_file>
      <input_file id="fl-50">
         <path>/opt/ccstudio/ccs/tools/compiler/ti-cgt-armllvm_2.1.3.LTS/lib/armv7em-ti-none-eabi/c/</path>
         <kind>archive</kind>
         <file>libc.a</file>
         <name>assert.c.obj</name>
      </input_file>
      <input_file id="fl-51">
         <path>/opt/ccstudio/ccs/tools/compiler/ti-cgt-armllvm_2.1.3.LTS/lib/armv7em-ti-none-eabi/c/</path>
         <kind>archive</kind>
         <file>libc.a</file>
         <name>atoi.c.obj</name>
      </input_file>
      <input_file id="fl-52">
         <path>/opt/ccstudio/ccs/tools/compiler/ti-cgt-armllvm_2.1.3.LTS/lib/armv7em-ti-none-eabi/c/</path>
         <kind>archive</kind>
         <file>libc.a</file>
         <name>defs.c.obj</name>
      </input_file>
      <input_file id="fl-53">
         <path>/opt/ccstudio/ccs/tools/compiler/ti-cgt-armllvm_2.1.3.LTS/lib/armv7em-ti-none-eabi/c/</path>
         <kind>archive</kind>
         <file>libc.a</file>
         <name>memccpy.c.obj</name>
      </input_file>
      <input_file id="fl-54">
         <path>/opt/ccstudio/ccs/tools/compiler/ti-cgt-armllvm_2.1.3.LTS/lib/armv7em-ti-none-eabi/c/</path>
         <kind>archive</kind>
         <file>libc.a</file>
         <name>autoinit.c.obj</name>
      </input_file>
      <input_file id="fl-55">
         <path>/opt/ccstudio/ccs/tools/compiler/ti-cgt-armllvm_2.1.3.LTS/lib/armv7em-ti-none-eabi/c/</path>
         <kind>archive</kind>
         <file>libc.a</file>
         <name>pre_init.c.obj</name>
      </input_file>
      <input_file id="fl-56">
         <path>/opt/ccstudio/ccs/tools/compiler/ti-cgt-armllvm_2.1.3.LTS/lib/armv7em-ti-none-eabi/c/</path>
         <kind>archive</kind>
         <file>libc.a</file>
         <name>cpy_tbl.c.obj</name>
      </input_file>
      <input_file id="fl-57">
         <path>/opt/ccstudio/ccs/tools/compiler/ti-cgt-armllvm_2.1.3.LTS/lib/armv7em-ti-none-eabi/c/</path>
         <kind>archive</kind>
         <file>libc.a</file>
         <name>wcslen.c.obj</name>
      </input_file>
      <input_file id="fl-58">
         <path>/opt/ccstudio/ccs/tools/compiler/ti-cgt-armllvm_2.1.3.LTS/lib/armv7em-ti-none-eabi/c/</path>
         <kind>archive</kind>
         <file>libc.a</file>
         <name>sprintf.c.obj</name>
      </input_file>
      <input_file id="fl-59">
         <path>/opt/ccstudio/ccs/tools/compiler/ti-cgt-armllvm_2.1.3.LTS/lib/armv7em-ti-none-eabi/c/</path>
         <kind>archive</kind>
         <file>libc.a</file>
         <name>fflush.c.obj</name>
      </input_file>
      <input_file id="fl-5a">
         <path>/opt/ccstudio/ccs/tools/compiler/ti-cgt-armllvm_2.1.3.LTS/lib/armv7em-ti-none-eabi/c/</path>
         <kind>archive</kind>
         <file>libc.a</file>
         <name>fputs.c.obj</name>
      </input_file>
      <input_file id="fl-5b">
         <path>/opt/ccstudio/ccs/tools/compiler/ti-cgt-armllvm_2.1.3.LTS/lib/armv7em-ti-none-eabi/c/</path>
         <kind>archive</kind>
         <file>libc.a</file>
         <name>_io_perm.c.obj</name>
      </input_file>
      <input_file id="fl-5c">
         <path>/opt/ccstudio/ccs/tools/compiler/ti-cgt-armllvm_2.1.3.LTS/lib/armv7em-ti-none-eabi/c/</path>
         <kind>archive</kind>
         <file>libc.a</file>
         <name>setvbuf.c.obj</name>
      </input_file>
      <input_file id="fl-5d">
         <path>/opt/ccstudio/ccs/tools/compiler/ti-cgt-armllvm_2.1.3.LTS/lib/armv7em-ti-none-eabi/c/</path>
         <kind>archive</kind>
         <file>libc.a</file>
         <name>aeabi_ctype.S.obj</name>
      </input_file>
      <input_file id="fl-5e">
         <path>/opt/ccstudio/ccs/tools/compiler/ti-cgt-armllvm_2.1.3.LTS/lib/armv7em-ti-none-eabi/c/</path>
         <kind>archive</kind>
         <file>libc.a</file>
         <name>fopen.c.obj</name>
      </input_file>
      <input_file id="fl-5f">
         <path>/opt/ccstudio/ccs/tools/compiler/ti-cgt-armllvm_2.1.3.LTS/lib/armv7em-ti-none-eabi/c/</path>
         <kind>archive</kind>
         <file>libc.a</file>
         <name>fseek.c.obj</name>
      </input_file>
      <input_file id="fl-60">
         <path>/opt/ccstudio/ccs/tools/compiler/ti-cgt-armllvm_2.1.3.LTS/lib/armv7em-ti-none-eabi/c/</path>
         <kind>archive</kind>
         <file>libc.a</file>
         <name>fclose.c.obj</name>
      </input_file>
      <input_file id="fl-99">
         <path>/opt/ccstudio/ccs/tools/compiler/ti-cgt-armllvm_2.1.3.LTS/lib/armv7em-ti-none-eabi/c/</path>
         <kind>archive</kind>
         <file>libsysbm.a</file>
         <name>write.c.obj</name>
      </input_file>
      <input_file id="fl-9a">
         <path>/opt/ccstudio/ccs/tools/compiler/ti-cgt-armllvm_2.1.3.LTS/lib/armv7em-ti-none-eabi/c/</path>
         <kind>archive</kind>
         <file>libsysbm.a</file>
         <name>host_device.c.obj</name>
      </input_file>
      <input_file id="fl-9b">
         <path>/opt/ccstudio/ccs/tools/compiler/ti-cgt-armllvm_2.1.3.LTS/lib/armv7em-ti-none-eabi/c/</path>
         <kind>archive</kind>
         <file>libsysbm.a</file>
         <name>remove.c.obj</name>
      </input_file>
      <input_file id="fl-9c">
         <path>/opt/ccstudio/ccs/tools/compiler/ti-cgt-armllvm_2.1.3.LTS/lib/armv7em-ti-none-eabi/c/</path>
         <kind>archive</kind>
         <file>libsysbm.a</file>
         <name>open.c.obj</name>
      </input_file>
      <input_file id="fl-9d">
         <path>/opt/ccstudio/ccs/tools/compiler/ti-cgt-armllvm_2.1.3.LTS/lib/armv7em-ti-none-eabi/c/</path>
         <kind>archive</kind>
         <file>libsysbm.a</file>
         <name>lseek.c.obj</name>
      </input_file>
      <input_file id="fl-9e">
         <path>/opt/ccstudio/ccs/tools/compiler/ti-cgt-armllvm_2.1.3.LTS/lib/armv7em-ti-none-eabi/c/</path>
         <kind>archive</kind>
         <file>libsysbm.a</file>
         <name>close.c.obj</name>
      </input_file>
      <input_file id="fl-9f">
         <path>/opt/ccstudio/ccs/tools/compiler/ti-cgt-armllvm_2.1.3.LTS/lib/armv7em-ti-none-eabi/c/</path>
         <kind>archive</kind>
         <file>libsysbm.a</file>
         <name>unlink.c.obj</name>
      </input_file>
      <input_file id="fl-a0">
         <path>/opt/ccstudio/ccs/tools/compiler/ti-cgt-armllvm_2.1.3.LTS/lib/armv7em-ti-none-eabi/c/</path>
         <kind>archive</kind>
         <file>libsysbm.a</file>
         <name>hostclose.c.obj</name>
      </input_file>
      <input_file id="fl-a1">
         <path>/opt/ccstudio/ccs/tools/compiler/ti-cgt-armllvm_2.1.3.LTS/lib/armv7em-ti-none-eabi/c/</path>
         <kind>archive</kind>
         <file>libsysbm.a</file>
         <name>hostlseek.c.obj</name>
      </input_file>
      <input_file id="fl-a2">
         <path>/opt/ccstudio/ccs/tools/compiler/ti-cgt-armllvm_2.1.3.LTS/lib/armv7em-ti-none-eabi/c/</path>
         <kind>archive</kind>
         <file>libsysbm.a</file>
         <name>hostopen.c.obj</name>
      </input_file>
      <input_file id="fl-a3">
         <path>/opt/ccstudio/ccs/tools/compiler/ti-cgt-armllvm_2.1.3.LTS/lib/armv7em-ti-none-eabi/c/</path>
         <kind>archive</kind>
         <file>libsysbm.a</file>
         <name>hostread.c.obj</name>
      </input_file>
      <input_file id="fl-a4">
         <path>/opt/ccstudio/ccs/tools/compiler/ti-cgt-armllvm_2.1.3.LTS/lib/armv7em-ti-none-eabi/c/</path>
         <kind>archive</kind>
         <file>libsysbm.a</file>
         <name>hostrename.c.obj</name>
      </input_file>
      <input_file id="fl-a5">
         <path>/opt/ccstudio/ccs/tools/compiler/ti-cgt-armllvm_2.1.3.LTS/lib/armv7em-ti-none-eabi/c/</path>
         <kind>archive</kind>
         <file>libsysbm.a</file>
         <name>hostunlink.c.obj</name>
      </input_file>
      <input_file id="fl-a6">
         <path>/opt/ccstudio/ccs/tools/compiler/ti-cgt-armllvm_2.1.3.LTS/lib/armv7em-ti-none-eabi/c/</path>
         <kind>archive</kind>
         <file>libsysbm.a</file>
         <name>hostwrite.c.obj</name>
      </input_file>
      <input_file id="fl-a7">
         <path>/opt/ccstudio/ccs/tools/compiler/ti-cgt-armllvm_2.1.3.LTS/lib/armv7em-ti-none-eabi/c/</path>
         <kind>archive</kind>
         <file>libsysbm.a</file>
         <name>trgmsg.c.obj</name>
      </input_file>
      <input_file id="fl-a8">
         <path>/opt/ccstudio/ccs/tools/compiler/ti-cgt-armllvm_2.1.3.LTS/lib/clang/14.0.6/lib/armv7em-ti-none-eabi/</path>
         <kind>archive</kind>
         <file>libclang_rt.builtins.a</file>
         <name>adddf3.S.obj</name>
      </input_file>
      <input_file id="fl-a9">
         <path>/opt/ccstudio/ccs/tools/compiler/ti-cgt-armllvm_2.1.3.LTS/lib/clang/14.0.6/lib/armv7em-ti-none-eabi/</path>
         <kind>archive</kind>
         <file>libclang_rt.builtins.a</file>
         <name>muldf3.S.obj</name>
      </input_file>
      <input_file id="fl-aa">
         <path>/opt/ccstudio/ccs/tools/compiler/ti-cgt-armllvm_2.1.3.LTS/lib/clang/14.0.6/lib/armv7em-ti-none-eabi/</path>
         <kind>archive</kind>
         <file>libclang_rt.builtins.a</file>
         <name>divdf3.S.obj</name>
      </input_file>
      <input_file id="fl-ab">
         <path>/opt/ccstudio/ccs/tools/compiler/ti-cgt-armllvm_2.1.3.LTS/lib/clang/14.0.6/lib/armv7em-ti-none-eabi/</path>
         <kind>archive</kind>
         <file>libclang_rt.builtins.a</file>
         <name>fixdfsi.S.obj</name>
      </input_file>
      <input_file id="fl-ac">
         <path>/opt/ccstudio/ccs/tools/compiler/ti-cgt-armllvm_2.1.3.LTS/lib/clang/14.0.6/lib/armv7em-ti-none-eabi/</path>
         <kind>archive</kind>
         <file>libclang_rt.builtins.a</file>
         <name>floatsidf.S.obj</name>
      </input_file>
      <input_file id="fl-ad">
         <path>/opt/ccstudio/ccs/tools/compiler/ti-cgt-armllvm_2.1.3.LTS/lib/clang/14.0.6/lib/armv7em-ti-none-eabi/</path>
         <kind>archive</kind>
         <file>libclang_rt.builtins.a</file>
         <name>aeabi_dcmp.S.obj</name>
      </input_file>
      <input_file id="fl-ae">
         <path>/opt/ccstudio/ccs/tools/compiler/ti-cgt-armllvm_2.1.3.LTS/lib/clang/14.0.6/lib/armv7em-ti-none-eabi/</path>
         <kind>archive</kind>
         <file>libclang_rt.builtins.a</file>
         <name>aeabi_memcpy.S.obj</name>
      </input_file>
      <input_file id="fl-af">
         <path>/opt/ccstudio/ccs/tools/compiler/ti-cgt-armllvm_2.1.3.LTS/lib/clang/14.0.6/lib/armv7em-ti-none-eabi/</path>
         <kind>archive</kind>
         <file>libclang_rt.builtins.a</file>
         <name>aeabi_memset.S.obj</name>
      </input_file>
      <input_file id="fl-b0">
         <path>/opt/ccstudio/ccs/tools/compiler/ti-cgt-armllvm_2.1.3.LTS/lib/clang/14.0.6/lib/armv7em-ti-none-eabi/</path>
         <kind>archive</kind>
         <file>libclang_rt.builtins.a</file>
         <name>aeabi_uldivmod.S.obj</name>
      </input_file>
      <input_file id="fl-b1">
         <path>/opt/ccstudio/ccs/tools/compiler/ti-cgt-armllvm_2.1.3.LTS/lib/clang/14.0.6/lib/armv7em-ti-none-eabi/</path>
         <kind>archive</kind>
         <file>libclang_rt.builtins.a</file>
         <name>udivmoddi4.S.obj</name>
      </input_file>
      <input_file id="fl-b2">
         <path>/opt/ccstudio/ccs/tools/compiler/ti-cgt-armllvm_2.1.3.LTS/lib/clang/14.0.6/lib/armv7em-ti-none-eabi/</path>
         <kind>archive</kind>
         <file>libclang_rt.builtins.a</file>
         <name>comparedf2.c.obj</name>
      </input_file>
      <input_file id="fl-b3">
         <path>/opt/ccstudio/ccs/tools/compiler/ti-cgt-armllvm_2.1.3.LTS/lib/clang/14.0.6/lib/armv7em-ti-none-eabi/</path>
         <kind>archive</kind>
         <file>libclang_rt.builtins.a</file>
         <name>aeabi_div0.c.obj</name>
      </input_file>
      <input_file id="fl-b4">
         <path>/opt/ccstudio/ccs/tools/compiler/ti-cgt-armllvm_2.1.3.LTS/lib/armv7em-ti-none-eabi/c/</path>
         <kind>archive</kind>
         <file>libc.a</file>
         <name>getdevice.c.obj</name>
      </input_file>
      <input_file id="fl-b5">
         <path>/opt/ccstudio/ccs/tools/compiler/ti-cgt-armllvm_2.1.3.LTS/lib/armv7em-ti-none-eabi/c/</path>
         <kind>archive</kind>
         <file>libc.a</file>
         <name>memcpy_t2.S.obj</name>
      </input_file>
      <input_file id="fl-b6">
         <path>/opt/ccstudio/ccs/tools/compiler/ti-cgt-armllvm_2.1.3.LTS/lib/armv7em-ti-none-eabi/c/</path>
         <kind>archive</kind>
         <file>libc.a</file>
         <name>memset_t2.S.obj</name>
      </input_file>
   </input_file_list>
   <object_component_list>
      <object_component id="oc-214">
         <name>.text:__TI_printfi_nofloat</name>
         <load_address>0x2000c040</load_address>
         <run_address>0x2000c040</run_address>
         <size>0x844</size>
         <input_file_ref idref="fl-48"/>
      </object_component>
      <object_component id="oc-c8">
         <name>.text.PRCMCC3200MCUInit</name>
         <load_address>0x2000c884</load_address>
         <run_address>0x2000c884</run_address>
         <size>0x4b8</size>
         <input_file_ref idref="fl-2e"/>
      </object_component>
      <object_component id="oc-235">
         <name>.text.Power_sleep</name>
         <load_address>0x2000cd3c</load_address>
         <run_address>0x2000cd3c</run_address>
         <size>0x3e4</size>
         <input_file_ref idref="fl-18"/>
      </object_component>
      <object_component id="oc-1e6">
         <name>.text.UART2CC32XX_hwiIntFxn</name>
         <load_address>0x2000d120</load_address>
         <run_address>0x2000d120</run_address>
         <size>0x222</size>
         <input_file_ref idref="fl-1d"/>
      </object_component>
      <object_component id="oc-d8">
         <name>.text.Board_initHook</name>
         <load_address>0x2000d342</load_address>
         <run_address>0x2000d342</run_address>
         <size>0x2</size>
         <input_file_ref idref="fl-2"/>
      </object_component>
      <object_component id="oc-14b">
         <name>.text.UART2_open</name>
         <load_address>0x2000d344</load_address>
         <run_address>0x2000d344</run_address>
         <size>0x1cc</size>
         <input_file_ref idref="fl-1d"/>
      </object_component>
      <object_component id="oc-ec">
         <name>.text.initI2C</name>
         <load_address>0x2000d510</load_address>
         <run_address>0x2000d510</run_address>
         <size>0x178</size>
         <input_file_ref idref="fl-1"/>
      </object_component>
      <object_component id="oc-217">
         <name>.text.UART2_writeTimeoutBlocking</name>
         <load_address>0x2000d688</load_address>
         <run_address>0x2000d688</run_address>
         <size>0x174</size>
         <input_file_ref idref="fl-1c"/>
      </object_component>
      <object_component id="oc-1ad">
         <name>.text.PowerCC32XX_sleepPolicy</name>
         <load_address>0x2000d7fc</load_address>
         <run_address>0x2000d7fc</run_address>
         <size>0x150</size>
         <input_file_ref idref="fl-25"/>
      </object_component>
      <object_component id="oc-16d">
         <name>.text.Timer_open</name>
         <load_address>0x2000d94c</load_address>
         <run_address>0x2000d94c</run_address>
         <size>0x148</size>
         <input_file_ref idref="fl-1b"/>
      </object_component>
      <object_component id="oc-fc">
         <name>.text.GPIO_setConfig</name>
         <load_address>0x2000da94</load_address>
         <run_address>0x2000da94</run_address>
         <size>0x140</size>
         <input_file_ref idref="fl-15"/>
      </object_component>
      <object_component id="oc-1f6">
         <name>.text.I2CCC32XX_hwiFxn</name>
         <load_address>0x2000dbd4</load_address>
         <run_address>0x2000dbd4</run_address>
         <size>0x138</size>
         <input_file_ref idref="fl-17"/>
      </object_component>
      <object_component id="oc-1fa">
         <name>.text.I2C_transferTimeout</name>
         <load_address>0x2000dd0c</load_address>
         <run_address>0x2000dd0c</run_address>
         <size>0x126</size>
         <input_file_ref idref="fl-16"/>
      </object_component>
      <object_component id="oc-151">
         <name>.text.I2C_init</name>
         <load_address>0x2000de32</load_address>
         <run_address>0x2000de32</run_address>
         <size>0x2</size>
         <input_file_ref idref="fl-16"/>
      </object_component>
      <object_component id="oc-2d2">
         <name>.text.aligned_alloc</name>
         <load_address>0x2000de34</load_address>
         <run_address>0x2000de34</run_address>
         <size>0x120</size>
         <input_file_ref idref="fl-42"/>
      </object_component>
      <object_component id="oc-216">
         <name>.text.UART2_writeTimeoutNonblocking</name>
         <load_address>0x2000df54</load_address>
         <run_address>0x2000df54</run_address>
         <size>0x11a</size>
         <input_file_ref idref="fl-1c"/>
      </object_component>
      <object_component id="oc-309">
         <name>.text.uDMAChannelTransferSet</name>
         <load_address>0x2000e06e</load_address>
         <run_address>0x2000e06e</run_address>
         <size>0x112</size>
         <input_file_ref idref="fl-33"/>
      </object_component>
      <object_component id="oc-a6">
         <name>.text.mainThread</name>
         <load_address>0x2000e180</load_address>
         <run_address>0x2000e180</run_address>
         <size>0x110</size>
         <input_file_ref idref="fl-1"/>
      </object_component>
      <object_component id="oc-17a">
         <name>.text</name>
         <load_address>0x2000e290</load_address>
         <run_address>0x2000e290</run_address>
         <size>0xfc</size>
         <input_file_ref idref="fl-a9"/>
      </object_component>
      <object_component id="oc-1b4">
         <name>.text.free</name>
         <load_address>0x2000e38c</load_address>
         <run_address>0x2000e38c</run_address>
         <size>0xf8</size>
         <input_file_ref idref="fl-42"/>
      </object_component>
      <object_component id="oc-157">
         <name>.text.I2C_open</name>
         <load_address>0x2000e484</load_address>
         <run_address>0x2000e484</run_address>
         <size>0xe8</size>
         <input_file_ref idref="fl-17"/>
      </object_component>
      <object_component id="oc-1e1">
         <name>.text.UART2_close</name>
         <load_address>0x2000e56c</load_address>
         <run_address>0x2000e56c</run_address>
         <size>0xe8</size>
         <input_file_ref idref="fl-1d"/>
      </object_component>
      <object_component id="oc-27e">
         <name>.text.UART2Support_dmaStartRx</name>
         <load_address>0x2000e654</load_address>
         <run_address>0x2000e654</run_address>
         <size>0xcc</size>
         <input_file_ref idref="fl-1d"/>
      </object_component>
      <object_component id="oc-2fe">
         <name>.text.IntDisable</name>
         <load_address>0x2000e720</load_address>
         <run_address>0x2000e720</run_address>
         <size>0xc8</size>
         <input_file_ref idref="fl-2c"/>
      </object_component>
      <object_component id="oc-267">
         <name>.text.IntEnable</name>
         <load_address>0x2000e7e8</load_address>
         <run_address>0x2000e7e8</run_address>
         <size>0xc8</size>
         <input_file_ref idref="fl-2c"/>
      </object_component>
      <object_component id="oc-1dd">
         <name>.text.UART2CC32XX_initHw</name>
         <load_address>0x2000e8b0</load_address>
         <run_address>0x2000e8b0</run_address>
         <size>0xc4</size>
         <input_file_ref idref="fl-1d"/>
      </object_component>
      <object_component id="oc-281">
         <name>.text.UART2Support_dmaStartTx</name>
         <load_address>0x2000e974</load_address>
         <run_address>0x2000e974</run_address>
         <size>0xb8</size>
         <input_file_ref idref="fl-1d"/>
      </object_component>
      <object_component id="oc-2d9">
         <name>.text</name>
         <load_address>0x2000ea2c</load_address>
         <run_address>0x2000ea2c</run_address>
         <size>0xb0</size>
         <input_file_ref idref="fl-b1"/>
      </object_component>
      <object_component id="oc-21a">
         <name>.text.GPIOIntTypeSet</name>
         <load_address>0x2000eadc</load_address>
         <run_address>0x2000eadc</run_address>
         <size>0xac</size>
         <input_file_ref idref="fl-29"/>
      </object_component>
      <object_component id="oc-362">
         <name>.text.IntPendSet</name>
         <load_address>0x2000eb88</load_address>
         <run_address>0x2000eb88</run_address>
         <size>0xa4</size>
         <input_file_ref idref="fl-2c"/>
      </object_component>
      <object_component id="oc-18a">
         <name>.text.PinConfigSet</name>
         <load_address>0x2000ec2c</load_address>
         <run_address>0x2000ec2c</run_address>
         <size>0xa2</size>
         <input_file_ref idref="fl-2d"/>
      </object_component>
      <object_component id="oc-294">
         <name>.text.I2CCC32XX_completeTransfer</name>
         <load_address>0x2000ecce</load_address>
         <run_address>0x2000ecce</run_address>
         <size>0x9c</size>
         <input_file_ref idref="fl-17"/>
      </object_component>
      <object_component id="oc-1a8">
         <name>.text.PowerCC32XX_initPolicy</name>
         <load_address>0x2000ed6a</load_address>
         <run_address>0x2000ed6a</run_address>
         <size>0x2</size>
         <input_file_ref idref="fl-25"/>
      </object_component>
      <object_component id="oc-ee">
         <name>.text.readTemp</name>
         <load_address>0x2000ed6c</load_address>
         <run_address>0x2000ed6c</run_address>
         <size>0x9c</size>
         <input_file_ref idref="fl-1"/>
      </object_component>
      <object_component id="oc-285">
         <name>.text.I2CMasterInitExpClk</name>
         <load_address>0x2000ee08</load_address>
         <run_address>0x2000ee08</run_address>
         <size>0x98</size>
         <input_file_ref idref="fl-2b"/>
      </object_component>
      <object_component id="oc-132">
         <name>.text.SemaphoreP_pend</name>
         <load_address>0x2000eea0</load_address>
         <run_address>0x2000eea0</run_address>
         <size>0x98</size>
         <input_file_ref idref="fl-22"/>
      </object_component>
      <object_component id="oc-12f">
         <name>.text.HwiP_disable</name>
         <load_address>0x2000ef38</load_address>
         <run_address>0x2000ef38</run_address>
         <size>0x8</size>
         <input_file_ref idref="fl-24"/>
      </object_component>
      <object_component id="oc-2e5">
         <name>.text</name>
         <load_address>0x2000ef40</load_address>
         <run_address>0x2000ef40</run_address>
         <size>0x96</size>
         <input_file_ref idref="fl-19"/>
      </object_component>
      <object_component id="oc-260">
         <name>.text.uDMAChannelAttributeDisable</name>
         <load_address>0x2000efd6</load_address>
         <run_address>0x2000efd6</run_address>
         <size>0x92</size>
         <input_file_ref idref="fl-33"/>
      </object_component>
      <object_component id="oc-d2">
         <name>.text.GPIO_init</name>
         <load_address>0x2000f068</load_address>
         <run_address>0x2000f068</run_address>
         <size>0x90</size>
         <input_file_ref idref="fl-15"/>
      </object_component>
      <object_component id="oc-111">
         <name>.text.PRCMSysResetCauseGet</name>
         <load_address>0x2000f0f8</load_address>
         <run_address>0x2000f0f8</run_address>
         <size>0x8e</size>
         <input_file_ref idref="fl-2e"/>
      </object_component>
      <object_component id="oc-270">
         <name>.text.SemaphoreP_destruct</name>
         <load_address>0x2000f186</load_address>
         <run_address>0x2000f186</run_address>
         <size>0x2</size>
         <input_file_ref idref="fl-22"/>
      </object_component>
      <object_component id="oc-123">
         <name>.text.PowerCC32XX_configureWakeup</name>
         <load_address>0x2000f188</load_address>
         <run_address>0x2000f188</run_address>
         <size>0x88</size>
         <input_file_ref idref="fl-18"/>
      </object_component>
      <object_component id="oc-291">
         <name>.text.I2CCC32XX_primeReadBurst</name>
         <load_address>0x2000f210</load_address>
         <run_address>0x2000f210</run_address>
         <size>0x7a</size>
         <input_file_ref idref="fl-17"/>
      </object_component>
      <object_component id="oc-166">
         <name>.text.Timer_init</name>
         <load_address>0x2000f28a</load_address>
         <run_address>0x2000f28a</run_address>
         <size>0x2</size>
         <input_file_ref idref="fl-1a"/>
      </object_component>
      <object_component id="oc-cd">
         <name>.text.Power_init</name>
         <load_address>0x2000f28c</load_address>
         <run_address>0x2000f28c</run_address>
         <size>0x78</size>
         <input_file_ref idref="fl-18"/>
      </object_component>
      <object_component id="oc-1df">
         <name>.text.HwiP_construct</name>
         <load_address>0x2000f304</load_address>
         <run_address>0x2000f304</run_address>
         <size>0x74</size>
         <input_file_ref idref="fl-24"/>
      </object_component>
      <object_component id="oc-1a5">
         <name>.text.PRCMHibernateWakeUpGPIOSelect</name>
         <load_address>0x2000f378</load_address>
         <run_address>0x2000f378</run_address>
         <size>0x74</size>
         <input_file_ref idref="fl-2e"/>
      </object_component>
      <object_component id="oc-255">
         <name>.text.UARTConfigSetExpClk</name>
         <load_address>0x2000f3ec</load_address>
         <run_address>0x2000f3ec</run_address>
         <size>0x74</size>
         <input_file_ref idref="fl-32"/>
      </object_component>
      <object_component id="oc-2e3">
         <name>.text.PinLockLevelSet</name>
         <load_address>0x2000f460</load_address>
         <run_address>0x2000f460</run_address>
         <size>0x6c</size>
         <input_file_ref idref="fl-2d"/>
      </object_component>
      <object_component id="oc-18b">
         <name>.text.Power_setDependency</name>
         <load_address>0x2000f4cc</load_address>
         <run_address>0x2000f4cc</run_address>
         <size>0x6c</size>
         <input_file_ref idref="fl-18"/>
      </object_component>
      <object_component id="oc-1db">
         <name>.text.UDMACC32XX_open</name>
         <load_address>0x2000f538</load_address>
         <run_address>0x2000f538</run_address>
         <size>0x6c</size>
         <input_file_ref idref="fl-20"/>
      </object_component>
      <object_component id="oc-139">
         <name>.text.powerNotifyFxn</name>
         <load_address>0x2000f5a4</load_address>
         <run_address>0x2000f5a4</run_address>
         <size>0x6c</size>
         <input_file_ref idref="fl-15"/>
      </object_component>
      <object_component id="oc-34e">
         <name>.text.split</name>
         <load_address>0x2000f610</load_address>
         <run_address>0x2000f610</run_address>
         <size>0x6c</size>
         <input_file_ref idref="fl-42"/>
      </object_component>
      <object_component id="oc-119">
         <name>.text.PRCMPeripheralReset</name>
         <load_address>0x2000f67c</load_address>
         <run_address>0x2000f67c</run_address>
         <size>0x6a</size>
         <input_file_ref idref="fl-2e"/>
      </object_component>
      <object_component id="oc-18">
         <name>.text:decompress:lzss</name>
         <load_address>0x2000f6e6</load_address>
         <run_address>0x2000f6e6</run_address>
         <size>0x6a</size>
         <input_file_ref idref="fl-45"/>
      </object_component>
      <object_component id="oc-1f1">
         <name>.text.I2CCC32XX_initHw</name>
         <load_address>0x2000f750</load_address>
         <run_address>0x2000f750</run_address>
         <size>0x68</size>
         <input_file_ref idref="fl-17"/>
      </object_component>
      <object_component id="oc-264">
         <name>.text.IntPendClear</name>
         <load_address>0x2000f7b8</load_address>
         <run_address>0x2000f7b8</run_address>
         <size>0x68</size>
         <input_file_ref idref="fl-2c"/>
      </object_component>
      <object_component id="oc-292">
         <name>.text.I2CCC32XX_primeWriteBurst</name>
         <load_address>0x2000f820</load_address>
         <run_address>0x2000f820</run_address>
         <size>0x66</size>
         <input_file_ref idref="fl-17"/>
      </object_component>
      <object_component id="oc-1e4">
         <name>.text.UART2CC32XX_eventCallback</name>
         <load_address>0x2000f886</load_address>
         <run_address>0x2000f886</run_address>
         <size>0x2</size>
         <input_file_ref idref="fl-1d"/>
      </object_component>
      <object_component id="oc-e4">
         <name>.text.GPIO_write</name>
         <load_address>0x2000f888</load_address>
         <run_address>0x2000f888</run_address>
         <size>0x60</size>
         <input_file_ref idref="fl-15"/>
      </object_component>
      <object_component id="oc-280">
         <name>.text.UART2Support_dmaStopTx</name>
         <load_address>0x2000f8e8</load_address>
         <run_address>0x2000f8e8</run_address>
         <size>0x60</size>
         <input_file_ref idref="fl-1d"/>
      </object_component>
      <object_component id="oc-35d">
         <name>.text.FlashDisable</name>
         <load_address>0x2000f948</load_address>
         <run_address>0x2000f948</run_address>
         <size>0x5c</size>
         <input_file_ref idref="fl-35"/>
      </object_component>
      <object_component id="oc-297">
         <name>.text.I2CSupport_primeTransfer</name>
         <load_address>0x2000f9a4</load_address>
         <run_address>0x2000f9a4</run_address>
         <size>0x5c</size>
         <input_file_ref idref="fl-17"/>
      </object_component>
      <object_component id="oc-1a7">
         <name>.text.PRCMHibernateWakeupSourceDisable</name>
         <load_address>0x2000fa00</load_address>
         <run_address>0x2000fa00</run_address>
         <size>0x5c</size>
         <input_file_ref idref="fl-2e"/>
      </object_component>
      <object_component id="oc-1fe">
         <name>.text.TimerCC32XX_allocateTimerResource</name>
         <load_address>0x2000fa5c</load_address>
         <run_address>0x2000fa5c</run_address>
         <size>0x5c</size>
         <input_file_ref idref="fl-1b"/>
      </object_component>
      <object_component id="oc-118">
         <name>.text.PRCMPeripheralClkEnable</name>
         <load_address>0x2000fab8</load_address>
         <run_address>0x2000fab8</run_address>
         <size>0x5a</size>
         <input_file_ref idref="fl-2e"/>
      </object_component>
      <object_component id="oc-351">
         <name>.text.__aeabi_ldiv0</name>
         <load_address>0x2000fb12</load_address>
         <run_address>0x2000fb12</run_address>
         <size>0x2</size>
         <input_file_ref idref="fl-b3"/>
      </object_component>
      <object_component id="oc-2d7">
         <name>.text.ClockP_startup</name>
         <load_address>0x2000fb14</load_address>
         <run_address>0x2000fb14</run_address>
         <size>0x58</size>
         <input_file_ref idref="fl-23"/>
      </object_component>
      <object_component id="oc-266">
         <name>.text.IntPrioritySet</name>
         <load_address>0x2000fb6c</load_address>
         <run_address>0x2000fb6c</run_address>
         <size>0x58</size>
         <input_file_ref idref="fl-2c"/>
      </object_component>
      <object_component id="oc-2ef">
         <name>.text.PRCMLPDSEnter</name>
         <load_address>0x2000fbc4</load_address>
         <run_address>0x2000fbc4</run_address>
         <size>0x56</size>
         <input_file_ref idref="fl-2e"/>
      </object_component>
      <object_component id="oc-193">
         <name>.text._nop</name>
         <load_address>0x2000fc1a</load_address>
         <run_address>0x2000fc1a</run_address>
         <size>0x2</size>
         <input_file_ref idref="fl-4d"/>
      </object_component>
      <object_component id="oc-1c7">
         <name>.text.PowerCC32XX_setParkState</name>
         <load_address>0x2000fc1c</load_address>
         <run_address>0x2000fc1c</run_address>
         <size>0x54</size>
         <input_file_ref idref="fl-18"/>
      </object_component>
      <object_component id="oc-273">
         <name>.text.Power_releaseDependency</name>
         <load_address>0x2000fc70</load_address>
         <run_address>0x2000fc70</run_address>
         <size>0x54</size>
         <input_file_ref idref="fl-18"/>
      </object_component>
      <object_component id="oc-192">
         <name>.text.GPIO_hwiIntFxn</name>
         <load_address>0x2000fcc4</load_address>
         <run_address>0x2000fcc4</run_address>
         <size>0x50</size>
         <input_file_ref idref="fl-15"/>
      </object_component>
      <object_component id="oc-1a6">
         <name>.text.PRCMHibernateWakeupSourceEnable</name>
         <load_address>0x2000fd14</load_address>
         <run_address>0x2000fd14</run_address>
         <size>0x50</size>
         <input_file_ref idref="fl-2e"/>
      </object_component>
      <object_component id="oc-23e">
         <name>.text.SemaphoreP_construct</name>
         <load_address>0x2000fd64</load_address>
         <run_address>0x2000fd64</run_address>
         <size>0x50</size>
         <input_file_ref idref="fl-22"/>
      </object_component>
      <object_component id="oc-25f">
         <name>.text.uDMAChannelAssign</name>
         <load_address>0x2000fdb4</load_address>
         <run_address>0x2000fdb4</run_address>
         <size>0x4e</size>
         <input_file_ref idref="fl-33"/>
      </object_component>
      <object_component id="oc-4e">
         <name>.text.busFaultHandler</name>
         <load_address>0x2000fe02</load_address>
         <run_address>0x2000fe02</run_address>
         <size>0x2</size>
         <input_file_ref idref="fl-26"/>
      </object_component>
      <object_component id="oc-18f">
         <name>.text.GPIO_setInterruptConfig</name>
         <load_address>0x2000fe04</load_address>
         <run_address>0x2000fe04</run_address>
         <size>0x4c</size>
         <input_file_ref idref="fl-15"/>
      </object_component>
      <object_component id="oc-35b">
         <name>.text.PRCMLPDSRestoreInfoSet</name>
         <load_address>0x2000fe50</load_address>
         <run_address>0x2000fe50</run_address>
         <size>0x4c</size>
         <input_file_ref idref="fl-2e"/>
      </object_component>
      <object_component id="oc-202">
         <name>.text.initHw</name>
         <load_address>0x2000fe9c</load_address>
         <run_address>0x2000fe9c</run_address>
         <size>0x4c</size>
         <input_file_ref idref="fl-1b"/>
      </object_component>
      <object_component id="oc-27c">
         <name>.text.UART2Support_dmaStopRx</name>
         <load_address>0x2000fee8</load_address>
         <run_address>0x2000fee8</run_address>
         <size>0x4a</size>
         <input_file_ref idref="fl-1d"/>
      </object_component>
      <object_component id="oc-201">
         <name>.text.getPrescaler</name>
         <load_address>0x2000ff32</load_address>
         <run_address>0x2000ff32</run_address>
         <size>0x4a</size>
         <input_file_ref idref="fl-1b"/>
      </object_component>
      <object_component id="oc-305">
         <name>.text.uDMAChannelSizeGet</name>
         <load_address>0x2000ff7c</load_address>
         <run_address>0x2000ff7c</run_address>
         <size>0x4a</size>
         <input_file_ref idref="fl-33"/>
      </object_component>
      <object_component id="oc-1bb">
         <name>.text.clkFxn</name>
         <load_address>0x2000ffc6</load_address>
         <run_address>0x2000ffc6</run_address>
         <size>0x2</size>
         <input_file_ref idref="fl-22"/>
      </object_component>
      <object_component id="oc-4f">
         <name>.text.ClockP_sysTickHandler</name>
         <load_address>0x2000ffc8</load_address>
         <run_address>0x2000ffc8</run_address>
         <size>0x48</size>
         <input_file_ref idref="fl-23"/>
      </object_component>
      <object_component id="oc-2e9">
         <name>.text.PRCMIntEnable</name>
         <load_address>0x20010010</load_address>
         <run_address>0x20010010</run_address>
         <size>0x48</size>
         <input_file_ref idref="fl-2e"/>
      </object_component>
      <object_component id="oc-218">
         <name>.text.PRCMPeripheralStatusGet</name>
         <load_address>0x20010058</load_address>
         <run_address>0x20010058</run_address>
         <size>0x48</size>
         <input_file_ref idref="fl-2e"/>
      </object_component>
      <object_component id="oc-358">
         <name>.text.PinConfigGet</name>
         <load_address>0x200100a0</load_address>
         <run_address>0x200100a0</run_address>
         <size>0x48</size>
         <input_file_ref idref="fl-2d"/>
      </object_component>
      <object_component id="oc-2b6">
         <name>.text.atoi</name>
         <load_address>0x200100e8</load_address>
         <run_address>0x200100e8</run_address>
         <size>0x48</size>
         <input_file_ref idref="fl-51"/>
      </object_component>
      <object_component id="oc-17e">
         <name>.text</name>
         <load_address>0x20010130</load_address>
         <run_address>0x20010130</run_address>
         <size>0x48</size>
         <input_file_ref idref="fl-ab"/>
      </object_component>
      <object_component id="oc-290">
         <name>.text.I2CCC32XX_fillTransmitFifo</name>
         <load_address>0x20010178</load_address>
         <run_address>0x20010178</run_address>
         <size>0x46</size>
         <input_file_ref idref="fl-17"/>
      </object_component>
      <object_component id="oc-2ee">
         <name>.text.PRCMLPDSEnterKeepDebugIf</name>
         <load_address>0x200101be</load_address>
         <run_address>0x200101be</run_address>
         <size>0x46</size>
         <input_file_ref idref="fl-2e"/>
      </object_component>
      <object_component id="oc-303">
         <name>.text.RingBuf_put</name>
         <load_address>0x20010204</load_address>
         <run_address>0x20010204</run_address>
         <size>0x46</size>
         <input_file_ref idref="fl-1f"/>
      </object_component>
      <object_component id="oc-18e">
         <name>.text.GPIODirModeSet</name>
         <load_address>0x2001024a</load_address>
         <run_address>0x2001024a</run_address>
         <size>0x44</size>
         <input_file_ref idref="fl-29"/>
      </object_component>
      <object_component id="oc-4d">
         <name>.text.defaultHandler</name>
         <load_address>0x2001028e</load_address>
         <run_address>0x2001028e</run_address>
         <size>0x2</size>
         <input_file_ref idref="fl-26"/>
      </object_component>
      <object_component id="oc-21b">
         <name>.text.GPIO_disableInt</name>
         <load_address>0x20010290</load_address>
         <run_address>0x20010290</run_address>
         <size>0x44</size>
         <input_file_ref idref="fl-15"/>
      </object_component>
      <object_component id="oc-ea">
         <name>.text.GPIO_enableInt</name>
         <load_address>0x200102d4</load_address>
         <run_address>0x200102d4</run_address>
         <size>0x44</size>
         <input_file_ref idref="fl-15"/>
      </object_component>
      <object_component id="oc-27f">
         <name>.text.Power_releaseConstraint</name>
         <load_address>0x20010318</load_address>
         <run_address>0x20010318</run_address>
         <size>0x44</size>
         <input_file_ref idref="fl-18"/>
      </object_component>
      <object_component id="oc-173">
         <name>.text.Timer_start</name>
         <load_address>0x2001035c</load_address>
         <run_address>0x2001035c</run_address>
         <size>0x44</size>
         <input_file_ref idref="fl-1a"/>
      </object_component>
      <object_component id="oc-73">
         <name>.text.addToList</name>
         <load_address>0x200103a0</load_address>
         <run_address>0x200103a0</run_address>
         <size>0x44</size>
         <input_file_ref idref="fl-23"/>
      </object_component>
      <object_component id="oc-ed">
         <name>.text.initTimer</name>
         <load_address>0x200103e4</load_address>
         <run_address>0x200103e4</run_address>
         <size>0x44</size>
         <input_file_ref idref="fl-1"/>
      </object_component>
      <object_component id="oc-f0">
         <name>.text.snprintf</name>
         <load_address>0x20010428</load_address>
         <run_address>0x20010428</run_address>
         <size>0x44</size>
         <input_file_ref idref="fl-41"/>
      </object_component>
      <object_component id="oc-120">
         <name>.text.PinModeSet</name>
         <load_address>0x2001046c</load_address>
         <run_address>0x2001046c</run_address>
         <size>0x42</size>
         <input_file_ref idref="fl-2d"/>
      </object_component>
      <object_component id="oc-2a7">
         <name>.text.TimerControlStall</name>
         <load_address>0x200104ae</load_address>
         <run_address>0x200104ae</run_address>
         <size>0x42</size>
         <input_file_ref idref="fl-31"/>
      </object_component>
      <object_component id="oc-200">
         <name>.text.Timer_close</name>
         <load_address>0x200104f0</load_address>
         <run_address>0x200104f0</run_address>
         <size>0x42</size>
         <input_file_ref idref="fl-1b"/>
      </object_component>
      <object_component id="oc-22a">
         <name>.text.getCountsRTC</name>
         <load_address>0x20010532</load_address>
         <run_address>0x20010532</run_address>
         <size>0x42</size>
         <input_file_ref idref="fl-25"/>
      </object_component>
      <object_component id="oc-134">
         <name>.text.SemaphoreP_post</name>
         <load_address>0x20010574</load_address>
         <run_address>0x20010574</run_address>
         <size>0x40</size>
         <input_file_ref idref="fl-22"/>
      </object_component>
      <object_component id="oc-29d">
         <name>.text.Timer_stop</name>
         <load_address>0x200105b4</load_address>
         <run_address>0x200105b4</run_address>
         <size>0x40</size>
         <input_file_ref idref="fl-1a"/>
      </object_component>
      <object_component id="oc-308">
         <name>.text.uDMAChannelControlSet</name>
         <load_address>0x200105f4</load_address>
         <run_address>0x200105f4</run_address>
         <size>0x40</size>
         <input_file_ref idref="fl-33"/>
      </object_component>
      <object_component id="oc-35a">
         <name>.text.PinDirModeSet</name>
         <load_address>0x20010634</load_address>
         <run_address>0x20010634</run_address>
         <size>0x3e</size>
         <input_file_ref idref="fl-2d"/>
      </object_component>
      <object_component id="oc-4c">
         <name>.text.faultISR</name>
         <load_address>0x20010672</load_address>
         <run_address>0x20010672</run_address>
         <size>0x2</size>
         <input_file_ref idref="fl-26"/>
      </object_component>
      <object_component id="oc-242">
         <name>.text.ClockP_stop</name>
         <load_address>0x20010674</load_address>
         <run_address>0x20010674</run_address>
         <size>0x3c</size>
         <input_file_ref idref="fl-23"/>
      </object_component>
      <object_component id="oc-1d6">
         <name>.text.UDMACC32XX_init</name>
         <load_address>0x200106b0</load_address>
         <run_address>0x200106b0</run_address>
         <size>0x3c</size>
         <input_file_ref idref="fl-20"/>
      </object_component>
      <object_component id="oc-20a">
         <name>.text.TimerSupport_timerEnable</name>
         <load_address>0x200106ec</load_address>
         <run_address>0x200106ec</run_address>
         <size>0x3a</size>
         <input_file_ref idref="fl-1b"/>
      </object_component>
      <object_component id="oc-4b">
         <name>.text.nmiISR</name>
         <load_address>0x20010726</load_address>
         <run_address>0x20010726</run_address>
         <size>0x2</size>
         <input_file_ref idref="fl-26"/>
      </object_component>
      <object_component id="oc-1ba">
         <name>.text.ClockP_destruct</name>
         <load_address>0x20010728</load_address>
         <run_address>0x20010728</run_address>
         <size>0x38</size>
         <input_file_ref idref="fl-23"/>
      </object_component>
      <object_component id="oc-2ac">
         <name>.text.Power_setConstraint</name>
         <load_address>0x20010760</load_address>
         <run_address>0x20010760</run_address>
         <size>0x38</size>
         <input_file_ref idref="fl-18"/>
      </object_component>
      <object_component id="oc-2cd">
         <name>.text.RingBuf_putAdvance</name>
         <load_address>0x20010798</load_address>
         <run_address>0x20010798</run_address>
         <size>0x38</size>
         <input_file_ref idref="fl-1f"/>
      </object_component>
      <object_component id="oc-23b">
         <name>.text.SwiP_restore</name>
         <load_address>0x200107d0</load_address>
         <run_address>0x200107d0</run_address>
         <size>0x38</size>
         <input_file_ref idref="fl-27"/>
      </object_component>
      <object_component id="oc-271">
         <name>.text.UDMACC32XX_close</name>
         <load_address>0x20010808</load_address>
         <run_address>0x20010808</run_address>
         <size>0x38</size>
         <input_file_ref idref="fl-20"/>
      </object_component>
      <object_component id="oc-b5">
         <name>.text:__TI_auto_init_nobinit_nopinit</name>
         <load_address>0x20010840</load_address>
         <run_address>0x20010840</run_address>
         <size>0x38</size>
         <input_file_ref idref="fl-54"/>
      </object_component>
      <object_component id="oc-2e4">
         <name>.text.PinLock</name>
         <load_address>0x20010878</load_address>
         <run_address>0x20010878</run_address>
         <size>0x36</size>
         <input_file_ref idref="fl-2d"/>
      </object_component>
      <object_component id="oc-207">
         <name>.text.TimerCC32XX_hwiIntFunction</name>
         <load_address>0x200108ae</load_address>
         <run_address>0x200108ae</run_address>
         <size>0x36</size>
         <input_file_ref idref="fl-1b"/>
      </object_component>
      <object_component id="oc-34c">
         <name>.text.UARTCharPutNonBlocking</name>
         <load_address>0x200108e4</load_address>
         <run_address>0x200108e4</run_address>
         <size>0x36</size>
         <input_file_ref idref="fl-32"/>
      </object_component>
      <object_component id="oc-1b7">
         <name>.text.ClockP_start</name>
         <load_address>0x2001091c</load_address>
         <run_address>0x2001091c</run_address>
         <size>0x34</size>
         <input_file_ref idref="fl-23"/>
      </object_component>
      <object_component id="oc-30f">
         <name>.text.I2CFIFODataPutNonBlocking</name>
         <load_address>0x20010950</load_address>
         <run_address>0x20010950</run_address>
         <size>0x34</size>
         <input_file_ref idref="fl-2b"/>
      </object_component>
      <object_component id="oc-359">
         <name>.text.PinDirModeGet</name>
         <load_address>0x20010984</load_address>
         <run_address>0x20010984</run_address>
         <size>0x34</size>
         <input_file_ref idref="fl-2d"/>
      </object_component>
      <object_component id="oc-11b">
         <name>.text.PinModeGet</name>
         <load_address>0x200109b8</load_address>
         <run_address>0x200109b8</run_address>
         <size>0x34</size>
         <input_file_ref idref="fl-2d"/>
      </object_component>
      <object_component id="oc-2e2">
         <name>.text.PowerCC32XX_parkPin</name>
         <load_address>0x200109ec</load_address>
         <run_address>0x200109ec</run_address>
         <size>0x34</size>
         <input_file_ref idref="fl-18"/>
      </object_component>
      <object_component id="oc-29f">
         <name>.text.TimerCC32XX_freeTimerResource</name>
         <load_address>0x20010a20</load_address>
         <run_address>0x20010a20</run_address>
         <size>0x34</size>
         <input_file_ref idref="fl-1b"/>
      </object_component>
      <object_component id="oc-26d">
         <name>.text.UART2_rxDisable</name>
         <load_address>0x20010a54</load_address>
         <run_address>0x20010a54</run_address>
         <size>0x34</size>
         <input_file_ref idref="fl-1c"/>
      </object_component>
      <object_component id="oc-46">
         <name>.text.initVectors</name>
         <load_address>0x20010a88</load_address>
         <run_address>0x20010a88</run_address>
         <size>0x34</size>
         <input_file_ref idref="fl-26"/>
      </object_component>
      <object_component id="oc-227">
         <name>.text.ClockP_getTicksUntilInterrupt</name>
         <load_address>0x20010abc</load_address>
         <run_address>0x20010abc</run_address>
         <size>0x30</size>
         <input_file_ref idref="fl-23"/>
      </object_component>
      <object_component id="oc-28f">
         <name>.text.I2CFIFODataGetNonBlocking</name>
         <load_address>0x20010aec</load_address>
         <run_address>0x20010aec</run_address>
         <size>0x30</size>
         <input_file_ref idref="fl-2b"/>
      </object_component>
      <object_component id="oc-234">
         <name>.text.PRCMLPDSIntervalSet</name>
         <load_address>0x20010b1c</load_address>
         <run_address>0x20010b1c</run_address>
         <size>0x30</size>
         <input_file_ref idref="fl-2e"/>
      </object_component>
      <object_component id="oc-2d8">
         <name>.text.PRCMSlowClkCtrFastGet</name>
         <load_address>0x20010b4c</load_address>
         <run_address>0x20010b4c</run_address>
         <size>0x30</size>
         <input_file_ref idref="fl-2e"/>
      </object_component>
      <object_component id="oc-2a6">
         <name>.text.TimerLoadSet</name>
         <load_address>0x20010b7c</load_address>
         <run_address>0x20010b7c</run_address>
         <size>0x30</size>
         <input_file_ref idref="fl-31"/>
      </object_component>
      <object_component id="oc-2a5">
         <name>.text.TimerPrescaleSet</name>
         <load_address>0x20010bac</load_address>
         <run_address>0x20010bac</run_address>
         <size>0x30</size>
         <input_file_ref idref="fl-31"/>
      </object_component>
      <object_component id="oc-183">
         <name>.text._outs</name>
         <load_address>0x20010bdc</load_address>
         <run_address>0x20010bdc</run_address>
         <size>0x30</size>
         <input_file_ref idref="fl-41"/>
      </object_component>
      <object_component id="oc-2e0">
         <name>.text.notify</name>
         <load_address>0x20010c0c</load_address>
         <run_address>0x20010c0c</run_address>
         <size>0x30</size>
         <input_file_ref idref="fl-18"/>
      </object_component>
      <object_component id="oc-21d">
         <name>.text.GPIOIntStatus</name>
         <load_address>0x20010c3c</load_address>
         <run_address>0x20010c3c</run_address>
         <size>0x2e</size>
         <input_file_ref idref="fl-29"/>
      </object_component>
      <object_component id="oc-30c">
         <name>.text.RingBuf_getConsume</name>
         <load_address>0x20010c6a</load_address>
         <run_address>0x20010c6a</run_address>
         <size>0x2e</size>
         <input_file_ref idref="fl-1f"/>
      </object_component>
      <object_component id="oc-2cc">
         <name>.text.RingBuf_putPointer</name>
         <load_address>0x20010c98</load_address>
         <run_address>0x20010c98</run_address>
         <size>0x2e</size>
         <input_file_ref idref="fl-1f"/>
      </object_component>
      <object_component id="oc-26e">
         <name>.text.UARTDisable</name>
         <load_address>0x20010cc6</load_address>
         <run_address>0x20010cc6</run_address>
         <size>0x2e</size>
         <input_file_ref idref="fl-32"/>
      </object_component>
      <object_component id="oc-176">
         <name>.text</name>
         <load_address>0x20010cf4</load_address>
         <run_address>0x20010cf4</run_address>
         <size>0x2e</size>
         <input_file_ref idref="fl-ac"/>
      </object_component>
      <object_component id="oc-28e">
         <name>.text.I2CMasterIntStatusEx</name>
         <load_address>0x20010d22</load_address>
         <run_address>0x20010d22</run_address>
         <size>0x2c</size>
         <input_file_ref idref="fl-2b"/>
      </object_component>
      <object_component id="oc-279">
         <name>.text.UART2CC32XX_getRxData</name>
         <load_address>0x20010d4e</load_address>
         <run_address>0x20010d4e</run_address>
         <size>0x2c</size>
         <input_file_ref idref="fl-1d"/>
      </object_component>
      <object_component id="oc-eb">
         <name>.text.initUART</name>
         <load_address>0x20010d7c</load_address>
         <run_address>0x20010d7c</run_address>
         <size>0x2c</size>
         <input_file_ref idref="fl-1"/>
      </object_component>
      <object_component id="oc-18d">
         <name>.text.HwiP_create</name>
         <load_address>0x20010da8</load_address>
         <run_address>0x20010da8</run_address>
         <size>0x2a</size>
         <input_file_ref idref="fl-24"/>
      </object_component>
      <object_component id="oc-1a4">
         <name>.text.PRCMLPDSWakeUpGPIOSelect</name>
         <load_address>0x20010dd2</load_address>
         <run_address>0x20010dd2</run_address>
         <size>0x2a</size>
         <input_file_ref idref="fl-2e"/>
      </object_component>
      <object_component id="oc-11a">
         <name>.text.PRCMPeripheralClkDisable</name>
         <load_address>0x20010dfc</load_address>
         <run_address>0x20010dfc</run_address>
         <size>0x2a</size>
         <input_file_ref idref="fl-2e"/>
      </object_component>
      <object_component id="oc-278">
         <name>.text.UARTIntStatus</name>
         <load_address>0x20010e26</load_address>
         <run_address>0x20010e26</run_address>
         <size>0x2a</size>
         <input_file_ref idref="fl-32"/>
      </object_component>
      <object_component id="oc-314">
         <name>.text.I2CMasterBusBusy</name>
         <load_address>0x20010e50</load_address>
         <run_address>0x20010e50</run_address>
         <size>0x28</size>
         <input_file_ref idref="fl-2b"/>
      </object_component>
      <object_component id="oc-310">
         <name>.text.I2CMasterSlaveAddrSet</name>
         <load_address>0x20010e78</load_address>
         <run_address>0x20010e78</run_address>
         <size>0x28</size>
         <input_file_ref idref="fl-2b"/>
      </object_component>
      <object_component id="oc-289">
         <name>.text.I2CTxFIFOConfigSet</name>
         <load_address>0x20010ea0</load_address>
         <run_address>0x20010ea0</run_address>
         <size>0x28</size>
         <input_file_ref idref="fl-2b"/>
      </object_component>
      <object_component id="oc-29a">
         <name>.text.I2C_cancel</name>
         <load_address>0x20010ec8</load_address>
         <run_address>0x20010ec8</run_address>
         <size>0x28</size>
         <input_file_ref idref="fl-16"/>
      </object_component>
      <object_component id="oc-300">
         <name>.text.List_remove</name>
         <load_address>0x20010ef0</load_address>
         <run_address>0x20010ef0</run_address>
         <size>0x28</size>
         <input_file_ref idref="fl-1e"/>
      </object_component>
      <object_component id="oc-2e1">
         <name>.text.PRCMSRAMRetentionEnable</name>
         <load_address>0x20010f18</load_address>
         <run_address>0x20010f18</run_address>
         <size>0x28</size>
         <input_file_ref idref="fl-2e"/>
      </object_component>
      <object_component id="oc-1d4">
         <name>.text.PowerCC32XX_getParkState</name>
         <load_address>0x20010f40</load_address>
         <run_address>0x20010f40</run_address>
         <size>0x28</size>
         <input_file_ref idref="fl-18"/>
      </object_component>
      <object_component id="oc-316">
         <name>.text.TimerSupport_timerDisable</name>
         <load_address>0x20010f68</load_address>
         <run_address>0x20010f68</run_address>
         <size>0x28</size>
         <input_file_ref idref="fl-1b"/>
      </object_component>
      <object_component id="oc-241">
         <name>.text.free_list_insert</name>
         <load_address>0x20010f90</load_address>
         <run_address>0x20010f90</run_address>
         <size>0x28</size>
         <input_file_ref idref="fl-42"/>
      </object_component>
      <object_component id="oc-28a">
         <name>.text.I2CRxFIFOConfigSet</name>
         <load_address>0x20010fb8</load_address>
         <run_address>0x20010fb8</run_address>
         <size>0x24</size>
         <input_file_ref idref="fl-2b"/>
      </object_component>
      <object_component id="oc-2ff">
         <name>.text.IntUnregister</name>
         <load_address>0x20010fdc</load_address>
         <run_address>0x20010fdc</run_address>
         <size>0x24</size>
         <input_file_ref idref="fl-2c"/>
      </object_component>
      <object_component id="oc-1bc">
         <name>.text.List_put</name>
         <load_address>0x20011000</load_address>
         <run_address>0x20011000</run_address>
         <size>0x24</size>
         <input_file_ref idref="fl-1e"/>
      </object_component>
      <object_component id="oc-1a2">
         <name>.text.PRCMLPDSWakeupSourceEnable</name>
         <load_address>0x20011024</load_address>
         <run_address>0x20011024</run_address>
         <size>0x24</size>
         <input_file_ref idref="fl-2e"/>
      </object_component>
      <object_component id="oc-274">
         <name>.text.PowerCC32XX_restoreParkState</name>
         <load_address>0x20011048</load_address>
         <run_address>0x20011048</run_address>
         <size>0x24</size>
         <input_file_ref idref="fl-18"/>
      </object_component>
      <object_component id="oc-2eb">
         <name>.text.PowerCC32XX_restoreParkedPin</name>
         <load_address>0x2001106c</load_address>
         <run_address>0x2001106c</run_address>
         <size>0x24</size>
         <input_file_ref idref="fl-18"/>
      </object_component>
      <object_component id="oc-133">
         <name>.text.Power_registerNotify</name>
         <load_address>0x20011090</load_address>
         <run_address>0x20011090</run_address>
         <size>0x24</size>
         <input_file_ref idref="fl-18"/>
      </object_component>
      <object_component id="oc-2fc">
         <name>.text.UART2Support_disableRx</name>
         <load_address>0x200110b4</load_address>
         <run_address>0x200110b4</run_address>
         <size>0x24</size>
         <input_file_ref idref="fl-1d"/>
      </object_component>
      <object_component id="oc-6c">
         <name>.text:_c_int00_noargs</name>
         <load_address>0x200110d8</load_address>
         <run_address>0x200110d8</run_address>
         <size>0x24</size>
         <input_file_ref idref="fl-46"/>
      </object_component>
      <object_component id="oc-140">
         <name>.text.GPIOPinWrite</name>
         <load_address>0x200110fc</load_address>
         <run_address>0x200110fc</run_address>
         <size>0x22</size>
         <input_file_ref idref="fl-29"/>
      </object_component>
      <object_component id="oc-2ea">
         <name>.text.PinUnlock</name>
         <load_address>0x2001111e</load_address>
         <run_address>0x2001111e</run_address>
         <size>0x22</size>
         <input_file_ref idref="fl-2d"/>
      </object_component>
      <object_component id="oc-30d">
         <name>.text.RingBuf_getPointer</name>
         <load_address>0x20011140</load_address>
         <run_address>0x20011140</run_address>
         <size>0x22</size>
         <input_file_ref idref="fl-1f"/>
      </object_component>
      <object_component id="oc-2cf">
         <name>.text.UART2Support_sendData</name>
         <load_address>0x20011162</load_address>
         <run_address>0x20011162</run_address>
         <size>0x22</size>
         <input_file_ref idref="fl-1d"/>
      </object_component>
      <object_component id="oc-ef">
         <name>.text.compareTempToSetpoint</name>
         <load_address>0x20011184</load_address>
         <run_address>0x20011184</run_address>
         <size>0x22</size>
         <input_file_ref idref="fl-1"/>
      </object_component>
      <object_component id="oc-265">
         <name>.text.IntRegister</name>
         <load_address>0x200111a6</load_address>
         <run_address>0x200111a6</run_address>
         <size>0x20</size>
         <input_file_ref idref="fl-2c"/>
      </object_component>
      <object_component id="oc-1f0">
         <name>.text.PinTypeI2C</name>
         <load_address>0x200111c6</load_address>
         <run_address>0x200111c6</run_address>
         <size>0x20</size>
         <input_file_ref idref="fl-2d"/>
      </object_component>
      <object_component id="oc-1cc">
         <name>.text.PowerCC32XX_reset</name>
         <load_address>0x200111e8</load_address>
         <run_address>0x200111e8</run_address>
         <size>0x20</size>
         <input_file_ref idref="fl-18"/>
      </object_component>
      <object_component id="oc-272">
         <name>.text.Power_unregisterNotify</name>
         <load_address>0x20011208</load_address>
         <run_address>0x20011208</run_address>
         <size>0x20</size>
         <input_file_ref idref="fl-18"/>
      </object_component>
      <object_component id="oc-1e0">
         <name>.text.SemaphoreP_constructBinary</name>
         <load_address>0x20011228</load_address>
         <run_address>0x20011228</run_address>
         <size>0x20</size>
         <input_file_ref idref="fl-22"/>
      </object_component>
      <object_component id="oc-129">
         <name>.text.SemaphoreP_createBinary</name>
         <load_address>0x20011248</load_address>
         <run_address>0x20011248</run_address>
         <size>0x20</size>
         <input_file_ref idref="fl-22"/>
      </object_component>
      <object_component id="oc-2a0">
         <name>.text.TimerDisable</name>
         <load_address>0x20011268</load_address>
         <run_address>0x20011268</run_address>
         <size>0x20</size>
         <input_file_ref idref="fl-31"/>
      </object_component>
      <object_component id="oc-248">
         <name>.text.PinTypeUART</name>
         <load_address>0x20011288</load_address>
         <run_address>0x20011288</run_address>
         <size>0x1e</size>
         <input_file_ref idref="fl-2d"/>
      </object_component>
      <object_component id="oc-187">
         <name>.text.UART2_writeTimeout</name>
         <load_address>0x200112a6</load_address>
         <run_address>0x200112a6</run_address>
         <size>0x1e</size>
         <input_file_ref idref="fl-1c"/>
      </object_component>
      <object_component id="oc-25b">
         <name>.text.UARTEnable</name>
         <load_address>0x200112c4</load_address>
         <run_address>0x200112c4</run_address>
         <size>0x1e</size>
         <input_file_ref idref="fl-32"/>
      </object_component>
      <object_component id="oc-2af">
         <name>.text.memccpy</name>
         <load_address>0x200112e2</load_address>
         <run_address>0x200112e2</run_address>
         <size>0x1e</size>
         <input_file_ref idref="fl-53"/>
      </object_component>
      <object_component id="oc-304">
         <name>.text.uDMAChannelDisable</name>
         <load_address>0x20011300</load_address>
         <run_address>0x20011300</run_address>
         <size>0x1e</size>
         <input_file_ref idref="fl-33"/>
      </object_component>
      <object_component id="oc-30a">
         <name>.text.uDMAChannelEnable</name>
         <load_address>0x2001131e</load_address>
         <run_address>0x2001131e</run_address>
         <size>0x1e</size>
         <input_file_ref idref="fl-33"/>
      </object_component>
      <object_component id="oc-27b">
         <name>.text.uDMAChannelIsEnabled</name>
         <load_address>0x2001133c</load_address>
         <run_address>0x2001133c</run_address>
         <size>0x1e</size>
         <input_file_ref idref="fl-33"/>
      </object_component>
      <object_component id="oc-e5">
         <name>.text.GPIO_setCallback</name>
         <load_address>0x2001135c</load_address>
         <run_address>0x2001135c</run_address>
         <size>0x1c</size>
         <input_file_ref idref="fl-14"/>
      </object_component>
      <object_component id="oc-26a">
         <name>.text.HwiP_dispatch</name>
         <load_address>0x20011378</load_address>
         <run_address>0x20011378</run_address>
         <size>0x1c</size>
         <input_file_ref idref="fl-24"/>
      </object_component>
      <object_component id="oc-220">
         <name>.text.SwiP_disable</name>
         <load_address>0x20011394</load_address>
         <run_address>0x20011394</run_address>
         <size>0x1c</size>
         <input_file_ref idref="fl-27"/>
      </object_component>
      <object_component id="oc-240">
         <name>.text.free_list_remove</name>
         <load_address>0x200113b0</load_address>
         <run_address>0x200113b0</run_address>
         <size>0x1c</size>
         <input_file_ref idref="fl-42"/>
      </object_component>
      <object_component id="oc-29b">
         <name>.text.getPowerMgrId</name>
         <load_address>0x200113cc</load_address>
         <run_address>0x200113cc</run_address>
         <size>0x1c</size>
         <input_file_ref idref="fl-1b"/>
      </object_component>
      <object_component id="oc-21">
         <name>.text.resetISR</name>
         <load_address>0x200113e8</load_address>
         <run_address>0x200113e8</run_address>
         <size>0x1c</size>
         <input_file_ref idref="fl-26"/>
      </object_component>
      <object_component id="oc-2d3">
[...]
      </symbol>
      <symbol id="sm-512">
         <name>PinLockLevelSet</name>
         <value>0x2000f461</value>
         <object_component_ref idref="oc-2e3"/>
      </symbol>
      <symbol id="sm-513">
         <name>PinModeGet</name>
         <value>0x200109b9</value>
         <object_component_ref idref="oc-11b"/>
      </symbol>
      <symbol id="sm-514">
         <name>PinModeSet</name>
         <value>0x2001046d</value>
         <object_component_ref idref="oc-120"/>
      </symbol>
      <symbol id="sm-515">
         <name>PinToPadGet</name>
         <value>0x2001146d</value>
         <object_component_ref idref="oc-275"/>
      </symbol>
      <symbol id="sm-516">
         <name>PinTypeI2C</name>
         <value>0x200111c7</value>
         <object_component_ref idref="oc-1f0"/>
      </symbol>
      <symbol id="sm-517">
         <name>PinTypeUART</name>
         <value>0x20011289</value>
         <object_component_ref idref="oc-248"/>
      </symbol>
      <symbol id="sm-518">
         <name>PinUnlock</name>
         <value>0x2001111f</value>
         <object_component_ref idref="oc-2ea"/>
      </symbol>
      <symbol id="sm-5ca">
         <name>PRCMCC3200MCUInit</name>
         <value>0x2000c885</value>
         <object_component_ref idref="oc-c8"/>
      </symbol>
      <symbol id="sm-5cb">
         <name>PRCMHIBRegRead</name>
         <value>0x2001141f</value>
         <object_component_ref idref="oc-117"/>
      </symbol>
      <symbol id="sm-5cc">
         <name>PRCMHIBRegWrite</name>
         <value>0x20011439</value>
         <object_component_ref idref="oc-116"/>
      </symbol>
      <symbol id="sm-5cd">
         <name>PRCMHibernateWakeUpGPIOSelect</name>
         <value>0x2000f379</value>
         <object_component_ref idref="oc-1a5"/>
      </symbol>
      <symbol id="sm-5ce">
         <name>PRCMHibernateWakeupSourceDisable</name>
         <value>0x2000fa01</value>
         <object_component_ref idref="oc-1a7"/>
      </symbol>
      <symbol id="sm-5cf">
         <name>PRCMHibernateWakeupSourceEnable</name>
         <value>0x2000fd15</value>
         <object_component_ref idref="oc-1a6"/>
      </symbol>
      <symbol id="sm-5d0">
         <name>PRCMIntEnable</name>
         <value>0x20010011</value>
         <object_component_ref idref="oc-2e9"/>
      </symbol>
      <symbol id="sm-5d1">
         <name>PRCMLPDSEnter</name>
         <value>0x2000fbc5</value>
         <object_component_ref idref="oc-2ef"/>
      </symbol>
      <symbol id="sm-5d2">
         <name>PRCMLPDSEnterKeepDebugIf</name>
         <value>0x200101bf</value>
         <object_component_ref idref="oc-2ee"/>
      </symbol>
      <symbol id="sm-5d3">
         <name>PRCMLPDSIntervalSet</name>
         <value>0x20010b1d</value>
         <object_component_ref idref="oc-234"/>
      </symbol>
      <symbol id="sm-5d4">
         <name>PRCMLPDSRestoreInfoSet</name>
         <value>0x2000fe51</value>
         <object_component_ref idref="oc-35b"/>
      </symbol>
      <symbol id="sm-5d5">
         <name>PRCMLPDSWakeUpGPIOSelect</name>
         <value>0x20010dd3</value>
         <object_component_ref idref="oc-1a4"/>
      </symbol>
      <symbol id="sm-5d6">
         <name>PRCMLPDSWakeupCauseGet</name>
         <value>0x200119d1</value>
         <object_component_ref idref="oc-2ec"/>
      </symbol>
      <symbol id="sm-5d7">
         <name>PRCMLPDSWakeupSourceDisable</name>
         <value>0x20011453</value>
         <object_component_ref idref="oc-1a3"/>
      </symbol>
      <symbol id="sm-5d8">
         <name>PRCMLPDSWakeupSourceEnable</name>
         <value>0x20011025</value>
         <object_component_ref idref="oc-1a2"/>
      </symbol>
      <symbol id="sm-5d9">
         <name>PRCMPeripheralClkDisable</name>
         <value>0x20010dfd</value>
         <object_component_ref idref="oc-11a"/>
      </symbol>
      <symbol id="sm-5da">
         <name>PRCMPeripheralClkEnable</name>
         <value>0x2000fab9</value>
         <object_component_ref idref="oc-118"/>
      </symbol>
      <symbol id="sm-5db">
         <name>PRCMPeripheralReset</name>
         <value>0x2000f67d</value>
         <object_component_ref idref="oc-119"/>
      </symbol>
      <symbol id="sm-5dc">
         <name>PRCMPeripheralStatusGet</name>
         <value>0x20010059</value>
         <object_component_ref idref="oc-218"/>
      </symbol>
      <symbol id="sm-5dd">
         <name>PRCMSRAMRetentionEnable</name>
         <value>0x20010f19</value>
         <object_component_ref idref="oc-2e1"/>
      </symbol>
      <symbol id="sm-5de">
         <name>PRCMSleepEnter</name>
         <value>0x20011ab3</value>
         <object_component_ref idref="oc-23a"/>
      </symbol>
      <symbol id="sm-5df">
         <name>PRCMSlowClkCtrFastGet</name>
         <value>0x20010b4d</value>
         <object_component_ref idref="oc-2d8"/>
      </symbol>
      <symbol id="sm-5e0">
         <name>PRCMSysResetCauseGet</name>
         <value>0x2000f0f9</value>
         <object_component_ref idref="oc-111"/>
      </symbol>
      <symbol id="sm-5fe">
         <name>SysTickEnable</name>
         <value>0x2001179f</value>
         <object_component_ref idref="oc-238"/>
      </symbol>
      <symbol id="sm-5ff">
         <name>SysTickIntDisable</name>
         <value>0x200117b1</value>
         <object_component_ref idref="oc-22f"/>
      </symbol>
      <symbol id="sm-600">
         <name>SysTickIntEnable</name>
         <value>0x200117c3</value>
         <object_component_ref idref="oc-239"/>
      </symbol>
      <symbol id="sm-601">
         <name>SysTickPeriodSet</name>
         <value>0x20011571</value>
         <object_component_ref idref="oc-237"/>
      </symbol>
      <symbol id="sm-640">
         <name>TimerControlStall</name>
         <value>0x200104af</value>
         <object_component_ref idref="oc-2a7"/>
      </symbol>
      <symbol id="sm-641">
         <name>TimerDisable</name>
         <value>0x20011269</value>
         <object_component_ref idref="oc-2a0"/>
      </symbol>
      <symbol id="sm-642">
         <name>TimerEnable</name>
         <value>0x20011487</value>
         <object_component_ref idref="oc-2ad"/>
      </symbol>
      <symbol id="sm-643">
         <name>TimerIntClear</name>
         <value>0x20011889</value>
         <object_component_ref idref="oc-2aa"/>
      </symbol>
      <symbol id="sm-644">
         <name>TimerIntDisable</name>
         <value>0x20011587</value>
         <object_component_ref idref="oc-368"/>
      </symbol>
      <symbol id="sm-645">
         <name>TimerIntEnable</name>
         <value>0x20011695</value>
         <object_component_ref idref="oc-2ab"/>
      </symbol>
      <symbol id="sm-646">
         <name>TimerLoadSet</name>
         <value>0x20010b7d</value>
         <object_component_ref idref="oc-2a6"/>
      </symbol>
      <symbol id="sm-647">
         <name>TimerPrescaleSet</name>
         <value>0x20010bad</value>
         <object_component_ref idref="oc-2a5"/>
      </symbol>
      <symbol id="sm-6b1">
         <name>UARTBusy</name>
         <value>0x200118b9</value>
         <object_component_ref idref="oc-34d"/>
      </symbol>
      <symbol id="sm-6b2">
         <name>UARTCharPutNonBlocking</name>
         <value>0x200108e5</value>
         <object_component_ref idref="oc-34c"/>
      </symbol>
      <symbol id="sm-6b3">
         <name>UARTCharsAvail</name>
         <value>0x2001159d</value>
         <object_component_ref idref="oc-27d"/>
      </symbol>
      <symbol id="sm-6b4">
         <name>UARTConfigSetExpClk</name>
         <value>0x2000f3ed</value>
         <object_component_ref idref="oc-255"/>
      </symbol>
      <symbol id="sm-6b5">
         <name>UARTDMADisable</name>
         <value>0x200115b3</value>
         <object_component_ref idref="oc-26c"/>
      </symbol>
      <symbol id="sm-6b6">
         <name>UARTDMAEnable</name>
         <value>0x200116a9</value>
         <object_component_ref idref="oc-30b"/>
      </symbol>
      <symbol id="sm-6b7">
         <name>UARTDisable</name>
         <value>0x20010cc7</value>
         <object_component_ref idref="oc-26e"/>
      </symbol>
      <symbol id="sm-6b8">
         <name>UARTEnable</name>
         <value>0x200112c5</value>
         <object_component_ref idref="oc-25b"/>
      </symbol>
      <symbol id="sm-6b9">
         <name>UARTFIFOLevelSet</name>
         <value>0x200115c9</value>
         <object_component_ref idref="oc-25d"/>
      </symbol>
      <symbol id="sm-6ba">
         <name>UARTFlowControlSet</name>
         <value>0x200114a1</value>
         <object_component_ref idref="oc-25e"/>
      </symbol>
      <symbol id="sm-6bb">
         <name>UARTIntClear</name>
         <value>0x200118c9</value>
         <object_component_ref idref="oc-25a"/>
      </symbol>
      <symbol id="sm-6bc">
         <name>UARTIntDisable</name>
         <value>0x200115df</value>
         <object_component_ref idref="oc-26b"/>
      </symbol>
      <symbol id="sm-6bd">
         <name>UARTIntEnable</name>
         <value>0x200116bd</value>
         <object_component_ref idref="oc-25c"/>
      </symbol>
      <symbol id="sm-6be">
         <name>UARTIntStatus</name>
         <value>0x20010e27</value>
         <object_component_ref idref="oc-278"/>
      </symbol>
      <symbol id="sm-6bf">
         <name>UARTRxErrorGet</name>
         <value>0x200118d9</value>
         <object_component_ref idref="oc-27a"/>
      </symbol>
      <symbol id="sm-718">
         <name>uDMAChannelAssign</name>
         <value>0x2000fdb5</value>
         <object_component_ref idref="oc-25f"/>
      </symbol>
      <symbol id="sm-719">
         <name>uDMAChannelAttributeDisable</name>
         <value>0x2000efd7</value>
         <object_component_ref idref="oc-260"/>
      </symbol>
      <symbol id="sm-71a">
         <name>uDMAChannelControlSet</name>
         <value>0x200105f5</value>
         <object_component_ref idref="oc-308"/>
      </symbol>
      <symbol id="sm-71b">
         <name>uDMAChannelDisable</name>
         <value>0x20011301</value>
         <object_component_ref idref="oc-304"/>
      </symbol>
      <symbol id="sm-71c">
         <name>uDMAChannelEnable</name>
         <value>0x2001131f</value>
         <object_component_ref idref="oc-30a"/>
      </symbol>
      <symbol id="sm-71d">
         <name>uDMAChannelIsEnabled</name>
         <value>0x2001133d</value>
         <object_component_ref idref="oc-27b"/>
      </symbol>
      <symbol id="sm-71e">
         <name>uDMAChannelSizeGet</name>
         <value>0x2000ff7d</value>
         <object_component_ref idref="oc-305"/>
      </symbol>
      <symbol id="sm-71f">
         <name>uDMAChannelTransferSet</name>
         <value>0x2000e06f</value>
         <object_component_ref idref="oc-309"/>
      </symbol>
      <symbol id="sm-720">
         <name>uDMAControlBaseSet</name>
         <value>0x200116d1</value>
         <object_component_ref idref="oc-252"/>
      </symbol>
      <symbol id="sm-721">
         <name>uDMAEnable</name>
         <value>0x20011951</value>
         <object_component_ref idref="oc-24d"/>
      </symbol>
      <symbol id="sm-722">
         <name>uDMAErrorStatusClear</name>
         <value>0x2001195f</value>
         <object_component_ref idref="oc-37c"/>
      </symbol>
      <symbol id="sm-723">
         <name>uDMAErrorStatusGet</name>
         <value>0x20011a49</value>
         <object_component_ref idref="oc-37b"/>
      </symbol>
      <symbol id="sm-724">
         <name>uDMAIntClear</name>
         <value>0x200116e5</value>
         <object_component_ref idref="oc-306"/>
      </symbol>
      <symbol id="sm-72f">
         <name>UtilsDelay</name>
         <value>0x20011abb</value>
         <object_component_ref idref="oc-112"/>
      </symbol>
      <symbol id="sm-75c">
         <name>FlashDisable</name>
         <value>0x2000f949</value>
         <object_component_ref idref="oc-35d"/>
      </symbol>
      <symbol id="sm-76d">
         <name>snprintf</name>
         <value>0x20010429</value>
         <object_component_ref idref="oc-f0"/>
      </symbol>
      <symbol id="sm-78d">
         <name>malloc</name>
         <value>0x20011acd</value>
         <object_component_ref idref="oc-219"/>
      </symbol>
      <symbol id="sm-78e">
         <name>aligned_alloc</name>
         <value>0x2000de35</value>
         <object_component_ref idref="oc-2d2"/>
      </symbol>
      <symbol id="sm-78f">
         <name>free</name>
         <value>0x2000e38d</value>
         <object_component_ref idref="oc-1b4"/>
      </symbol>
      <symbol id="sm-790">
         <name>_sys_memory</name>
         <value>0x20004040</value>
         <object_component_ref idref="oc-28"/>
      </symbol>
      <symbol id="sm-791">
         <name>memalign</name>
         <value>0x2000de35</value>
         <object_component_ref idref="oc-2d2"/>
      </symbol>
      <symbol id="sm-79b">
         <name>__TI_zero_init</name>
         <value>0x20011909</value>
         <object_component_ref idref="oc-40"/>
      </symbol>
      <symbol id="sm-7a4">
         <name>__TI_decompress_none</name>
         <value>0x2001197b</value>
         <object_component_ref idref="oc-1c"/>
      </symbol>
      <symbol id="sm-7ae">
         <name>__TI_decompress_lzss</name>
         <value>0x2000f6e7</value>
         <object_component_ref idref="oc-18"/>
      </symbol>
      <symbol id="sm-7b9">
         <name>_c_int00_noargs</name>
         <value>0x200110d9</value>
         <object_component_ref idref="oc-6c"/>
      </symbol>
      <symbol id="sm-7ba">
         <name>__stack</name>
         <value>0x20003000</value>
         <object_component_ref idref="oc-16"/>
      </symbol>
      <symbol id="sm-7da">
         <name>__TI_printfi_nofloat</name>
         <value>0x2000c041</value>
         <object_component_ref idref="oc-214"/>
      </symbol>
      <symbol id="sm-7e7">
         <name>__aeabi_errno_addr</name>
         <value>0x20011ac5</value>
         <object_component_ref idref="oc-2be"/>
      </symbol>
      <symbol id="sm-7e8">
         <name>__aeabi_errno</name>
         <value>0x20013370</value>
         <object_component_ref idref="oc-323"/>
      </symbol>
      <symbol id="sm-7f2">
         <name>abort</name>
         <value>0x20011b13</value>
         <object_component_ref idref="oc-ae"/>
      </symbol>
      <symbol id="sm-7f3">
         <name>C$$EXIT</name>
         <value>0x20011b12</value>
         <object_component_ref idref="oc-ae"/>
      </symbol>
      <symbol id="sm-7fc">
         <name>_nop</name>
         <value>0x2000fc1b</value>
         <object_component_ref idref="oc-193"/>
      </symbol>
      <symbol id="sm-7fd">
         <name>_lock</name>
         <value>0x20013374</value>
         <object_component_ref idref="oc-107"/>
      </symbol>
      <symbol id="sm-7fe">
         <name>_unlock</name>
         <value>0x20013378</value>
         <object_component_ref idref="oc-10a"/>
      </symbol>
      <symbol id="sm-80b">
         <name>atoi</name>
         <value>0x200100e9</value>
         <object_component_ref idref="oc-2b6"/>
      </symbol>
      <symbol id="sm-815">
         <name>memccpy</name>
         <value>0x200112e3</value>
         <object_component_ref idref="oc-2af"/>
      </symbol>
      <symbol id="sm-820">
         <name>__TI_auto_init_nobinit_nopinit</name>
         <value>0x20010841</value>
         <object_component_ref idref="oc-b5"/>
      </symbol>
      <symbol id="sm-828">
         <name>_system_pre_init</name>
         <value>0x20011b0f</value>
         <object_component_ref idref="oc-81"/>
      </symbol>
      <symbol id="sm-832">
         <name>wcslen</name>
         <value>0x200118f9</value>
         <object_component_ref idref="oc-2ba"/>
      </symbol>
      <symbol id="sm-838">
         <name>__aeabi_ctype_table_</name>
         <value>0x20012620</value>
         <object_component_ref idref="oc-31c"/>
      </symbol>
      <symbol id="sm-839">
         <name>__aeabi_ctype_table_C</name>
         <value>0x20012620</value>
         <object_component_ref idref="oc-31c"/>
      </symbol>
      <symbol id="sm-851">
         <name>__aeabi_dmul</name>
         <value>0x2000e291</value>
         <object_component_ref idref="oc-17a"/>
      </symbol>
      <symbol id="sm-852">
         <name>__muldf3</name>
         <value>0x2000e291</value>
         <object_component_ref idref="oc-17a"/>
      </symbol>
      <symbol id="sm-858">
         <name>__aeabi_d2iz</name>
         <value>0x20010131</value>
         <object_component_ref idref="oc-17e"/>
      </symbol>
      <symbol id="sm-859">
         <name>__fixdfsi</name>
         <value>0x20010131</value>
         <object_component_ref idref="oc-17e"/>
      </symbol>
      <symbol id="sm-85f">
         <name>__aeabi_i2d</name>
         <value>0x20010cf5</value>
         <object_component_ref idref="oc-176"/>
      </symbol>
      <symbol id="sm-860">
         <name>__floatsidf</name>
         <value>0x20010cf5</value>
         <object_component_ref idref="oc-176"/>
      </symbol>
      <symbol id="sm-866">
         <name>__aeabi_memcpy</name>
         <value>0x20011b19</value>
         <object_component_ref idref="oc-33"/>
      </symbol>
      <symbol id="sm-867">
         <name>__aeabi_memcpy4</name>
         <value>0x20011b19</value>
         <object_component_ref idref="oc-33"/>
      </symbol>
      <symbol id="sm-868">
         <name>__aeabi_memcpy8</name>
         <value>0x20011b19</value>
         <object_component_ref idref="oc-33"/>
      </symbol>
      <symbol id="sm-86e">
         <name>__aeabi_memset</name>
         <value>0x200116f9</value>
         <object_component_ref idref="oc-5e"/>
      </symbol>
      <symbol id="sm-86f">
         <name>__aeabi_memset4</name>
         <value>0x200116f9</value>
         <object_component_ref idref="oc-5e"/>
      </symbol>
      <symbol id="sm-870">
         <name>__aeabi_memset8</name>
         <value>0x200116f9</value>
         <object_component_ref idref="oc-5e"/>
      </symbol>
      <symbol id="sm-871">
         <name>__aeabi_memclr</name>
         <value>0x20011705</value>
         <object_component_ref idref="oc-5e"/>
      </symbol>
      <symbol id="sm-872">
         <name>__aeabi_memclr4</name>
         <value>0x20011705</value>
         <object_component_ref idref="oc-5e"/>
      </symbol>
      <symbol id="sm-873">
         <name>__aeabi_memclr8</name>
         <value>0x20011705</value>
         <object_component_ref idref="oc-5e"/>
      </symbol>
      <symbol id="sm-879">
         <name>__aeabi_uldivmod</name>
         <value>0x2001170d</value>
         <object_component_ref idref="oc-22b"/>
      </symbol>
      <symbol id="sm-87f">
         <name>__udivmoddi4</name>
         <value>0x2000ea2d</value>
         <object_component_ref idref="oc-2d9"/>
      </symbol>
      <symbol id="sm-88a">
         <name>__aeabi_ldiv0</name>
         <value>0x2000fb13</value>
         <object_component_ref idref="oc-351"/>
      </symbol>
      <symbol id="sm-893">
         <name>TI_memcpy_small</name>
         <value>0x200117e7</value>
         <object_component_ref idref="oc-77"/>
      </symbol>
      <symbol id="sm-89b">
         <name>TI_memset_small</name>
         <value>0x2001196d</value>
         <object_component_ref idref="oc-94"/>
      </symbol>
      <symbol id="sm-89c">
         <name>__TI_static_base__</name>
         <value>0x20013384</value>
      </symbol>
      <symbol id="sm-89f">
         <name>ITM_flush</name>
         <value>0x0</value>
      </symbol>
      <symbol id="sm-8a0">
         <name>ITM_restore</name>
         <value>0x0</value>
      </symbol>
      <symbol id="sm-8a1">
         <name>__mpu_init</name>
         <value>0x0</value>
      </symbol>
      <symbol id="sm-8a2">
         <name>_system_post_cinit</name>
         <value>0x0</value>
      </symbol>
   </symbol_table>
   <title>Link successful</title>
</link_info>
