******************************************************************************
            TI ARM Clang Linker Unix v2.1.3                    
******************************************************************************
>> Linked Fri Dec  8 17:47:19 2023

OUTPUT FILE NAME:   <gpiointerrupt_CC3220S_LAUNCHXL_nortos_ticlang.out>
ENTRY POINT SYMBOL: "resetISR"  address: 200113e9


MEMORY CONFIGURATION

         name            origin    length      used     unused   attr    fill
----------------------  --------  ---------  --------  --------  ----  --------
  SRAM2                 20000000   00004000  0000130c  00002cf4  RW X
  SRAM                  20004000   0003c000  0000f385  0002cc7b  RW X
  LOG_DATA              90000000   00040000  00000000  00040000  R   
  LOG_PTR               94000008   00040000  00000000  00040000  R   


SEGMENT ALLOCATION MAP

run origin  load origin   length   init length attrs members
----------  ----------- ---------- ----------- ----- -------
20003000    20003000    00001000   00000000    rw-
  20003000    20003000    00001000   00000000    rw- .stack
20004000    20004000    00000040   00000040    r--
  20004000    20004000    00000040   00000040    r-- .resetVecs
20004040    20004040    00008000   00000000    rw-
  20004040    20004040    00008000   00000000    rw- .sysmem
2000c040    2000c040    00005adc   00005adc    r-x
  2000c040    2000c040    00005adc   00005adc    r-x .text
20011c00    20011c00    00000a13   00000000    rw-
  20011c00    20011c00    00000a13   00000000    rw- .bss
20012620    20012620    000006c5   000006c5    r--
  20012620    20012620    000006c5   000006c5    r-- .rodata
20012ce8    20012ce8    00000699   00000000    rw-
  20012ce8    20012ce8    00000699   00000000    rw- .data
20013384    20013384    000000f8   000000f8    r--
  20013384    20013384    000000f8   000000f8    r-- .cinit


SECTION ALLOCATION MAP

 output                                  attributes/
section   page    origin      length       input sections
--------  ----  ----------  ----------   ----------------
.text      0    2000c040    00005adc     
                  2000c040    00000844     libc.a : _printfi.c.obj (.text:__TI_printfi_nofloat)
                  2000c884    000004b8     driverlib.a : prcm.obj (.text.PRCMCC3200MCUInit)
                  2000cd3c    000003e4     drivers_cc32xx.a : PowerCC32XX.c.obj (.text.Power_sleep)
                  2000d120    00000222                      : UART2CC32XX.c.obj (.text.UART2CC32XX_hwiIntFxn)
                  2000d342    00000002     ti_drivers_config.o (.text.Board_initHook)
                  2000d344    000001cc     drivers_cc32xx.a : UART2CC32XX.c.obj (.text.UART2_open)
                  2000d510    00000178     gpiointerrupt.o (.text.initI2C)
                  2000d688    00000174     drivers_cc32xx.a : UART2.c.obj (.text.UART2_writeTimeoutBlocking)
                  2000d7fc    00000150     nortos_cc32xx.a : PowerCC32XX_nortos.c.obj (.text.PowerCC32XX_sleepPolicy)
                  2000d94c    00000148     drivers_cc32xx.a : TimerCC32XX.c.obj (.text.Timer_open)
                  2000da94    00000140                      : GPIOCC32XX.c.obj (.text.GPIO_setConfig)
                  2000dbd4    00000138                      : I2CCC32XX.c.obj (.text.I2CCC32XX_hwiFxn)
                  2000dd0c    00000126                      : I2C.c.obj (.text.I2C_transferTimeout)
                  2000de32    00000002                      : I2C.c.obj (.text.I2C_init)
                  2000de34    00000120     libc.a : memory.c.obj (.text.aligned_alloc)
                  2000df54    0000011a     drivers_cc32xx.a : UART2.c.obj (.text.UART2_writeTimeoutNonblocking)
                  2000e06e    00000112     driverlib.a : udma.obj (.text.uDMAChannelTransferSet)
                  2000e180    00000110     gpiointerrupt.o (.text.mainThread)
                  2000e290    000000fc     libclang_rt.builtins.a : muldf3.S.obj (.text)
                  2000e38c    000000f8     libc.a : memory.c.obj (.text.free)
                  2000e484    000000e8     drivers_cc32xx.a : I2CCC32XX.c.obj (.text.I2C_open)
                  2000e56c    000000e8                      : UART2CC32XX.c.obj (.text.UART2_close)
                  2000e654    000000cc                      : UART2CC32XX.c.obj (.text.UART2Support_dmaStartRx)
                  2000e720    000000c8     driverlib.a : interrupt.obj (.text.IntDisable)
                  2000e7e8    000000c8                 : interrupt.obj (.text.IntEnable)
                  2000e8b0    000000c4     drivers_cc32xx.a : UART2CC32XX.c.obj (.text.UART2CC32XX_initHw)
                  2000e974    000000b8                      : UART2CC32XX.c.obj (.text.UART2Support_dmaStartTx)
                  2000ea2c    000000b0     libclang_rt.builtins.a : udivmoddi4.S.obj (.text)
                  2000eadc    000000ac     driverlib.a : gpio.obj (.text.GPIOIntTypeSet)
                  2000eb88    000000a4                 : interrupt.obj (.text.IntPendSet)
                  2000ec2c    000000a2                 : pin.obj (.text.PinConfigSet)
                  2000ecce    0000009c     drivers_cc32xx.a : I2CCC32XX.c.obj (.text.I2CCC32XX_completeTransfer)
                  2000ed6a    00000002     nortos_cc32xx.a : PowerCC32XX_nortos.c.obj (.text.PowerCC32XX_initPolicy)
                  2000ed6c    0000009c     gpiointerrupt.o (.text.readTemp)
                  2000ee08    00000098     driverlib.a : i2c.obj (.text.I2CMasterInitExpClk)
                  2000eea0    00000098     nortos_cc32xx.a : SemaphoreP_nortos.c.obj (.text.SemaphoreP_pend)
                  2000ef38    00000008                     : HwiPCC32XX_nortos.c.obj (.text.HwiP_disable)
                  2000ef40    00000096     drivers_cc32xx.a : PowerCC32XX_ticlang.asm.obj (.text)
                  2000efd6    00000092     driverlib.a : udma.obj (.text.uDMAChannelAttributeDisable)
                  2000f068    00000090     drivers_cc32xx.a : GPIOCC32XX.c.obj (.text.GPIO_init)
                  2000f0f8    0000008e     driverlib.a : prcm.obj (.text.PRCMSysResetCauseGet)
                  2000f186    00000002     nortos_cc32xx.a : SemaphoreP_nortos.c.obj (.text.SemaphoreP_destruct)
                  2000f188    00000088     drivers_cc32xx.a : PowerCC32XX.c.obj (.text.PowerCC32XX_configureWakeup)
                  2000f210    0000007a                      : I2CCC32XX.c.obj (.text.I2CCC32XX_primeReadBurst)
                  2000f28a    00000002                      : Timer.c.obj (.text.Timer_init)
                  2000f28c    00000078                      : PowerCC32XX.c.obj (.text.Power_init)
                  2000f304    00000074     nortos_cc32xx.a : HwiPCC32XX_nortos.c.obj (.text.HwiP_construct)
                  2000f378    00000074     driverlib.a : prcm.obj (.text.PRCMHibernateWakeUpGPIOSelect)
                  2000f3ec    00000074                 : uart.obj (.text.UARTConfigSetExpClk)
                  2000f460    0000006c                 : pin.obj (.text.PinLockLevelSet)
                  2000f4cc    0000006c     drivers_cc32xx.a : PowerCC32XX.c.obj (.text.Power_setDependency)
                  2000f538    0000006c                      : UDMACC32XX.c.obj (.text.UDMACC32XX_open)
                  2000f5a4    0000006c                      : GPIOCC32XX.c.obj (.text.powerNotifyFxn)
                  2000f610    0000006c     libc.a : memory.c.obj (.text.split)
                  2000f67c    0000006a     driverlib.a : prcm.obj (.text.PRCMPeripheralReset)
                  2000f6e6    0000006a     libc.a : copy_decompress_lzss.c.obj (.text:decompress:lzss)
                  2000f750    00000068     drivers_cc32xx.a : I2CCC32XX.c.obj (.text.I2CCC32XX_initHw)
                  2000f7b8    00000068     driverlib.a : interrupt.obj (.text.IntPendClear)
                  2000f820    00000066     drivers_cc32xx.a : I2CCC32XX.c.obj (.text.I2CCC32XX_primeWriteBurst)
                  2000f886    00000002                      : UART2CC32XX.c.obj (.text.UART2CC32XX_eventCallback)
                  2000f888    00000060                      : GPIOCC32XX.c.obj (.text.GPIO_write)
                  2000f8e8    00000060                      : UART2CC32XX.c.obj (.text.UART2Support_dmaStopTx)
                  2000f948    0000005c     driverlib.a : flash.obj (.text.FlashDisable)
                  2000f9a4    0000005c     drivers_cc32xx.a : I2CCC32XX.c.obj (.text.I2CSupport_primeTransfer)
                  2000fa00    0000005c     driverlib.a : prcm.obj (.text.PRCMHibernateWakeupSourceDisable)
                  2000fa5c    0000005c     drivers_cc32xx.a : TimerCC32XX.c.obj (.text.TimerCC32XX_allocateTimerResource)
                  2000fab8    0000005a     driverlib.a : prcm.obj (.text.PRCMPeripheralClkEnable)
                  2000fb12    00000002     libclang_rt.builtins.a : aeabi_div0.c.obj (.text.__aeabi_ldiv0)
                  2000fb14    00000058     nortos_cc32xx.a : ClockPSysTick_nortos.c.obj (.text.ClockP_startup)
                  2000fb6c    00000058     driverlib.a : interrupt.obj (.text.IntPrioritySet)
                  2000fbc4    00000056                 : prcm.obj (.text.PRCMLPDSEnter)
                  2000fc1a    00000002     libc.a : _lock.c.obj (.text._nop)
                  2000fc1c    00000054     drivers_cc32xx.a : PowerCC32XX.c.obj (.text.PowerCC32XX_setParkState)
                  2000fc70    00000054                      : PowerCC32XX.c.obj (.text.Power_releaseDependency)
                  2000fcc4    00000050                      : GPIOCC32XX.c.obj (.text.GPIO_hwiIntFxn)
                  2000fd14    00000050     driverlib.a : prcm.obj (.text.PRCMHibernateWakeupSourceEnable)
                  2000fd64    00000050     nortos_cc32xx.a : SemaphoreP_nortos.c.obj (.text.SemaphoreP_construct)
                  2000fdb4    0000004e     driverlib.a : udma.obj (.text.uDMAChannelAssign)
                  2000fe02    00000002     nortos_cc32xx.a : startup_cc32xx_ticlang.c.obj (.text.busFaultHandler)
                  2000fe04    0000004c     drivers_cc32xx.a : GPIOCC32XX.c.obj (.text.GPIO_setInterruptConfig)
                  2000fe50    0000004c     driverlib.a : prcm.obj (.text.PRCMLPDSRestoreInfoSet)
                  2000fe9c    0000004c     drivers_cc32xx.a : TimerCC32XX.c.obj (.text.initHw)
                  2000fee8    0000004a                      : UART2CC32XX.c.obj (.text.UART2Support_dmaStopRx)
                  2000ff32    0000004a                      : TimerCC32XX.c.obj (.text.getPrescaler)
                  2000ff7c    0000004a     driverlib.a : udma.obj (.text.uDMAChannelSizeGet)
                  2000ffc6    00000002     nortos_cc32xx.a : SemaphoreP_nortos.c.obj (.text.clkFxn)
                  2000ffc8    00000048                     : ClockPSysTick_nortos.c.obj (.text.ClockP_sysTickHandler)
                  20010010    00000048     driverlib.a : prcm.obj (.text.PRCMIntEnable)
                  20010058    00000048                 : prcm.obj (.text.PRCMPeripheralStatusGet)
                  200100a0    00000048                 : pin.obj (.text.PinConfigGet)
                  200100e8    00000048     libc.a : atoi.c.obj (.text.atoi)
                  20010130    00000048     libclang_rt.builtins.a : fixdfsi.S.obj (.text)
                  20010178    00000046     drivers_cc32xx.a : I2CCC32XX.c.obj (.text.I2CCC32XX_fillTransmitFifo)
                  200101be    00000046     driverlib.a : prcm.obj (.text.PRCMLPDSEnterKeepDebugIf)
                  20010204    00000046     drivers_cc32xx.a : RingBuf.c.obj (.text.RingBuf_put)
                  2001024a    00000044     driverlib.a : gpio.obj (.text.GPIODirModeSet)
                  2001028e    00000002     nortos_cc32xx.a : startup_cc32xx_ticlang.c.obj (.text.defaultHandler)
                  20010290    00000044     drivers_cc32xx.a : GPIOCC32XX.c.obj (.text.GPIO_disableInt)
                  200102d4    00000044                      : GPIOCC32XX.c.obj (.text.GPIO_enableInt)
                  20010318    00000044                      : PowerCC32XX.c.obj (.text.Power_releaseConstraint)
                  2001035c    00000044                      : Timer.c.obj (.text.Timer_start)
                  200103a0    00000044     nortos_cc32xx.a : ClockPSysTick_nortos.c.obj (.text.addToList)
                  200103e4    00000044     gpiointerrupt.o (.text.initTimer)
                  20010428    00000044     libc.a : snprintf.c.obj (.text.snprintf)
                  2001046c    00000042     driverlib.a : pin.obj (.text.PinModeSet)
                  200104ae    00000042                 : timer.obj (.text.TimerControlStall)
                  200104f0    00000042     drivers_cc32xx.a : TimerCC32XX.c.obj (.text.Timer_close)
                  20010532    00000042     nortos_cc32xx.a : PowerCC32XX_nortos.c.obj (.text.getCountsRTC)
                  20010574    00000040                     : SemaphoreP_nortos.c.obj (.text.SemaphoreP_post)
                  200105b4    00000040     drivers_cc32xx.a : Timer.c.obj (.text.Timer_stop)
                  200105f4    00000040     driverlib.a : udma.obj (.text.uDMAChannelControlSet)
                  20010634    0000003e                 : pin.obj (.text.PinDirModeSet)
                  20010672    00000002     nortos_cc32xx.a : startup_cc32xx_ticlang.c.obj (.text.faultISR)
                  20010674    0000003c                     : ClockPSysTick_nortos.c.obj (.text.ClockP_stop)
                  200106b0    0000003c     drivers_cc32xx.a : UDMACC32XX.c.obj (.text.UDMACC32XX_init)
                  200106ec    0000003a                      : TimerCC32XX.c.obj (.text.TimerSupport_timerEnable)
                  20010726    00000002     nortos_cc32xx.a : startup_cc32xx_ticlang.c.obj (.text.nmiISR)
                  20010728    00000038                     : ClockPSysTick_nortos.c.obj (.text.ClockP_destruct)
                  20010760    00000038     drivers_cc32xx.a : PowerCC32XX.c.obj (.text.Power_setConstraint)
                  20010798    00000038                      : RingBuf.c.obj (.text.RingBuf_putAdvance)
                  200107d0    00000038     nortos_cc32xx.a : SwiP_nortos.c.obj (.text.SwiP_restore)
                  20010808    00000038     drivers_cc32xx.a : UDMACC32XX.c.obj (.text.UDMACC32XX_close)
                  20010840    00000038     libc.a : autoinit.c.obj (.text:__TI_auto_init_nobinit_nopinit)
                  20010878    00000036     driverlib.a : pin.obj (.text.PinLock)
                  200108ae    00000036     drivers_cc32xx.a : TimerCC32XX.c.obj (.text.TimerCC32XX_hwiIntFunction)
                  200108e4    00000036     driverlib.a : uart.obj (.text.UARTCharPutNonBlocking)
                  2001091a    00000002     --HOLE-- [fill = 0]
                  2001091c    00000034     nortos_cc32xx.a : ClockPSysTick_nortos.c.obj (.text.ClockP_start)
                  20010950    00000034     driverlib.a : i2c.obj (.text.I2CFIFODataPutNonBlocking)
                  20010984    00000034                 : pin.obj (.text.PinDirModeGet)
                  200109b8    00000034                 : pin.obj (.text.PinModeGet)
                  200109ec    00000034     drivers_cc32xx.a : PowerCC32XX.c.obj (.text.PowerCC32XX_parkPin)
                  20010a20    00000034                      : TimerCC32XX.c.obj (.text.TimerCC32XX_freeTimerResource)
                  20010a54    00000034                      : UART2.c.obj (.text.UART2_rxDisable)
                  20010a88    00000034     nortos_cc32xx.a : startup_cc32xx_ticlang.c.obj (.text.initVectors)
                  20010abc    00000030                     : ClockPSysTick_nortos.c.obj (.text.ClockP_getTicksUntilInterrupt)
                  20010aec    00000030     driverlib.a : i2c.obj (.text.I2CFIFODataGetNonBlocking)
                  20010b1c    00000030                 : prcm.obj (.text.PRCMLPDSIntervalSet)
                  20010b4c    00000030                 : prcm.obj (.text.PRCMSlowClkCtrFastGet)
                  20010b7c    00000030                 : timer.obj (.text.TimerLoadSet)
                  20010bac    00000030                 : timer.obj (.text.TimerPrescaleSet)
                  20010bdc    00000030     libc.a : snprintf.c.obj (.text._outs)
                  20010c0c    00000030     drivers_cc32xx.a : PowerCC32XX.c.obj (.text.notify)
                  20010c3c    0000002e     driverlib.a : gpio.obj (.text.GPIOIntStatus)
                  20010c6a    0000002e     drivers_cc32xx.a : RingBuf.c.obj (.text.RingBuf_getConsume)
                  20010c98    0000002e                      : RingBuf.c.obj (.text.RingBuf_putPointer)
                  20010cc6    0000002e     driverlib.a : uart.obj (.text.UARTDisable)
                  20010cf4    0000002e     libclang_rt.builtins.a : floatsidf.S.obj (.text)
                  20010d22    0000002c     driverlib.a : i2c.obj (.text.I2CMasterIntStatusEx)
                  20010d4e    0000002c     drivers_cc32xx.a : UART2CC32XX.c.obj (.text.UART2CC32XX_getRxData)
                  20010d7a    00000002     --HOLE-- [fill = 0]
                  20010d7c    0000002c     gpiointerrupt.o (.text.initUART)
                  20010da8    0000002a     nortos_cc32xx.a : HwiPCC32XX_nortos.c.obj (.text.HwiP_create)
                  20010dd2    0000002a     driverlib.a : prcm.obj (.text.PRCMLPDSWakeUpGPIOSelect)
                  20010dfc    0000002a                 : prcm.obj (.text.PRCMPeripheralClkDisable)
                  20010e26    0000002a                 : uart.obj (.text.UARTIntStatus)
                  20010e50    00000028                 : i2c.obj (.text.I2CMasterBusBusy)
                  20010e78    00000028                 : i2c.obj (.text.I2CMasterSlaveAddrSet)
                  20010ea0    00000028                 : i2c.obj (.text.I2CTxFIFOConfigSet)
                  20010ec8    00000028     drivers_cc32xx.a : I2C.c.obj (.text.I2C_cancel)
                  20010ef0    00000028                      : List.c.obj (.text.List_remove)
                  20010f18    00000028     driverlib.a : prcm.obj (.text.PRCMSRAMRetentionEnable)
                  20010f40    00000028     drivers_cc32xx.a : PowerCC32XX.c.obj (.text.PowerCC32XX_getParkState)
                  20010f68    00000028                      : TimerCC32XX.c.obj (.text.TimerSupport_timerDisable)
                  20010f90    00000028     libc.a : memory.c.obj (.text.free_list_insert)
                  20010fb8    00000024     driverlib.a : i2c.obj (.text.I2CRxFIFOConfigSet)
                  20010fdc    00000024                 : interrupt.obj (.text.IntUnregister)
                  20011000    00000024     drivers_cc32xx.a : List.c.obj (.text.List_put)
                  20011024    00000024     driverlib.a : prcm.obj (.text.PRCMLPDSWakeupSourceEnable)
                  20011048    00000024     drivers_cc32xx.a : PowerCC32XX.c.obj (.text.PowerCC32XX_restoreParkState)
                  2001106c    00000024                      : PowerCC32XX.c.obj (.text.PowerCC32XX_restoreParkedPin)
                  20011090    00000024                      : PowerCC32XX.c.obj (.text.Power_registerNotify)
                  200110b4    00000024                      : UART2CC32XX.c.obj (.text.UART2Support_disableRx)
                  200110d8    00000024     libc.a : boot_cortex_m.c.obj (.text:_c_int00_noargs)
                  200110fc    00000022     driverlib.a : gpio.obj (.text.GPIOPinWrite)
                  2001111e    00000022                 : pin.obj (.text.PinUnlock)
                  20011140    00000022     drivers_cc32xx.a : RingBuf.c.obj (.text.RingBuf_getPointer)
                  20011162    00000022                      : UART2CC32XX.c.obj (.text.UART2Support_sendData)
                  20011184    00000022     gpiointerrupt.o (.text.compareTempToSetpoint)
                  200111a6    00000020     driverlib.a : interrupt.obj (.text.IntRegister)
                  200111c6    00000020                 : pin.obj (.text.PinTypeI2C)
                  200111e6    00000002     --HOLE-- [fill = 0]
                  200111e8    00000020     drivers_cc32xx.a : PowerCC32XX.c.obj (.text.PowerCC32XX_reset)
                  20011208    00000020                      : PowerCC32XX.c.obj (.text.Power_unregisterNotify)
                  20011228    00000020     nortos_cc32xx.a : SemaphoreP_nortos.c.obj (.text.SemaphoreP_constructBinary)
                  20011248    00000020                     : SemaphoreP_nortos.c.obj (.text.SemaphoreP_createBinary)
                  20011268    00000020     driverlib.a : timer.obj (.text.TimerDisable)
                  20011288    0000001e                 : pin.obj (.text.PinTypeUART)
                  200112a6    0000001e     drivers_cc32xx.a : UART2.c.obj (.text.UART2_writeTimeout)
                  200112c4    0000001e     driverlib.a : uart.obj (.text.UARTEnable)
                  200112e2    0000001e     libc.a : memccpy.c.obj (.text.memccpy)
                  20011300    0000001e     driverlib.a : udma.obj (.text.uDMAChannelDisable)
                  2001131e    0000001e                 : udma.obj (.text.uDMAChannelEnable)
                  2001133c    0000001e                 : udma.obj (.text.uDMAChannelIsEnabled)
                  2001135a    00000002     --HOLE-- [fill = 0]
                  2001135c    0000001c     drivers_cc32xx.a : GPIO.c.obj (.text.GPIO_setCallback)
                  20011378    0000001c     nortos_cc32xx.a : HwiPCC32XX_nortos.c.obj (.text.HwiP_dispatch)
                  20011394    0000001c                     : SwiP_nortos.c.obj (.text.SwiP_disable)
                  200113b0    0000001c     libc.a : memory.c.obj (.text.free_list_remove)
                  200113cc    0000001c     drivers_cc32xx.a : TimerCC32XX.c.obj (.text.getPowerMgrId)
                  200113e8    0000001c     nortos_cc32xx.a : startup_cc32xx_ticlang.c.obj (.text.resetISR)
                  20011404    0000001a     driverlib.a : gpio.obj (.text.GPIOIntDisable)
                  2001141e    0000001a                 : prcm.obj (.text.PRCMHIBRegRead)
                  20011438    0000001a                 : prcm.obj (.text.PRCMHIBRegWrite)
                  20011452    0000001a                 : prcm.obj (.text.PRCMLPDSWakeupSourceDisable)
                  2001146c    0000001a                 : pin.obj (.text.PinToPadGet)
                  20011486    0000001a                 : timer.obj (.text.TimerEnable)
                  200114a0    0000001a                 : uart.obj (.text.UARTFlowControlSet)
                  200114ba    00000018                 : gpio.obj (.text.GPIOIntEnable)
                  200114d2    00000018     nortos_cc32xx.a : SemaphoreP_nortos.c.obj (.text.SemaphoreP_create)
                  200114ea    00000018     libc.a : snprintf.c.obj (.text._outc)
                  20011502    00000016     ti_drivers_config.o (.text.Board_init)
                  20011518    00000016     driverlib.a : i2c.obj (.text.I2CMasterBurstLengthSet)
                  2001152e    00000016                 : i2c.obj (.text.I2CMasterIntDisableEx)
                  20011544    00000016                 : i2c.obj (.text.I2CRxFIFOFlush)
                  2001155a    00000016                 : i2c.obj (.text.I2CTxFIFOFlush)
                  20011570    00000016                 : systick.obj (.text.SysTickPeriodSet)
                  20011586    00000016                 : timer.obj (.text.TimerIntDisable)
                  2001159c    00000016                 : uart.obj (.text.UARTCharsAvail)
                  200115b2    00000016                 : uart.obj (.text.UARTDMADisable)
                  200115c8    00000016                 : uart.obj (.text.UARTFIFOLevelSet)
                  200115de    00000016                 : uart.obj (.text.UARTIntDisable)
                  200115f4    00000014                 : cpu.obj (.text.CPUcpsid)
                  20011608    00000014                 : cpu.obj (.text.CPUcpsie)
                  2001161c    00000014     nortos_cc32xx.a : HwiPCC32XX_nortos.c.obj (.text.HwiP_destruct)
                  20011630    00000014     driverlib.a : i2c.obj (.text.I2CMasterIntEnableEx)
                  20011644    00000014                 : interrupt.obj (.text.IntVTableBaseSet)
                  20011658    00000014     drivers_cc32xx.a : PowerCC32XX.c.obj (.text.Power_disablePolicy)
                  2001166c    00000014                      : PowerCC32XX.c.obj (.text.Power_getTransitionLatency)
                  20011680    00000014                      : PowerCC32XX.c.obj (.text.Power_idleFunc)
                  20011694    00000014     driverlib.a : timer.obj (.text.TimerIntEnable)
                  200116a8    00000014                 : uart.obj (.text.UARTDMAEnable)
                  200116bc    00000014                 : uart.obj (.text.UARTIntEnable)
                  200116d0    00000014                 : udma.obj (.text.uDMAControlBaseSet)
                  200116e4    00000014                 : udma.obj (.text.uDMAIntClear)
                  200116f8    00000014     libclang_rt.builtins.a : aeabi_memset.S.obj (.text)
                  2001170c    00000014                            : aeabi_uldivmod.S.obj (.text)
                  20011720    00000012     nortos_cc32xx.a : ClockPSysTick_nortos.c.obj (.text.ClockP_add)
                  20011732    00000012     driverlib.a : gpio.obj (.text.GPIOIntClear)
                  20011744    00000012     nortos_cc32xx.a : HwiPCC32XX_nortos.c.obj (.text.HwiP_Params_init)
                  20011756    00000012                     : HwiPCC32XX_nortos.c.obj (.text.HwiP_delete)
                  20011768    00000012     driverlib.a : i2c.obj (.text.I2CMasterDisable)
                  2001177a    00000012                 : i2c.obj (.text.I2CMasterEnable)
                  2001178c    00000012     drivers_cc32xx.a : I2C.c.obj (.text.I2C_transfer)
                  2001179e    00000012     driverlib.a : systick.obj (.text.SysTickEnable)
                  200117b0    00000012                 : systick.obj (.text.SysTickIntDisable)
                  200117c2    00000012                 : systick.obj (.text.SysTickIntEnable)
                  200117d4    00000012     drivers_cc32xx.a : UDMACC32XX.c.obj (.text.postNotifyFxn)
                  200117e6    00000012     libc.a : memcpy_t2.S.obj (.text:TI_memcpy_small)
                  200117f8    00000010     nortos_cc32xx.a : ClockPSysTick_nortos.c.obj (.text.ClockP_getCpuFreq)
                  20011808    00000010                     : ClockPSysTick_nortos.c.obj (.text.ClockP_getSystemTicks)
                  20011818    00000010                     : ClockPSysTick_nortos.c.obj (.text.ClockP_setTicks)
                  20011828    00000010                     : HwiPCC32XX_nortos.c.obj (.text.HwiP_inISR)
                  20011838    00000010     driverlib.a : i2c.obj (.text.I2CMasterControl)
                  20011848    00000010                 : i2c.obj (.text.I2CMasterIntClearEx)
                  20011858    00000010                 : i2c.obj (.text.I2CMasterTimeoutSet)
                  20011868    00000010     drivers_cc32xx.a : PowerCC32XX.c.obj (.text.Power_enablePolicy)
                  20011878    00000010                      : RingBuf.c.obj (.text.RingBuf_construct)
                  20011888    00000010     driverlib.a : timer.obj (.text.TimerIntClear)
                  20011898    00000010     drivers_cc32xx.a : Timer.c.obj (.text.Timer_Params_init)
                  200118a8    00000010                      : UART2CC32XX.c.obj (.text.UART2Support_txDone)
                  200118b8    00000010     driverlib.a : uart.obj (.text.UARTBusy)
                  200118c8    00000010                 : uart.obj (.text.UARTIntClear)
                  200118d8    00000010                 : uart.obj (.text.UARTRxErrorGet)
                  200118e8    00000010     main_nortos.o (.text.main)
                  200118f8    00000010     libc.a : wcslen.c.obj (.text.wcslen)
                  20011908    00000010            : copy_zero_init.c.obj (.text:decompress:ZI)
                  20011918    0000000e     nortos_cc32xx.a : HwiPCC32XX_nortos.c.obj (.text.HwiP_interruptsEnabled)
                  20011926    0000000e     driverlib.a : i2c.obj (.text.I2CFIFOStatus)
                  20011934    0000000e     drivers_cc32xx.a : UART2.c.obj (.text.UART2_write)
                  20011942    0000000e     libc.a : _printfi.c.obj (.text.strlen)
                  20011950    0000000e     driverlib.a : udma.obj (.text.uDMAEnable)
                  2001195e    0000000e                 : udma.obj (.text.uDMAErrorStatusClear)
                  2001196c    0000000e     libc.a : memset_t2.S.obj (.text:TI_memset_small)
                  2001197a    0000000e            : copy_decompress_none.c.obj (.text:decompress:none)
                  20011988    0000000c     driverlib.a : cpu.obj (.text.CPUwfi)
                  20011994    0000000c     drivers_cc32xx.a : I2CCC32XX.c.obj (.text.I2CCC32XX_postNotify)
                  200119a0    0000000c                      : I2C.c.obj (.text.I2C_Params_init)
                  200119ac    0000000c                      : I2CCC32XX.c.obj (.text.OUTLINED_FUNCTION_0)
                  200119b8    0000000c                      : UART2CC32XX.c.obj (.text.OUTLINED_FUNCTION_0)
                  200119c4    0000000c     gpiointerrupt.o (.text.OUTLINED_FUNCTION_0)
                  200119d0    0000000c     driverlib.a : prcm.obj (.text.PRCMLPDSWakeupCauseGet)
                  200119dc    0000000c     drivers_cc32xx.a : PowerCC32XX.c.obj (.text.Power_getConstraintMask)
                  200119e8    0000000c                      : UART2CC32XX.c.obj (.text.UART2CC32XX_postNotifyFxn)
                  200119f4    0000000c                      : UART2CC32XX.c.obj (.text.UART2Support_disableTx)
                  20011a00    0000000c                      : UART2CC32XX.c.obj (.text.UART2Support_enableTx)
                  20011a0c    0000000c                      : UART2.c.obj (.text.UART2_Params_init)
                  20011a18    0000000c     gpiointerrupt.o (.text.gpioButtonLeft)
                  20011a24    0000000c     gpiointerrupt.o (.text.gpioButtonRight)
                  20011a30    0000000c     drivers_cc32xx.a : TimerCC32XX.c.obj (.text.postNotifyFxn)
                  20011a3c    0000000c     gpiointerrupt.o (.text.timerCallback)
                  20011a48    0000000c     driverlib.a : udma.obj (.text.uDMAErrorStatusGet)
                  20011a54    0000000a                 : cpu.obj (.text.CPUprimask)
                  20011a5e    0000000a     nortos_cc32xx.a : ClockPSysTick_nortos.c.obj (.text.ClockP_isActive)
                  20011a68    0000000a     driverlib.a : interrupt.obj (.text.IntMasterDisable)
                  20011a72    0000000a                 : interrupt.obj (.text.IntMasterEnable)
                  20011a7c    0000000a     drivers_cc32xx.a : UART2CC32XX.c.obj (.text.OUTLINED_FUNCTION_1)
                  20011a86    0000000a                      : UART2CC32XX.c.obj (.text.OUTLINED_FUNCTION_2)
                  20011a90    0000000a     ti_drivers_config.o (.text.dmaErrorFxn)
                  20011a9a    00000008     nortos_cc32xx.a : HwiPCC32XX_nortos.c.obj (.text.HwiP_restore)
                  20011aa2    00000008     drivers_cc32xx.a : I2CCC32XX.c.obj (.text.I2CCC32XX_blockingCallback)
                  20011aaa    00000008                      : I2CCC32XX.c.obj (.text.I2CSupport_controllerFinish)
                  20011ab2    00000008     driverlib.a : prcm.obj (.text.PRCMSleepEnter)
                  20011aba    00000008                 : utils.obj (.text.UtilsDelay)
                  20011ac2    00000002     --HOLE-- [fill = 0]
                  20011ac4    00000008     libc.a : aeabi_portable.c.obj (.text.__aeabi_errno_addr)
                  20011acc    00000008            : memory.c.obj (.text.malloc)
                  20011ad4    00000006     drivers_cc32xx.a : I2CCC32XX.c.obj (.text.I2CSupport_powerRelConstraint)
                  20011ada    00000006                      : I2CCC32XX.c.obj (.text.I2CSupport_powerSetConstraint)
                  20011ae0    00000006                      : UART2CC32XX.c.obj (.text.UART2Support_powerRelConstraint)
                  20011ae6    00000004     nortos_cc32xx.a : ClockPSysTick_nortos.c.obj (.text.ClockP_doTick)
                  20011aea    00000004                     : HwiPCC32XX_nortos.c.obj (.text.HwiP_clearInterrupt)
                  20011aee    00000004                     : HwiPCC32XX_nortos.c.obj (.text.HwiP_disableInterrupt)
                  20011af2    00000004                     : HwiPCC32XX_nortos.c.obj (.text.HwiP_enable)
                  20011af6    00000004                     : HwiPCC32XX_nortos.c.obj (.text.HwiP_enableInterrupt)
                  20011afa    00000004                     : HwiPCC32XX_nortos.c.obj (.text.HwiP_post)
                  20011afe    00000004     driverlib.a : interrupt.obj (.text.IntDefaultHandler)
                  20011b02    00000004     nortos_cc32xx.a : NoRTOS.c.obj (.text.NoRTOS_start)
                  20011b06    00000004     drivers_cc32xx.a : RingBuf.c.obj (.text.RingBuf_getCount)
                  20011b0a    00000004     nortos_cc32xx.a : SemaphoreP_nortos.c.obj (.text.SemaphoreP_delete)
                  20011b0e    00000004     libc.a : pre_init.c.obj (.text._system_pre_init)
                  20011b12    00000004            : exit.c.obj (.text:abort)
                  20011b16    00000002     --HOLE-- [fill = 0]
                  20011b18    00000004     libclang_rt.builtins.a : aeabi_memcpy.S.obj (.text)

.ramVecs   0    20000000    0000030c     NOLOAD SECTION
                  20000000    0000030c     nortos_cc32xx.a : startup_cc32xx_ticlang.c.obj (.ramVecs)

.stack     0    20003000    00001000     UNINITIALIZED
                  20003000    00000004     libc.a : boot_cortex_m.c.obj (.stack)
                  20003004    00000ffc     --HOLE--

.resetVecs 
*          0    20004000    00000040     
                  20004000    00000040     nortos_cc32xx.a : startup_cc32xx_ticlang.c.obj (.resetVecs)

.sysmem    0    20004040    00008000     UNINITIALIZED
                  20004040    00000010     libc.a : memory.c.obj (.sysmem)
                  20004050    00007ff0     --HOLE--

.bss       0    20011c00    00000a13     UNINITIALIZED
                  20011c00    00000400     ti_drivers_config.o (.bss.dmaControlTable)
                  20012000    00000178     (.common:uart2CC32XXObjects0)
                  20012178    0000012c     (.common:PowerCC32XX_contextSave)
                  200122a4    000000fc     (.common:i2cCC32XXObjects)
                  200123a0    00000084     (.common:gpioCallbackFunctions)
                  20012424    00000084     (.common:gpioUserArgs)
                  200124a8    00000084     (.common:timerCC32XXObjects)
                  2001252c    00000040     (.common:output)
                  2001256c    00000020     ti_drivers_config.o (.bss.uart2RxRingBuffer0)
                  2001258c    00000020     ti_drivers_config.o (.bss.uart2TxRingBuffer0)
                  200125ac    00000020     (.common:i2cTransaction)
                  200125cc    00000014     drivers_cc32xx.a : UDMACC32XX.c.obj (.bss.postNotifyObj)
                  200125e0    00000010     (.common:ClockP_ctrl)
                  200125f0    00000008     (.common:udmaCC3220SObject)
                  200125f8    00000004     nortos_cc32xx.a : ClockPSysTick_nortos.c.obj (.bss.sysTickPeriod)
                  200125fc    00000004     libc.a : memory.c.obj (.bss.sys_free)
                  20012600    00000004     drivers_cc32xx.a : TimerCC32XX.c.obj (.bss.timerState.0)
                  20012604    00000004     (.common:i2c)
                  20012608    00000004     (.common:timer0)
                  2001260c    00000004     (.common:uart)
                  20012610    00000002     (.common:rxBuffer)
                  20012612    00000001     (.common:txBuffer)

.rodata    0    20012620    000006c5     
                  20012620    00000101     libc.a : aeabi_ctype.S.obj (.rodata)
                  20012721    00000002     drivers_cc32xx.a : UART2CC32XX.c.obj (.rodata.stopBits)
                  20012723    00000001     ti_drivers_config.o (.rodata.GPIO_pinUpperBound)
                  20012724    00000100     driverlib.a : pin.obj (.rodata.g_ulPinToPadMap)
                  20012824    000000d4                 : interrupt.obj (.rodata.g_pulRegs)
                  200128f8    000000c5     gpiointerrupt.o (.rodata.str1.1)
                  200129bd    00000001     ti_drivers_config.o (.rodata.I2C_count)
                  200129be    00000001     ti_drivers_config.o (.rodata.Timer_count)
                  200129bf    00000001     ti_drivers_config.o (.rodata.UART2_count)
                  200129c0    000000a8     driverlib.a : prcm.obj (.rodata.PRCM_PeriphRegsList)
                  20012a68    00000065     gpiointerrupt.o (.rodata.str1.4)
                  20012acd    00000003     --HOLE-- [fill = 0]
                  20012ad0    00000044     ti_drivers_config.o (.rodata.PowerCC32XX_config)
                  20012b14    00000038     ti_drivers_config.o (.rodata.uart2CC32XXHWAttrs0)
                  20012b4c    00000028     drivers_cc32xx.a : GPIOCC32XX.c.obj (.rodata.portConfigs)
                  20012b74    00000024                      : UART2.c.obj (.rodata.UART2_defaultParams)
                  20012b98    00000022     libc.a : _printfi.c.obj (.rodata.str1.1)
                  20012bba    00000021     drivers_cc32xx.a : GPIOCC32XX.c.obj (.rodata.pinTable)
                  20012bdb    00000001     --HOLE-- [fill = 0]
                  20012bdc    00000018     driverlib.a : interrupt.obj (.rodata.g_pulDisRegs)
                  20012bf4    00000018                 : interrupt.obj (.rodata.g_pulEnRegs)
                  20012c0c    00000018                 : interrupt.obj (.rodata.g_pulPendRegs)
                  20012c24    00000018                 : interrupt.obj (.rodata.g_pulUnpendRegs)
                  20012c3c    00000018     gpiointerrupt.o (.rodata.sensors)
                  20012c54    00000014     ti_drivers_config.o (.rodata.i2cCC32XXHWAttrs)
                  20012c68    00000010     ti_drivers_config.o (.rodata.GPIO_config)
                  20012c78    00000010     drivers_cc32xx.a : I2CCC32XX.c.obj (.rodata.cst16)
                  20012c88    00000010     ti_drivers_config.o (.rodata.timerCC32XXHWAttrs)
                  20012c98    0000000c     drivers_cc32xx.a : Timer.c.obj (.rodata.defaultParams)
                  20012ca4    0000000c                      : TimerCC32XX.c.obj (.rodata.defaultParams)
                  20012cb0    0000000c     ti_drivers_config.o (.rodata.udmaCC3220SHWAttrs)
                  20012cbc    00000008     ti_drivers_config.o (.rodata.I2C_config)
                  20012cc4    00000008     ti_drivers_config.o (.rodata.Timer_config)
                  20012ccc    00000008     ti_drivers_config.o (.rodata.UART2_config)
                  20012cd4    00000008     ti_drivers_config.o (.rodata.UDMACC32XX_config)
                  20012cdc    00000005     drivers_cc32xx.a : UART2CC32XX.c.obj (.rodata.parityType)
                  20012ce1    00000004                      : UART2CC32XX.c.obj (.rodata.cst4)

.cinit     0    20013384    000000f8     
                  20013384    000000d2     (.cinit..data.load) [load image, compression = lzss]
                  20013456    00000002     --HOLE-- [fill = 0]
                  20013458    0000000c     (__TI_handler_table)
                  20013464    00000008     (.cinit..bss.load) [load image, compression = zero_init]
                  2001346c    00000010     (__TI_cinit_table)

.init_array 
*          0    20004000    00000000     UNINITIALIZED

.data      0    20012ce8    00000699     UNINITIALIZED
                  20012ce8    0000030c     nortos_cc32xx.a : HwiPCC32XX_nortos.c.obj (.data.HwiP_dispatchTable)
                  20012ff4    0000016c     drivers_cc32xx.a : PowerCC32XX.c.obj (.data.PowerCC32XX_module)
                  20013160    000000f8     ti_drivers_config.o (.data.parkInfo)
                  20013258    00000084     ti_drivers_config.o (.data.gpioPinConfigs)
                  200132dc    0000004c     nortos_cc32xx.a : SwiP_nortos.c.obj (.data..L_MergedGlobals)
                  20013328    00000018     drivers_cc32xx.a : GPIOCC32XX.c.obj (.data..L_MergedGlobals)
                  20013340    00000010     nortos_cc32xx.a : SemaphoreP_nortos.c.obj (.data..L_MergedGlobals)
                  20013350    0000000c     gpiointerrupt.o (.data..L_MergedGlobals)
                  2001335c    00000008     drivers_cc32xx.a : UDMACC32XX.c.obj (.data..L_MergedGlobals)
                  20013364    00000008     nortos_cc32xx.a : ClockPSysTick_nortos.c.obj (.data..L_MergedGlobals)
                  2001336c    00000004                     : HwiPCC32XX_nortos.c.obj (.data.HwiP_swiPIntNum)
                  20013370    00000004     libc.a : aeabi_portable.c.obj (.data.__aeabi_errno)
                  20013374    00000004            : _lock.c.obj (.data._lock)
                  20013378    00000004            : _lock.c.obj (.data._unlock)
                  2001337c    00000001     drivers_cc32xx.a : GPIOCC32XX.c.obj (.data.initCalled)
                  2001337d    00000001                      : GPIOCC32XX.c.obj (.data.portHwiCreatedBitMask)
                  2001337e    00000002     --HOLE--
                  20013380    00000001     libc.a : memory.c.obj (.data.memory_is_initialized)

.log_data 
*          0    90000000    00000000     COPY SECTION

.log_ptr   0    94000008    00000000     COPY SECTION

__llvm_prf_cnts 
*          0    20004000    00000000     UNINITIALIZED

__llvm_prf_bits 
*          0    20004000    00000000     UNINITIALIZED

MODULE SUMMARY

       Module                         code    ro data   rw data
       ------                         ----    -------   -------
    ./
       gpiointerrupt.o                998     322       123    
       main_nortos.o                  16      0         0      
    +--+------------------------------+-------+---------+---------+
       Total:                         1014    322       123    
                                                               
    ./syscfg/
       ti_drivers_config.o            34      224       2500   
    +--+------------------------------+-------+---------+---------+
       Total:                         34      224       2500   
                                                               
    /home/crono/ti/simplelink_cc32xx_sdk_7_10_00_13/kernel/nortos/lib/ticlang/m4/nortos_cc32xx.a
       HwiPCC32XX_nortos.c.obj        308     0         784    
       startup_cc32xx_ticlang.c.obj   88      64        780    
       ClockPSysTick_nortos.c.obj     524     0         28     
       SemaphoreP_nortos.c.obj        392     0         16     
       PowerCC32XX_nortos.c.obj       404     0         0      
       SwiP_nortos.c.obj              84      0         76     
       NoRTOS.c.obj                   4       0         0      
    +--+------------------------------+-------+---------+---------+
       Total:                         1804    64        1684   
                                                               
    /home/crono/ti/simplelink_cc32xx_sdk_7_10_00_13/source/ti/devices/cc32xx/driverlib/ticlang/Release/driverlib.a
       prcm.obj                       2564    168       0      
       interrupt.obj                  868     308       0      
       pin.obj                        750     256       0      
       udma.obj                       806     0         0      
       i2c.obj                        658     0         0      
       uart.obj                       490     0         0      
       gpio.obj                       388     0         0      
       timer.obj                      278     0         0      
       flash.obj                      92      0         0      
       systick.obj                    76      0         0      
       cpu.obj                        62      0         0      
       utils.obj                      8       0         0      
    +--+------------------------------+-------+---------+---------+
       Total:                         7040    732       0      
                                                               
    /home/crono/ti/simplelink_cc32xx_sdk_7_10_00_13/source/ti/drivers/lib/ticlang/m4/drivers_cc32xx.a
       PowerCC32XX.c.obj              2052    0         664    
       UART2CC32XX.c.obj              2198    11        0      
       I2CCC32XX.c.obj                1242    16        0      
       GPIOCC32XX.c.obj               960     73        26     
       TimerCC32XX.c.obj              880     12        4      
       UART2.c.obj                    762     36        0      
       I2C.c.obj                      366     0         0      
       RingBuf.c.obj                  272     0         0      
       UDMACC32XX.c.obj               242     0         28     
       Timer.c.obj                    150     12        0      
       PowerCC32XX_ticlang.asm.obj    150     0         0      
       List.c.obj                     76      0         0      
       GPIO.c.obj                     28      0         0      
    +--+------------------------------+-------+---------+---------+
       Total:                         9378    160       722    
                                                               
    /opt/ccstudio/ccs/tools/compiler/ti-cgt-armllvm_2.1.3.LTS/lib/armv7em-ti-none-eabi/c/libc.a
       _printfi.c.obj                 2130    34        0      
       memory.c.obj                   720     0         5      
       aeabi_ctype.S.obj              0       257       0      
       snprintf.c.obj                 140     0         0      
       copy_decompress_lzss.c.obj     106     0         0      
       atoi.c.obj                     72      0         0      
       autoinit.c.obj                 56      0         0      
       boot_cortex_m.c.obj            36      0         0      
       memccpy.c.obj                  30      0         0      
       memcpy_t2.S.obj                18      0         0      
       copy_zero_init.c.obj           16      0         0      
       wcslen.c.obj                   16      0         0      
       copy_decompress_none.c.obj     14      0         0      
       memset_t2.S.obj                14      0         0      
       aeabi_portable.c.obj           8       0         4      
       _lock.c.obj                    2       0         8      
       exit.c.obj                     4       0         0      
       pre_init.c.obj                 4       0         0      
    +--+------------------------------+-------+---------+---------+
       Total:                         3386    291       17     
                                                               
    /opt/ccstudio/ccs/tools/compiler/ti-cgt-armllvm_2.1.3.LTS/lib/clang/14.0.6/lib/armv7em-ti-none-eabi/libclang_rt.builtins.a
       muldf3.S.obj                   252     0         0      
       udivmoddi4.S.obj               176     0         0      
       fixdfsi.S.obj                  72      0         0      
       floatsidf.S.obj                46      0         0      
       aeabi_memset.S.obj             20      0         0      
       aeabi_uldivmod.S.obj           20      0         0      
       aeabi_memcpy.S.obj             4       0         0      
       aeabi_div0.c.obj               2       0         0      
    +--+------------------------------+-------+---------+---------+
       Total:                         592     0         0      
                                                               
       Heap:                          0       0         32768  
       Stack:                         0       0         4096   
       Linker Generated:              0       246       0      
    +--+------------------------------+-------+---------+---------+
       Grand Total:                   23248   2039      41910  


LINKER GENERATED COPY TABLES

__TI_cinit_table @ 2001346c records: 2, size/record: 8, table size: 16
	.data: load addr=20013384, load size=000000d2 bytes, run addr=20012ce8, run size=00000699 bytes, compression=lzss
	.bss: load addr=20013464, load size=00000008 bytes, run addr=20011c00, run size=00000a13 bytes, compression=zero_init


LINKER GENERATED HANDLER TABLE

__TI_handler_table @ 20013458 records: 3, size/record: 4, table size: 12
	index: 0, handler: __TI_decompress_lzss
	index: 1, handler: __TI_decompress_none
	index: 2, handler: __TI_zero_init


GLOBAL SYMBOLS: SORTED ALPHABETICALLY BY Name 

address   name                             
-------   ----                             
20011503  Board_init                       
2000d343  Board_initHook                   
20011b12  C$$EXIT                          
200115f5  CPUcpsid                         
20011609  CPUcpsie                         
20011a55  CPUprimask                       
20011989  CPUwfi                           
20011721  ClockP_add                       
200125e0  ClockP_ctrl                      
20010729  ClockP_destruct                  
20011ae7  ClockP_doTick                    
200117f9  ClockP_getCpuFreq                
20011809  ClockP_getSystemTicks            
20010abd  ClockP_getTicksUntilInterrupt    
20011a5f  ClockP_isActive                  
20011819  ClockP_setTicks                  
2001091d  ClockP_start                     
2000fb15  ClockP_startup                   
20010675  ClockP_stop                      
2000ffc9  ClockP_sysTickHandler            
20013368  ClockP_tickPeriod                
2000f949  FlashDisable                     
2001024b  GPIODirModeSet                   
20011733  GPIOIntClear                     
20011405  GPIOIntDisable                   
200114bb  GPIOIntEnable                    
20010c3d  GPIOIntStatus                    
2000eadd  GPIOIntTypeSet                   
200110fd  GPIOPinWrite                     
20012c68  GPIO_config                      
20010291  GPIO_disableInt                  
200102d5  GPIO_enableInt                   
2000fcc5  GPIO_hwiIntFxn                   
2000f069  GPIO_init                        
20012723  GPIO_pinUpperBound               
2001135d  GPIO_setCallback                 
2000da95  GPIO_setConfig                   
2000fe05  GPIO_setInterruptConfig          
2000f889  GPIO_write                       
20011745  HwiP_Params_init                 
20011aeb  HwiP_clearInterrupt              
2000f305  HwiP_construct                   
20010da9  HwiP_create                      
20011757  HwiP_delete                      
2001161d  HwiP_destruct                    
2000ef39  HwiP_disable                     
20011aef  HwiP_disableInterrupt            
20011379  HwiP_dispatch                    
20011af3  HwiP_enable                      
20011af7  HwiP_enableInterrupt             
20011829  HwiP_inISR                       
20011919  HwiP_interruptsEnabled           
20011afb  HwiP_post                        
20011a9b  HwiP_restore                     
2001336c  HwiP_swiPIntNum                  
20010aed  I2CFIFODataGetNonBlocking        
20010951  I2CFIFODataPutNonBlocking        
20011927  I2CFIFOStatus                    
20011519  I2CMasterBurstLengthSet          
20010e51  I2CMasterBusBusy                 
20011839  I2CMasterControl                 
20011769  I2CMasterDisable                 
2001177b  I2CMasterEnable                  
2000ee09  I2CMasterInitExpClk              
20011849  I2CMasterIntClearEx              
2001152f  I2CMasterIntDisableEx            
20011631  I2CMasterIntEnableEx             
20010d23  I2CMasterIntStatusEx             
20010e79  I2CMasterSlaveAddrSet            
20011859  I2CMasterTimeoutSet              
20010fb9  I2CRxFIFOConfigSet               
20011545  I2CRxFIFOFlush                   
20011aab  I2CSupport_controllerFinish      
20011ad5  I2CSupport_powerRelConstraint    
20011adb  I2CSupport_powerSetConstraint    
2000f9a5  I2CSupport_primeTransfer         
20010ea1  I2CTxFIFOConfigSet               
2001155b  I2CTxFIFOFlush                   
200119a1  I2C_Params_init                  
20010ec9  I2C_cancel                       
20012cbc  I2C_config                       
200129bd  I2C_count                        
2000de33  I2C_init                         
2000e485  I2C_open                         
2001178d  I2C_transfer                     
2000dd0d  I2C_transferTimeout              
UNDEFED   ITM_flush                        
UNDEFED   ITM_restore                      
2000e721  IntDisable                       
2000e7e9  IntEnable                        
20011a69  IntMasterDisable                 
20011a73  IntMasterEnable                  
2000f7b9  IntPendClear                     
2000eb89  IntPendSet                       
2000fb6d  IntPrioritySet                   
200111a7  IntRegister                      
20010fdd  IntUnregister                    
20011645  IntVTableBaseSet                 
20011001  List_put                         
20010ef1  List_remove                      
20011b03  NoRTOS_start                     
2000c885  PRCMCC3200MCUInit                
2001141f  PRCMHIBRegRead                   
20011439  PRCMHIBRegWrite                  
2000f379  PRCMHibernateWakeUpGPIOSelect    
2000fa01  PRCMHibernateWakeupSourceDisable 
2000fd15  PRCMHibernateWakeupSourceEnable  
20010011  PRCMIntEnable                    
2000fbc5  PRCMLPDSEnter                    
200101bf  PRCMLPDSEnterKeepDebugIf         
20010b1d  PRCMLPDSIntervalSet              
2000fe51  PRCMLPDSRestoreInfoSet           
20010dd3  PRCMLPDSWakeUpGPIOSelect         
200119d1  PRCMLPDSWakeupCauseGet           
20011453  PRCMLPDSWakeupSourceDisable      
20011025  PRCMLPDSWakeupSourceEnable       
20010dfd  PRCMPeripheralClkDisable         
2000fab9  PRCMPeripheralClkEnable          
2000f67d  PRCMPeripheralReset              
20010059  PRCMPeripheralStatusGet          
20010f19  PRCMSRAMRetentionEnable          
20011ab3  PRCMSleepEnter                   
20010b4d  PRCMSlowClkCtrFastGet            
2000f0f9  PRCMSysResetCauseGet             
200100a1  PinConfigGet                     
2000ec2d  PinConfigSet                     
20010985  PinDirModeGet                    
20010635  PinDirModeSet                    
20010879  PinLock                          
2000f461  PinLockLevelSet                  
200109b9  PinModeGet                       
2001046d  PinModeSet                       
2001146d  PinToPadGet                      
200111c7  PinTypeI2C                       
20011289  PinTypeUART                      
2001111f  PinUnlock                        
20012ad0  PowerCC32XX_config               
2000f189  PowerCC32XX_configureWakeup      
20012178  PowerCC32XX_contextSave          
2000ef41  PowerCC32XX_enterLPDS            
20010f41  PowerCC32XX_getParkState         
2000ed6b  PowerCC32XX_initPolicy           
20012ff4  PowerCC32XX_module               
200109ed  PowerCC32XX_parkPin              
200111e9  PowerCC32XX_reset                
20011049  PowerCC32XX_restoreParkState     
2001106d  PowerCC32XX_restoreParkedPin     
2000ef85  PowerCC32XX_resumeLPDS           
2000fc1d  PowerCC32XX_setParkState         
2000d7fd  PowerCC32XX_sleepPolicy          
20011659  Power_disablePolicy              
20011869  Power_enablePolicy               
200119dd  Power_getConstraintMask          
2001166d  Power_getTransitionLatency       
20011681  Power_idleFunc                   
2000f28d  Power_init                       
20011091  Power_registerNotify             
20010319  Power_releaseConstraint          
2000fc71  Power_releaseDependency          
20010761  Power_setConstraint              
2000f4cd  Power_setDependency              
2000cd3d  Power_sleep                      
20011209  Power_unregisterNotify           
20011879  RingBuf_construct                
20010c6b  RingBuf_getConsume               
20011b07  RingBuf_getCount                 
20011141  RingBuf_getPointer               
20010205  RingBuf_put                      
20010799  RingBuf_putAdvance               
20010c99  RingBuf_putPointer               
2000fd65  SemaphoreP_construct             
20011229  SemaphoreP_constructBinary       
200114d3  SemaphoreP_create                
20011249  SemaphoreP_createBinary          
20013348  SemaphoreP_defaultParams         
20011b0b  SemaphoreP_delete                
2000f187  SemaphoreP_destruct              
2000eea1  SemaphoreP_pend                  
20010575  SemaphoreP_post                  
20011395  SwiP_disable                     
200107d1  SwiP_restore                     
2001179f  SysTickEnable                    
200117b1  SysTickIntDisable                
200117c3  SysTickIntEnable                 
20011571  SysTickPeriodSet                 
200117e7  TI_memcpy_small                  
2001196d  TI_memset_small                  
2000fa5d  TimerCC32XX_allocateTimerResource
20010a21  TimerCC32XX_freeTimerResource    
200104af  TimerControlStall                
20011269  TimerDisable                     
20011487  TimerEnable                      
20013350  TimerFlag                        
20011889  TimerIntClear                    
20011587  TimerIntDisable                  
20011695  TimerIntEnable                   
20010b7d  TimerLoadSet                     
20010bad  TimerPrescaleSet                 
20010f69  TimerSupport_timerDisable        
200106ed  TimerSupport_timerEnable         
20011899  Timer_Params_init                
200104f1  Timer_close                      
20012cc4  Timer_config                     
200129be  Timer_count                      
2000f28b  Timer_init                       
2000d94d  Timer_open                       
2001035d  Timer_start                      
200105b5  Timer_stop                       
200110b5  UART2Support_disableRx           
200119f5  UART2Support_disableTx           
2000e655  UART2Support_dmaStartRx          
2000e975  UART2Support_dmaStartTx          
2000fee9  UART2Support_dmaStopRx           
2000f8e9  UART2Support_dmaStopTx           
20011a01  UART2Support_enableTx            
20011ae1  UART2Support_powerRelConstraint  
20011163  UART2Support_sendData            
200118a9  UART2Support_txDone              
20011a0d  UART2_Params_init                
2000e56d  UART2_close                      
20012ccc  UART2_config                     
200129bf  UART2_count                      
20012b74  UART2_defaultParams              
2000d345  UART2_open                       
20010a55  UART2_rxDisable                  
20011935  UART2_write                      
200112a7  UART2_writeTimeout               
2000d689  UART2_writeTimeoutBlocking       
2000df55  UART2_writeTimeoutNonblocking    
200118b9  UARTBusy                         
200108e5  UARTCharPutNonBlocking           
2001159d  UARTCharsAvail                   
2000f3ed  UARTConfigSetExpClk              
200115b3  UARTDMADisable                   
200116a9  UARTDMAEnable                    
20010cc7  UARTDisable                      
200112c5  UARTEnable                       
200115c9  UARTFIFOLevelSet                 
200114a1  UARTFlowControlSet               
200118c9  UARTIntClear                     
200115df  UARTIntDisable                   
200116bd  UARTIntEnable                    
20010e27  UARTIntStatus                    
200118d9  UARTRxErrorGet                   
20010809  UDMACC32XX_close                 
20012cd4  UDMACC32XX_config                
200106b1  UDMACC32XX_init                  
2000f539  UDMACC32XX_open                  
20011abb  UtilsDelay                       
20004000  __STACK_END                      
00001000  __STACK_SIZE                     
00008000  __SYSMEM_SIZE                    
2001346c  __TI_CINIT_Base                  
2001347c  __TI_CINIT_Limit                 
2001347c  __TI_CINIT_Warm                  
20013458  __TI_Handler_Table_Base          
20013464  __TI_Handler_Table_Limit         
20010841  __TI_auto_init_nobinit_nopinit   
2000f6e7  __TI_decompress_lzss             
2001197b  __TI_decompress_none             
ffffffff  __TI_pprof_out_hndl              
2000c041  __TI_printfi_nofloat             
ffffffff  __TI_prof_data_size              
ffffffff  __TI_prof_data_start             
20013384  __TI_static_base__               
20011909  __TI_zero_init                   
20012620  __aeabi_ctype_table_             
20012620  __aeabi_ctype_table_C            
20010131  __aeabi_d2iz                     
2000e291  __aeabi_dmul                     
20013370  __aeabi_errno                    
20011ac5  __aeabi_errno_addr               
20010cf5  __aeabi_i2d                      
2000fb13  __aeabi_ldiv0                    
20011705  __aeabi_memclr                   
20011705  __aeabi_memclr4                  
20011705  __aeabi_memclr8                  
20011b19  __aeabi_memcpy                   
20011b19  __aeabi_memcpy4                  
20011b19  __aeabi_memcpy8                  
200116f9  __aeabi_memset                   
200116f9  __aeabi_memset4                  
200116f9  __aeabi_memset8                  
2001170d  __aeabi_uldivmod                 
ffffffff  __binit__                        
20010131  __fixdfsi                        
20010cf5  __floatsidf                      
UNDEFED   __mpu_init                       
2000e291  __muldf3                         
20003000  __stack                          
20004000  __start___llvm_prf_bits          
20004000  __start___llvm_prf_cnts          
20004000  __stop___llvm_prf_bits           
20004000  __stop___llvm_prf_cnts           
2000ea2d  __udivmoddi4                     
200110d9  _c_int00_noargs                  
20013374  _lock                            
2000fc1b  _nop                             
20004040  _sys_memory                      
UNDEFED   _system_post_cinit               
20011b0f  _system_pre_init                 
20013378  _unlock                          
20011b13  abort                            
2000de35  aligned_alloc                    
200100e9  atoi                             
ffffffff  binit                            
2000ffc7  clkFxn                           
20011185  compareTempToSetpoint            
2000e38d  free                             
20011a19  gpioButtonLeft                   
20011a25  gpioButtonRight                  
200123a0  gpioCallbackFunctions            
20013258  gpioPinConfigs                   
20012424  gpioUserArgs                     
20012604  i2c                              
20012c54  i2cCC32XXHWAttrs                 
200122a4  i2cCC32XXObjects                 
200125ac  i2cTransaction                   
2000d511  initI2C                          
200103e5  initTimer                        
20010d7d  initUART                         
20010a89  initVectors                      
20013354  leftButton                       
200118e9  main                             
2000e181  mainThread                       
20011acd  malloc                           
2000de35  memalign                         
200112e3  memccpy                          
2001252c  output                           
20013160  parkInfo                         
2000ed6d  readTemp                         
200113e9  resetISR                         
20013358  rightButton                      
20012610  rxBuffer                         
20010429  snprintf                         
20012608  timer0                           
20012c88  timerCC32XXHWAttrs               
200124a8  timerCC32XXObjects               
20011a3d  timerCallback                    
20012612  txBuffer                         
2000fdb5  uDMAChannelAssign                
2000efd7  uDMAChannelAttributeDisable      
200105f5  uDMAChannelControlSet            
20011301  uDMAChannelDisable               
2001131f  uDMAChannelEnable                
2001133d  uDMAChannelIsEnabled             
2000ff7d  uDMAChannelSizeGet               
2000e06f  uDMAChannelTransferSet           
200116d1  uDMAControlBaseSet               
20011951  uDMAEnable                       
2001195f  uDMAErrorStatusClear             
20011a49  uDMAErrorStatusGet               
200116e5  uDMAIntClear                     
2001260c  uart                             
20012000  uart2CC32XXObjects0              
20012cb0  udmaCC3220SHWAttrs               
200125f0  udmaCC3220SObject                
200118f9  wcslen                           


GLOBAL SYMBOLS: SORTED BY Symbol Address 

address   name                             
-------   ----                             
00001000  __STACK_SIZE                     
00008000  __SYSMEM_SIZE                    
20003000  __stack                          
20004000  __STACK_END                      
20004000  __start___llvm_prf_bits          
20004000  __start___llvm_prf_cnts          
20004000  __stop___llvm_prf_bits           
20004000  __stop___llvm_prf_cnts           
20004040  _sys_memory                      
2000c041  __TI_printfi_nofloat             
2000c885  PRCMCC3200MCUInit                
2000cd3d  Power_sleep                      
2000d343  Board_initHook                   
2000d345  UART2_open                       
2000d511  initI2C                          
2000d689  UART2_writeTimeoutBlocking       
2000d7fd  PowerCC32XX_sleepPolicy          
2000d94d  Timer_open                       
2000da95  GPIO_setConfig                   
2000dd0d  I2C_transferTimeout              
2000de33  I2C_init                         
2000de35  aligned_alloc                    
2000de35  memalign                         
2000df55  UART2_writeTimeoutNonblocking    
2000e06f  uDMAChannelTransferSet           
2000e181  mainThread                       
2000e291  __aeabi_dmul                     
2000e291  __muldf3                         
2000e38d  free                             
2000e485  I2C_open                         
2000e56d  UART2_close                      
2000e655  UART2Support_dmaStartRx          
2000e721  IntDisable                       
2000e7e9  IntEnable                        
2000e975  UART2Support_dmaStartTx          
2000ea2d  __udivmoddi4                     
2000eadd  GPIOIntTypeSet                   
2000eb89  IntPendSet                       
2000ec2d  PinConfigSet                     
2000ed6b  PowerCC32XX_initPolicy           
2000ed6d  readTemp                         
2000ee09  I2CMasterInitExpClk              
2000eea1  SemaphoreP_pend                  
2000ef39  HwiP_disable                     
2000ef41  PowerCC32XX_enterLPDS            
2000ef85  PowerCC32XX_resumeLPDS           
2000efd7  uDMAChannelAttributeDisable      
2000f069  GPIO_init                        
2000f0f9  PRCMSysResetCauseGet             
2000f187  SemaphoreP_destruct              
2000f189  PowerCC32XX_configureWakeup      
2000f28b  Timer_init                       
2000f28d  Power_init                       
2000f305  HwiP_construct                   
2000f379  PRCMHibernateWakeUpGPIOSelect    
2000f3ed  UARTConfigSetExpClk              
2000f461  PinLockLevelSet                  
2000f4cd  Power_setDependency              
2000f539  UDMACC32XX_open                  
2000f67d  PRCMPeripheralReset              
2000f6e7  __TI_decompress_lzss             
2000f7b9  IntPendClear                     
2000f889  GPIO_write                       
2000f8e9  UART2Support_dmaStopTx           
2000f949  FlashDisable                     
2000f9a5  I2CSupport_primeTransfer         
2000fa01  PRCMHibernateWakeupSourceDisable 
2000fa5d  TimerCC32XX_allocateTimerResource
2000fab9  PRCMPeripheralClkEnable          
2000fb13  __aeabi_ldiv0                    
2000fb15  ClockP_startup                   
2000fb6d  IntPrioritySet                   
2000fbc5  PRCMLPDSEnter                    
2000fc1b  _nop                             
2000fc1d  PowerCC32XX_setParkState         
2000fc71  Power_releaseDependency          
2000fcc5  GPIO_hwiIntFxn                   
2000fd15  PRCMHibernateWakeupSourceEnable  
2000fd65  SemaphoreP_construct             
2000fdb5  uDMAChannelAssign                
2000fe05  GPIO_setInterruptConfig          
2000fe51  PRCMLPDSRestoreInfoSet           
2000fee9  UART2Support_dmaStopRx           
2000ff7d  uDMAChannelSizeGet               
2000ffc7  clkFxn                           
2000ffc9  ClockP_sysTickHandler            
20010011  PRCMIntEnable                    
20010059  PRCMPeripheralStatusGet          
200100a1  PinConfigGet                     
200100e9  atoi                             
20010131  __aeabi_d2iz                     
20010131  __fixdfsi                        
200101bf  PRCMLPDSEnterKeepDebugIf         
20010205  RingBuf_put                      
2001024b  GPIODirModeSet                   
20010291  GPIO_disableInt                  
200102d5  GPIO_enableInt                   
20010319  Power_releaseConstraint          
2001035d  Timer_start                      
200103e5  initTimer                        
20010429  snprintf                         
2001046d  PinModeSet                       
200104af  TimerControlStall                
200104f1  Timer_close                      
20010575  SemaphoreP_post                  
200105b5  Timer_stop                       
200105f5  uDMAChannelControlSet            
20010635  PinDirModeSet                    
20010675  ClockP_stop                      
200106b1  UDMACC32XX_init                  
200106ed  TimerSupport_timerEnable         
20010729  ClockP_destruct                  
20010761  Power_setConstraint              
20010799  RingBuf_putAdvance               
200107d1  SwiP_restore                     
20010809  UDMACC32XX_close                 
20010841  __TI_auto_init_nobinit_nopinit   
20010879  PinLock                          
200108e5  UARTCharPutNonBlocking           
2001091d  ClockP_start                     
20010951  I2CFIFODataPutNonBlocking        
20010985  PinDirModeGet                    
200109b9  PinModeGet                       
200109ed  PowerCC32XX_parkPin              
20010a21  TimerCC32XX_freeTimerResource    
20010a55  UART2_rxDisable                  
20010a89  initVectors                      
20010abd  ClockP_getTicksUntilInterrupt    
20010aed  I2CFIFODataGetNonBlocking        
20010b1d  PRCMLPDSIntervalSet              
20010b4d  PRCMSlowClkCtrFastGet            
20010b7d  TimerLoadSet                     
20010bad  TimerPrescaleSet                 
20010c3d  GPIOIntStatus                    
20010c6b  RingBuf_getConsume               
20010c99  RingBuf_putPointer               
20010cc7  UARTDisable                      
20010cf5  __aeabi_i2d                      
20010cf5  __floatsidf                      
20010d23  I2CMasterIntStatusEx             
20010d7d  initUART                         
20010da9  HwiP_create                      
20010dd3  PRCMLPDSWakeUpGPIOSelect         
20010dfd  PRCMPeripheralClkDisable         
20010e27  UARTIntStatus                    
20010e51  I2CMasterBusBusy                 
20010e79  I2CMasterSlaveAddrSet            
20010ea1  I2CTxFIFOConfigSet               
20010ec9  I2C_cancel                       
20010ef1  List_remove                      
20010f19  PRCMSRAMRetentionEnable          
20010f41  PowerCC32XX_getParkState         
20010f69  TimerSupport_timerDisable        
20010fb9  I2CRxFIFOConfigSet               
20010fdd  IntUnregister                    
20011001  List_put                         
20011025  PRCMLPDSWakeupSourceEnable       
20011049  PowerCC32XX_restoreParkState     
2001106d  PowerCC32XX_restoreParkedPin     
20011091  Power_registerNotify             
200110b5  UART2Support_disableRx           
200110d9  _c_int00_noargs                  
200110fd  GPIOPinWrite                     
2001111f  PinUnlock                        
20011141  RingBuf_getPointer               
20011163  UART2Support_sendData            
20011185  compareTempToSetpoint            
200111a7  IntRegister                      
200111c7  PinTypeI2C                       
200111e9  PowerCC32XX_reset                
20011209  Power_unregisterNotify           
20011229  SemaphoreP_constructBinary       
20011249  SemaphoreP_createBinary          
20011269  TimerDisable                     
20011289  PinTypeUART                      
200112a7  UART2_writeTimeout               
200112c5  UARTEnable                       
200112e3  memccpy                          
20011301  uDMAChannelDisable               
2001131f  uDMAChannelEnable                
2001133d  uDMAChannelIsEnabled             
2001135d  GPIO_setCallback                 
20011379  HwiP_dispatch                    
20011395  SwiP_disable                     
200113e9  resetISR                         
20011405  GPIOIntDisable                   
2001141f  PRCMHIBRegRead                   
20011439  PRCMHIBRegWrite                  
20011453  PRCMLPDSWakeupSourceDisable      
2001146d  PinToPadGet                      
20011487  TimerEnable                      
200114a1  UARTFlowControlSet               
200114bb  GPIOIntEnable                    
200114d3  SemaphoreP_create                
20011503  Board_init                       
20011519  I2CMasterBurstLengthSet          
2001152f  I2CMasterIntDisableEx            
20011545  I2CRxFIFOFlush                   
2001155b  I2CTxFIFOFlush                   
20011571  SysTickPeriodSet                 
20011587  TimerIntDisable                  
2001159d  UARTCharsAvail                   
200115b3  UARTDMADisable                   
200115c9  UARTFIFOLevelSet                 
200115df  UARTIntDisable                   
200115f5  CPUcpsid                         
20011609  CPUcpsie                         
2001161d  HwiP_destruct                    
20011631  I2CMasterIntEnableEx             
20011645  IntVTableBaseSet                 
20011659  Power_disablePolicy              
2001166d  Power_getTransitionLatency       
20011681  Power_idleFunc                   
20011695  TimerIntEnable                   
200116a9  UARTDMAEnable                    
200116bd  UARTIntEnable                    
200116d1  uDMAControlBaseSet               
200116e5  uDMAIntClear                     
200116f9  __aeabi_memset                   
200116f9  __aeabi_memset4                  
200116f9  __aeabi_memset8                  
20011705  __aeabi_memclr                   
20011705  __aeabi_memclr4                  
20011705  __aeabi_memclr8                  
2001170d  __aeabi_uldivmod                 
20011721  ClockP_add                       
20011733  GPIOIntClear                     
20011745  HwiP_Params_init                 
20011757  HwiP_delete                      
20011769  I2CMasterDisable                 
2001177b  I2CMasterEnable                  
2001178d  I2C_transfer                     
2001179f  SysTickEnable                    
200117b1  SysTickIntDisable                
200117c3  SysTickIntEnable                 
200117e7  TI_memcpy_small                  
200117f9  ClockP_getCpuFreq                
20011809  ClockP_getSystemTicks            
20011819  ClockP_setTicks                  
20011829  HwiP_inISR                       
20011839  I2CMasterControl                 
20011849  I2CMasterIntClearEx              
20011859  I2CMasterTimeoutSet              
20011869  Power_enablePolicy               
20011879  RingBuf_construct                
20011889  TimerIntClear                    
20011899  Timer_Params_init                
200118a9  UART2Support_txDone              
200118b9  UARTBusy                         
200118c9  UARTIntClear                     
200118d9  UARTRxErrorGet                   
200118e9  main                             
200118f9  wcslen                           
20011909  __TI_zero_init                   
20011919  HwiP_interruptsEnabled           
20011927  I2CFIFOStatus                    
20011935  UART2_write                      
20011951  uDMAEnable                       
2001195f  uDMAErrorStatusClear             
2001196d  TI_memset_small                  
2001197b  __TI_decompress_none             
20011989  CPUwfi                           
200119a1  I2C_Params_init                  
200119d1  PRCMLPDSWakeupCauseGet           
200119dd  Power_getConstraintMask          
200119f5  UART2Support_disableTx           
20011a01  UART2Support_enableTx            
20011a0d  UART2_Params_init                
20011a19  gpioButtonLeft                   
20011a25  gpioButtonRight                  
20011a3d  timerCallback                    
20011a49  uDMAErrorStatusGet               
20011a55  CPUprimask                       
20011a5f  ClockP_isActive                  
20011a69  IntMasterDisable                 
20011a73  IntMasterEnable                  
20011a9b  HwiP_restore                     
20011aab  I2CSupport_controllerFinish      
20011ab3  PRCMSleepEnter                   
20011abb  UtilsDelay                       
20011ac5  __aeabi_errno_addr               
20011acd  malloc                           
20011ad5  I2CSupport_powerRelConstraint    
20011adb  I2CSupport_powerSetConstraint    
20011ae1  UART2Support_powerRelConstraint  
20011ae7  ClockP_doTick                    
20011aeb  HwiP_clearInterrupt              
20011aef  HwiP_disableInterrupt            
20011af3  HwiP_enable                      
20011af7  HwiP_enableInterrupt             
20011afb  HwiP_post                        
20011b03  NoRTOS_start                     
20011b07  RingBuf_getCount                 
20011b0b  SemaphoreP_delete                
20011b0f  _system_pre_init                 
20011b12  C$$EXIT                          
20011b13  abort                            
20011b19  __aeabi_memcpy                   
20011b19  __aeabi_memcpy4                  
20011b19  __aeabi_memcpy8                  
20012000  uart2CC32XXObjects0              
20012178  PowerCC32XX_contextSave          
200122a4  i2cCC32XXObjects                 
200123a0  gpioCallbackFunctions            
20012424  gpioUserArgs                     
200124a8  timerCC32XXObjects               
2001252c  output                           
200125ac  i2cTransaction                   
200125e0  ClockP_ctrl                      
200125f0  udmaCC3220SObject                
20012604  i2c                              
20012608  timer0                           
2001260c  uart                             
20012610  rxBuffer                         
20012612  txBuffer                         
20012620  __aeabi_ctype_table_             
20012620  __aeabi_ctype_table_C            
20012723  GPIO_pinUpperBound               
200129bd  I2C_count                        
200129be  Timer_count                      
200129bf  UART2_count                      
20012ad0  PowerCC32XX_config               
20012b74  UART2_defaultParams              
20012c54  i2cCC32XXHWAttrs                 
20012c68  GPIO_config                      
20012c88  timerCC32XXHWAttrs               
20012cb0  udmaCC3220SHWAttrs               
20012cbc  I2C_config                       
20012cc4  Timer_config                     
20012ccc  UART2_config                     
20012cd4  UDMACC32XX_config                
20012ff4  PowerCC32XX_module               
20013160  parkInfo                         
20013258  gpioPinConfigs                   
20013348  SemaphoreP_defaultParams         
20013350  TimerFlag                        
20013354  leftButton                       
20013358  rightButton                      
20013368  ClockP_tickPeriod                
2001336c  HwiP_swiPIntNum                  
20013370  __aeabi_errno                    
20013374  _lock                            
20013378  _unlock                          
20013384  __TI_static_base__               
20013458  __TI_Handler_Table_Base          
20013464  __TI_Handler_Table_Limit         
2001346c  __TI_CINIT_Base                  
2001347c  __TI_CINIT_Limit                 
2001347c  __TI_CINIT_Warm                  
ffffffff  __TI_pprof_out_hndl              
ffffffff  __TI_prof_data_size              
ffffffff  __TI_prof_data_start             
ffffffff  __binit__                        
ffffffff  binit                            
UNDEFED   ITM_flush                        
UNDEFED   ITM_restore                      
UNDEFED   __mpu_init                       
UNDEFED   _system_post_cinit               

[358 symbols]
